mysql> show databases;
+--------------------+
| Database           |
+--------------------+
| information_schema |
| dswork             |
| koha_library       |
| mysql              |
| performance_schema |
| sys                |
+--------------------+
6 rows in set (0.01 sec)

mysql> use dswork;
Database changed
mysql> \. pracTest3Tables_1.sql
Query OK, 0 rows affected, 1 warning (0.00 sec)

Query OK, 0 rows affected (0.04 sec)

Query OK, 0 rows affected, 1 warning (0.00 sec)

Query OK, 0 rows affected (0.04 sec)

Query OK, 0 rows affected, 1 warning (0.00 sec)

Query OK, 0 rows affected (0.04 sec)

Query OK, 0 rows affected, 1 warning (0.00 sec)

Query OK, 0 rows affected (0.03 sec)

mysql> \. pracTest3Values_1.sql
Query OK, 1 row affected (0.00 sec)

Query OK, 1 row affected (0.01 sec)

Query OK, 1 row affected (0.00 sec)

Query OK, 1 row affected (0.01 sec)

Query OK, 1 row affected (0.01 sec)

Query OK, 1 row affected (0.00 sec)

Query OK, 1 row affected (0.00 sec)

Query OK, 1 row affected (0.00 sec)

Query OK, 1 row affected (0.00 sec)

Query OK, 1 row affected (0.01 sec)

Query OK, 1 row affected (0.00 sec)

Query OK, 1 row affected (0.00 sec)

Query OK, 1 row affected (0.00 sec)

Query OK, 1 row affected (0.01 sec)

Query OK, 1 row affected (0.00 sec)

Query OK, 1 row affected (0.00 sec)

Query OK, 1 row affected (0.00 sec)

Query OK, 1 row affected (0.00 sec)

Query OK, 1 row affected (0.01 sec)

Query OK, 1 row affected (0.00 sec)

Query OK, 1 row affected (0.00 sec)

Query OK, 1 row affected (0.00 sec)

Query OK, 1 row affected (0.01 sec)

Query OK, 1 row affected (0.00 sec)

Query OK, 1 row affected (0.00 sec)

Query OK, 1 row affected (0.00 sec)

Query OK, 1 row affected (0.00 sec)

Query OK, 1 row affected (0.01 sec)

Query OK, 1 row affected (0.00 sec)

Query OK, 1 row affected (0.01 sec)

Query OK, 1 row affected (0.00 sec)

Query OK, 1 row affected (0.00 sec)

Query OK, 1 row affected (0.00 sec)

Query OK, 1 row affected (0.00 sec)

Query OK, 1 row affected (0.00 sec)

Query OK, 1 row affected (0.01 sec)

Query OK, 1 row affected (0.00 sec)

Query OK, 1 row affected (0.00 sec)

Query OK, 1 row affected (0.01 sec)

Query OK, 1 row affected (0.00 sec)

Query OK, 1 row affected (0.00 sec)

Query OK, 1 row affected (0.00 sec)

Query OK, 1 row affected (0.00 sec)

Query OK, 1 row affected (0.00 sec)

Query OK, 1 row affected (0.00 sec)

Query OK, 1 row affected (0.01 sec)

Query OK, 1 row affected (0.00 sec)

Query OK, 1 row affected (0.00 sec)

mysql> SHOW TABLES;
+------------------+
| Tables_in_dswork |
+------------------+
| Activity         |
| CommWork         |
| Faculty          |
| Student          |
+------------------+
4 rows in set (0.00 sec)

mysql> DESC Faculty;
+-------------+-------------+------+-----+---------+-------+
| Field       | Type        | Null | Key | Default | Extra |
+-------------+-------------+------+-----+---------+-------+
| facultyCode | char(3)     | NO   | PRI | NULL    |       |
| facultyName | varchar(36) | NO   |     | NULL    |       |
+-------------+-------------+------+-----+---------+-------+
2 rows in set (0.00 sec)

mysql> DESC Students;
ERROR 1146 (42S02): Table 'dswork.Students' doesn't exist
mysql> DESC Activity;
+--------------+--------------+------+-----+---------+-------+
| Field        | Type         | Null | Key | Default | Extra |
+--------------+--------------+------+-----+---------+-------+
| activityNo   | char(6)      | NO   | PRI | NULL    |       |
| activityName | varchar(24)  | NO   |     | NULL    |       |
| facultyCode  | char(3)      | NO   | MUL | NULL    |       |
| leader       | char(6)      | NO   | MUL | NULL    |       |
| estCost      | decimal(8,2) | YES  |     | NULL    |       |
| travelCost   | decimal(8,2) | YES  |     | NULL    |       |
| duration     | smallint(6)  | YES  |     | NULL    |       |
+--------------+--------------+------+-----+---------+-------+
7 rows in set (0.00 sec)

mysql> DESC CommWork;SHOW tables;
+------------+-------------+------+-----+---------+-------+
| Field      | Type        | Null | Key | Default | Extra |
+------------+-------------+------+-----+---------+-------+
| stuNo      | char(6)     | NO   | PRI | NULL    |       |
| activityNo | char(6)     | NO   | PRI | NULL    |       |
| hours      | smallint(6) | YES  |     | NULL    |       |
+------------+-------------+------+-----+---------+-------+
3 rows in set (0.00 sec)

+------------------+
| Tables_in_dswork |
+------------------+
| Activity         |
| CommWork         |
| Faculty          |
| Student          |
+------------------+
4 rows in set (0.00 sec)

mysql> DESC Faculty;
+-------------+-------------+------+-----+---------+-------+
| Field       | Type        | Null | Key | Default | Extra |
+-------------+-------------+------+-----+---------+-------+
| facultyCode | char(3)     | NO   | PRI | NULL    |       |
| facultyName | varchar(36) | NO   |     | NULL    |       |
+-------------+-------------+------+-----+---------+-------+
2 rows in set (0.00 sec)

mysql> DESC Student;
+-------------+-------------+------+-----+---------+-------+
| Field       | Type        | Null | Key | Default | Extra |
+-------------+-------------+------+-----+---------+-------+
| stuNo       | char(6)     | NO   | PRI | NULL    |       |
| firstName   | varchar(12) | YES  |     | NULL    |       |
| lastName    | varchar(15) | YES  |     | NULL    |       |
| facultyCode | char(3)     | YES  | MUL | NULL    |       |
| regDate     | date        | YES  |     | NULL    |       |
| commRate    | char(4)     | YES  |     | NULL    |       |
+-------------+-------------+------+-----+---------+-------+
6 rows in set (0.00 sec)

mysql> DESC Activity;
+--------------+--------------+------+-----+---------+-------+
| Field        | Type         | Null | Key | Default | Extra |
+--------------+--------------+------+-----+---------+-------+
| activityNo   | char(6)      | NO   | PRI | NULL    |       |
| activityName | varchar(24)  | NO   |     | NULL    |       |
| facultyCode  | char(3)      | NO   | MUL | NULL    |       |
| leader       | char(6)      | NO   | MUL | NULL    |       |
| estCost      | decimal(8,2) | YES  |     | NULL    |       |
| travelCost   | decimal(8,2) | YES  |     | NULL    |       |
| duration     | smallint(6)  | YES  |     | NULL    |       |
+--------------+--------------+------+-----+---------+-------+
7 rows in set (0.00 sec)

mysql> DESC CommWork;
+------------+-------------+------+-----+---------+-------+
| Field      | Type        | Null | Key | Default | Extra |
+------------+-------------+------+-----+---------+-------+
| stuNo      | char(6)     | NO   | PRI | NULL    |       |
| activityNo | char(6)     | NO   | PRI | NULL    |       |
| hours      | smallint(6) | YES  |     | NULL    |       |
+------------+-------------+------+-----+---------+-------+
3 rows in set (0.00 sec)

mysql> pager less -SFX
PAGER set to 'less -SFX'
mysql> SELECT s.firstName, s.lastName, a.activityNo, a.activityName
    -> FROM Student as 's' 
    -> INNER JOIN Activity as 'a' 
    -> ON s.stuNo = a.leader;
ERROR 1064 (42000): You have an error in your SQL syntax; check the manual that corresponds to your MySQL server version for the right syntax to use near ''s' 
INNER JOIN Activity as 'a' 
ON s.stuNo = a.leader' at line 2
mysql> SELECT s.firstName, s.lastName, a.activityNo, a.activityName
    -> FROM Student as s
    -> INNER JOIN Activity as a 
    -> ON s.stuNo = a.leader;
+-----------+----------+------------+----------------------+
| firstName | lastName | activityNo | activityName         |
+-----------+----------+------------+----------------------+
| Eva       | Pulaski  | CO3100     | Science for kids     |
| Sally     | Kwan     | CO3101     | Daffodil day 2020    |
| Heather   | Nicholls | CO3102     | Sci Fic with Schools |
| Bruce     | Adamson  | CO3103     | Games Night -Sem1    |
| Aati      | Awang    | CO3104     | Daffodil day 2021    |
| Diya      | Chauhan  | CO3105     | Tax Clinic           |
| Adrian    | Silva    | CO3106     | Eating Healthy       |
+-----------+----------+------------+----------------------+
7 rows in set (0.00 sec)

mysql> SELECT f.facultyCode, f.facultyName, a.activityNo, a.activityName
    -> FROM Faculty as f
    -> NATURAL JOIN Activity as a 
    -> ON facultyCode;
ERROR 1064 (42000): You have an error in your SQL syntax; check the manual that corresponds to your MySQL server version for the right syntax to use near 'ON facultyCode' at line 4
mysql> SELECT f.facultyCode, f.facultyName, a.activityNo, a.activityName
    -> FROM Faculty as f
    -> NATURAL JOIN Activity as a;
+-------------+------------------------------------+------------+----------------------+
| facultyCode | facultyName                        | activityNo | activityName         |
+-------------+------------------------------------+------------+----------------------+
| A01         | Faculty of Science and Engineering | CO3100     | Science for kids     |
| A01         | Faculty of Science and Engineering | CO3102     | Sci Fic with Schools |
| A01         | Faculty of Science and Engineering | CO3103     | Games Night -Sem1    |
| A02         | Faculty of Humanities              | CO3101     | Daffodil day 2020    |
| A02         | Faculty of Humanities              | CO3104     | Daffodil day 2021    |
| A03         | Faculty of Health Sceiences        | CO3106     | Eating Healthy       |
| A05         | Faculty of Law                     | CO3105     | Tax Clinic           |
+-------------+------------------------------------+------------+----------------------+
7 rows in set (0.00 sec)

mysql> select 8 from select * from Commwork;
ERROR 1064 (42000): You have an error in your SQL syntax; check the manual that corresponds to your MySQL server version for the right syntax to use near 'select * from Commwork' at line 1
mysql> select 8 from select * from CommWork;
ERROR 1064 (42000): You have an error in your SQL syntax; check the manual that corresponds to your MySQL server version for the right syntax to use near 'select * from CommWork' at line 1
mysql> select * from CommWork;
+--------+------------+-------+
| stuNo  | activityNo | hours |
+--------+------------+-------+
| 000012 | CO3100     |     3 |
| 000012 | CO3101     |     2 |
| 000012 | CO3104     |     1 |
| 000014 | CO3102     |     1 |
| 000015 | CO3100     |     1 |
| 000015 | CO3102     |     1 |
| 000015 | CO3103     |     1 |
| 000016 | CO3104     |     2 |
| 000018 | CO3106     |     3 |
| 000019 | CO3105     |     1 |
| 000021 | CO3101     |     3 |
| 000023 | CO3106     |     3 |
| 000025 | CO3100     |     1 |
| 000026 | CO3105     |     2 |
| 000027 | CO3102     |     1 |
| 000028 | CO3106     |     2 |
+--------+------------+-------+
16 rows in set (0.00 sec)

mysql> SELECT stuNo, firstName, lastName, commRate
    -> FROM Student as s
    -> GROUP BY commRate
    -> HAVING commRate >  4;
ERROR 1055 (42000): Expression #1 of SELECT list is not in GROUP BY clause and contains nonaggregated column 'dswork.s.stuNo' which is not functionally dependent on columns in GROUP BY clause; this is incompatible with sql_mode=only_full_group_by
mysql> SELECT stuNo, firstName, lastName, commRate
    -> FROM Student
    -> GROUP BY commRate
    -> HAVING commRate >  4;
ERROR 1055 (42000): Expression #1 of SELECT list is not in GROUP BY clause and contains nonaggregated column 'dswork.Student.stuNo' which is not functionally dependent on columns in GROUP BY clause; this is incompatible with sql_mode=only_full_group_by
mysql> SELECT stuNo, firstName, lastName, commRate
    -> FROM Student
    -> GROUP BY 1, 2, 3, 4
    -> HAVING commRate >  4;
+--------+-----------+-----------+----------+
| stuNo  | firstName | lastName  | commRate |
+--------+-----------+-----------+----------+
| 000010 | Christine | Haas      | 6        |
| 000012 | Eva       | Pulaski   | 6        |
| 000013 | Vincenzo  | Lucchesi  | 9        |
| 000019 | Diya      | Chauhan   | 7        |
| 000021 | Sally     | Kwan      | 7        |
| 000022 | Masatoshi | Yoshimura | 5        |
| 000024 | Salvatore | Marino    | 5        |
| 000025 | Ethel     | Schneider | 8        |
| 000026 | Daniel    | Smith     | 8        |
| 000027 | John      | Parker    | 8        |
| 000028 | Wing      | Lee       | 8        |
| 000029 | Irving    | Stern     | 8        |
+--------+-----------+-----------+----------+
12 rows in set (0.00 sec)

mysql> SELECT a.estCost, AVG(a.estCost) AS "avgCost", COUNT(*)
    -> FROM Activity as a 
    -> GROUP BY a.estCost
    -> ORDER BY a.estCost DESC;
+----------+--------------+----------+
| estCost  | avgCost      | COUNT(*) |
+----------+--------------+----------+
| 10000.00 | 10000.000000 |        1 |
|  8000.00 |  8000.000000 |        1 |
|  5000.00 |  5000.000000 |        1 |
|  1200.00 |  1200.000000 |        1 |
|   600.00 |   600.000000 |        1 |
|   500.00 |   500.000000 |        2 |
+----------+--------------+----------+
6 rows in set (0.00 sec)

mysql> SELECT f.facultyName, a.estCost, AVG(a.estCost) AS "avgCost", COUNT(*)
    -> FROM Activity as a 
    -> GROUP BY a.estCost
    -> NATURAL JOIN Faculty AS f
    -> ORDER BY a.estCost DESC;
ERROR 1064 (42000): You have an error in your SQL syntax; check the manual that corresponds to your MySQL server version for the right syntax to use near 'NATURAL JOIN Faculty AS f
ORDER BY a.estCost DESC' at line 4
mysql> SELECT f.facultyName, a.estCost, AVG(a.estCost) AS "avgCost", COUNT(*)
    -> FROM Activity as a 
    -> GROUP BY a.estCost
    -> NATURAL JOIN Faculty AS f;
ERROR 1064 (42000): You have an error in your SQL syntax; check the manual that corresponds to your MySQL server version for the right syntax to use near 'NATURAL JOIN Faculty AS f' at line 4
mysql> SELECT f.facultyName, a.estCost, AVG(a.estCost) AS "avgCost", COUNT(*)
    -> FROM Activity as a 
    -> GROUP BY 1, 2, 3
    -> NATURAL JOIN Faculty AS f
    -> ORDER BY a.estCost DESC;
ERROR 1064 (42000): You have an error in your SQL syntax; check the manual that corresponds to your MySQL server version for the right syntax to use near 'NATURAL JOIN Faculty AS f
ORDER BY a.estCost DESC' at line 4
mysql> SELECT f.facultyName, a.estCost, AVG(a.estCost) AS "avgCost", COUNT(*)
    -> FROM Activity as a
    -> NATURAL JOIN Faculty as f
    -> GROUP BY 1, 2, 3
    -> ORDER BY a.estCost DESC;
ERROR 1056 (42000): Can't group on 'avgCost'
mysql> SELECT f.facultyName, a.estCost, AVG(a.estCost) AS "avgCost", COUNT(*)
    -> FROM Activity as a
    -> NATURAL JOIN Faculty as f
    -> GROUP BY 1, 2
    -> ORDER BY a.estCost DESC;
+------------------------------------+----------+--------------+----------+
| facultyName                        | estCost  | avgCost      | COUNT(*) |
+------------------------------------+----------+--------------+----------+
| Faculty of Science and Engineering | 10000.00 | 10000.000000 |        1 |
| Faculty of Health Sceiences        |  8000.00 |  8000.000000 |        1 |
| Faculty of Science and Engineering |  5000.00 |  5000.000000 |        1 |
| Faculty of Law                     |  1200.00 |  1200.000000 |        1 |
| Faculty of Humanities              |   600.00 |   600.000000 |        1 |
| Faculty of Science and Engineering |   500.00 |   500.000000 |        1 |
| Faculty of Humanities              |   500.00 |   500.000000 |        1 |
+------------------------------------+----------+--------------+----------+
7 rows in set (0.00 sec)

mysql> SELECT f.facultyName, a.estCost, AVG(a.travelCost) AS "avgCost", COUNT(*)
    -> FROM Activity as a
    -> NATURAL JOIN Faculty as f
    -> GROUP BY 1, 2
    -> ORDER BY a.travelCost DESC;
ERROR 1055 (42000): Expression #1 of ORDER BY clause is not in GROUP BY clause and contains nonaggregated column 'dswork.a.travelCost' which is not functionally dependent on columns in GROUP BY clause; this is incompatible with sql_mode=only_full_group_by
mysql> SELECT f.facultyName, a.estCost, AVG(a.travelCost) AS "avgCost", COUNT(*)
    -> FROM Activity as a
    -> NATURAL JOIN Faculty as f
    -> GROUP BY 1, 2, 3
    -> ORDER BY a.travelCost DESC;
ERROR 1056 (42000): Can't group on 'avgCost'
mysql> SELECT f.facultyName, a.estCost, AVG(a.travelCost) AS "avgCost", COUNT(*)
    -> FROM Activity as a
    -> NATURAL JOIN Faculty as f
    -> GROUP BY 1, 2
    -> ORDER BY a.travelCost DESC;
ERROR 1055 (42000): Expression #1 of ORDER BY clause is not in GROUP BY clause and contains nonaggregated column 'dswork.a.travelCost' which is not functionally dependent on columns in GROUP BY clause; this is incompatible with sql_mode=only_full_group_by
mysql> SELECT f.facultyName, a.estCost, AVG(a.travelCost) AS "avgCost", COUNT(*)
    -> FROM Activity as a
    -> NATURAL JOIN Faculty as f
    -> GROUP BY 1, 2
    -> ORDER BY avgCost DESC;
+------------------------------------+----------+-------------+----------+
| facultyName                        | estCost  | avgCost     | COUNT(*) |
+------------------------------------+----------+-------------+----------+
| Faculty of Science and Engineering |  5000.00 | 1000.000000 |        1 |
| Faculty of Health Sceiences        |  8000.00 |  200.000000 |        1 |
| Faculty of Humanities              |   500.00 |  100.000000 |        1 |
| Faculty of Science and Engineering |   500.00 |        NULL |        1 |
| Faculty of Law                     |  1200.00 |        NULL |        1 |
| Faculty of Science and Engineering | 10000.00 |        NULL |        1 |
| Faculty of Humanities              |   600.00 |        NULL |        1 |
+------------------------------------+----------+-------------+----------+
7 rows in set (0.00 sec)

mysql> SELECT f.facultyName, a.estCost, AVG(a.travelCost) AS "avgCost"
    -> FROM Activity as a
    -> NATURAL JOIN Faculty as f
    -> GROUP BY 1, 2
    -> ORDER BY avgCost DESC;
+------------------------------------+----------+-------------+
| facultyName                        | estCost  | avgCost     |
+------------------------------------+----------+-------------+
| Faculty of Science and Engineering |  5000.00 | 1000.000000 |
| Faculty of Health Sceiences        |  8000.00 |  200.000000 |
| Faculty of Humanities              |   500.00 |  100.000000 |
| Faculty of Science and Engineering |   500.00 |        NULL |
| Faculty of Law                     |  1200.00 |        NULL |
| Faculty of Science and Engineering | 10000.00 |        NULL |
| Faculty of Humanities              |   600.00 |        NULL |
+------------------------------------+----------+-------------+
7 rows in set (0.00 sec)

mysql> 
mysql> SELECT s.stuNo, s.firstName, s.lastName, c.hours as "TotalHrs"
    -> FROM Student as s
    -> LEFT OUTER JOIN CommWork as c
    -> ON s.stuNo = c.stuNo;
+--------+-----------+-----------+----------+
| stuNo  | firstName | lastName  | TotalHrs |
+--------+-----------+-----------+----------+
| 000010 | Christine | Haas      |     NULL |
| 000011 | John      | Geyer     |     NULL |
| 000012 | Eva       | Pulaski   |        3 |
| 000012 | Eva       | Pulaski   |        2 |
| 000012 | Eva       | Pulaski   |        1 |
| 000013 | Vincenzo  | Lucchesi  |     NULL |
| 000014 | Heather   | Nicholls  |        1 |
| 000015 | Bruce     | Adamson   |        1 |
| 000015 | Bruce     | Adamson   |        1 |
| 000015 | Bruce     | Adamson   |        1 |
| 000016 | Aati      | Awang     |        2 |
| 000017 | Ruchira   | Patel     |     NULL |
| 000018 | Adrian    | Silva     |        3 |
| 000019 | Diya      | Chauhan   |        1 |
| 000020 | Apurva    | Banerjee  |     NULL |
| 000021 | Sally     | Kwan      |        3 |
| 000022 | Masatoshi | Yoshimura |     NULL |
| 000023 | David     | Brown     |        3 |
| 000024 | Salvatore | Marino    |     NULL |
| 000025 | Ethel     | Schneider |        1 |
| 000026 | Daniel    | Smith     |        2 |
| 000027 | John      | Parker    |        1 |
| 000028 | Wing      | Lee       |        2 |
| 000029 | Irving    | Stern     |     NULL |
+--------+-----------+-----------+----------+
24 rows in set (0.00 sec)

mysql> SELECT s.stuNo as "Student ID", s.firstName, s.lastName, c.hours as "TotalHrs"
    -> FROM Student as s
    -> LEFT OUTER JOIN CommWork as c
    -> ON s.stuNo = c.stuNo;
+------------+-----------+-----------+----------+
| Student ID | firstName | lastName  | TotalHrs |
+------------+-----------+-----------+----------+
| 000010     | Christine | Haas      |     NULL |
| 000011     | John      | Geyer     |     NULL |
| 000012     | Eva       | Pulaski   |        3 |
| 000012     | Eva       | Pulaski   |        2 |
| 000012     | Eva       | Pulaski   |        1 |
| 000013     | Vincenzo  | Lucchesi  |     NULL |
| 000014     | Heather   | Nicholls  |        1 |
| 000015     | Bruce     | Adamson   |        1 |
| 000015     | Bruce     | Adamson   |        1 |
| 000015     | Bruce     | Adamson   |        1 |
| 000016     | Aati      | Awang     |        2 |
| 000017     | Ruchira   | Patel     |     NULL |
| 000018     | Adrian    | Silva     |        3 |
| 000019     | Diya      | Chauhan   |        1 |
| 000020     | Apurva    | Banerjee  |     NULL |
| 000021     | Sally     | Kwan      |        3 |
| 000022     | Masatoshi | Yoshimura |     NULL |
| 000023     | David     | Brown     |        3 |
| 000024     | Salvatore | Marino    |     NULL |
| 000025     | Ethel     | Schneider |        1 |
| 000026     | Daniel    | Smith     |        2 |
| 000027     | John      | Parker    |        1 |
| 000028     | Wing      | Lee       |        2 |
| 000029     | Irving    | Stern     |     NULL |
+------------+-----------+-----------+----------+
24 rows in set (0.00 sec)

mysql> SELECT f.facultyName, a.estCost, AVG(a.travelCost) AS "avgCost"
    -> FROM Activity as a
    -> NATURAL JOIN Faculty as f
    -> GROUP BY 1, 2
    -> ORDER BY avgCost DESC;
+------------------------------------+----------+-------------+
| facultyName                        | estCost  | avgCost     |
+------------------------------------+----------+-------------+
| Faculty of Science and Engineering |  5000.00 | 1000.000000 |
| Faculty of Health Sceiences        |  8000.00 |  200.000000 |
| Faculty of Humanities              |   500.00 |  100.000000 |
| Faculty of Science and Engineering |   500.00 |        NULL |
| Faculty of Law                     |  1200.00 |        NULL |
| Faculty of Science and Engineering | 10000.00 |        NULL |
| Faculty of Humanities              |   600.00 |        NULL |
+------------------------------------+----------+-------------+
7 rows in set (0.00 sec)

mysql> SELECT f.facultyName, a.estCost, AVG(a.travelCost) AS "avgCost"
    -> FROM Activity as a
    -> NATURAL JOIN Faculty as f
    -> GROUP BY 1
    -> ORDER BY avgCost DESC;
ERROR 1055 (42000): Expression #2 of SELECT list is not in GROUP BY clause and contains nonaggregated column 'dswork.a.estCost' which is not functionally dependent on columns in GROUP BY clause; this is incompatible with sql_mode=only_full_group_by
mysql> SELECT stuNo, firstName, lastName, commRate
    -> FROM Student
    -> GROUP BY 1, 2, 3, 4
    -> HAVING commRate >  commRate AND firstName LIKE "Heather" AND lastName LIKE "Nichols";
Empty set (0.00 sec)

mysql> SELECT stuNo, firstName, lastName, commRate
    -> FROM Student
    -> GROUP BY 1, 2, 3, 4
    -> HAVING commRate >  commRate AND firstName LIKE "Heather" AND lastName LIKE "Nicholls";
Empty set (0.00 sec)

mysql> SELECT f.facultyName, a.estCost, AVG(a.travelCost) AS "avgCost"
    -> FROM Activity as a
    -> NATURAL JOIN Faculty as f
    -> GROUP BY 1, 2
    -> ORDER BY avgCost DESC;
+------------------------------------+----------+-------------+
| facultyName                        | estCost  | avgCost     |
+------------------------------------+----------+-------------+
| Faculty of Science and Engineering |  5000.00 | 1000.000000 |
| Faculty of Health Sceiences        |  8000.00 |  200.000000 |
| Faculty of Humanities              |   500.00 |  100.000000 |
| Faculty of Science and Engineering |   500.00 |        NULL |
| Faculty of Law                     |  1200.00 |        NULL |
| Faculty of Science and Engineering | 10000.00 |        NULL |
| Faculty of Humanities              |   600.00 |        NULL |
+------------------------------------+----------+-------------+
7 rows in set (0.00 sec)

mysql> SELECT f.facultyName, sum(a.estCost), AVG(a.travelCost) AS "avgCost"
    -> FROM Activity as a
    -> NATURAL JOIN Faculty as f
    -> GROUP BY 1, 2
    -> ORDER BY avgCost DESC;
ERROR 1056 (42000): Can't group on 'sum(a.estCost)'
mysql> SELECT f.facultyName, sum(a.estCost), AVG(a.travelCost) AS "avgCost"
    -> FROM Activity as a
    -> NATURAL JOIN Faculty as f
    -> GROUP BY 1
    -> ORDER BY avgCost DESC;
+------------------------------------+----------------+-------------+
| facultyName                        | sum(a.estCost) | avgCost     |
+------------------------------------+----------------+-------------+
| Faculty of Science and Engineering |       15500.00 | 1000.000000 |
| Faculty of Health Sceiences        |        8000.00 |  200.000000 |
| Faculty of Humanities              |        1100.00 |  100.000000 |
| Faculty of Law                     |        1200.00 |        NULL |
+------------------------------------+----------------+-------------+
4 rows in set (0.00 sec)

mysql> SELECT f.facultyName, sum(a.estCost), AVG(a.estCost) AS "avgCost"
    -> FROM Activity as a
    -> NATURAL JOIN Faculty as f
    -> GROUP BY f.facultyName
    -> ORDER BY avgCost DESC;
+------------------------------------+----------------+-------------+
| facultyName                        | sum(a.estCost) | avgCost     |
+------------------------------------+----------------+-------------+
| Faculty of Health Sceiences        |        8000.00 | 8000.000000 |
| Faculty of Science and Engineering |       15500.00 | 5166.666667 |
| Faculty of Law                     |        1200.00 | 1200.000000 |
| Faculty of Humanities              |        1100.00 |  550.000000 |
+------------------------------------+----------------+-------------+
4 rows in set (0.00 sec)

mysql> SELECT s1.stuNo, s1.firstName, s1.lastName, s1.commRate
    -> FROM Student s1, Student s2 
    -> GROUP BY 1, 2, 3, 4
    -> HAVING s1.commRate >  s2.commRate AND s2.firstName LIKE "Heather" AND s2.lastName LIKE "Nicholls";
ERROR 1054 (42S22): Unknown column 's2.commRate' in 'having clause'
mysql> SELECT s1.stuNo, s1.firstName, s1.lastName, s1.commRate, s2.commRate 
    -> FROM Student s1, Student s2 
    -> GROUP BY 1, 2, 3, 4
    -> HAVING s1.commRate >  s2.commRate AND s2.firstName LIKE "Heather" AND s2.lastName LIKE "Nicholls";
ERROR 1054 (42S22): Unknown column 's2.firstName' in 'having clause'
mysql> SELECT s1.stuNo, s1.firstName, s1.lastName, s1.commRate, s2.commRate, s2.lastName, s2.commRate 
    -> FROM Student s1, Student s2 
    -> GROUP BY 1, 2, 3, 4
    -> HAVING s1.commRate >  s2.commRate AND s2.firstName LIKE "Heather" AND s2.lastName LIKE "Nicholls";
ERROR 1054 (42S22): Unknown column 's2.firstName' in 'having clause'
mysql> SELECT s1.stuNo, s1.firstName, s1.lastName, s1.commRate, s2.stuNo, s2.firstName, s2.lastName, s2.commRate
    -> FROM Student s1 JOIN Student s2 ON s1.commRate>s2.commRate
    -> GROUP BY 1, 2, 3, 4
    -> HAVING s2.firstName LIKE "Heather" AND s2.lastName LIKE "Nicholls";
ERROR 1055 (42000): Expression #5 of SELECT list is not in GROUP BY clause and contains nonaggregated column 'dswork.s2.stuNo' which is not functionally dependent on columns in GROUP BY clause; this is incompatible with sql_mode=only_full_group_by
mysql> SELECT s1.stuNo, s1.firstName, s1.lastName, s1.commRate
    -> FROM Student s1 JOIN Student s2 ON s1.commRate>s2.commRate
    -> GROUP BY 1, 2, 3, 4
    -> HAVING s2.firstName LIKE "Heather" AND s2.lastName LIKE "Nicholls";
ERROR 1054 (42S22): Unknown column 's2.firstName' in 'having clause'
mysql> SELECT s1.stuNo, s1.firstName, s1.lastName, s1.commRate
    -> FROM Student s1 JOIN Student s2 ON s1.commRate>s2.commRate
    -> WHERE s2.firstName LIKE "Heather" AND s2.lastName LIKE "Nicholls";
+--------+-----------+-----------+----------+
| stuNo  | firstName | lastName  | commRate |
+--------+-----------+-----------+----------+
| 000010 | Christine | Haas      | 6        |
| 000012 | Eva       | Pulaski   | 6        |
| 000013 | Vincenzo  | Lucchesi  | 9        |
| 000019 | Diya      | Chauhan   | 7        |
| 000021 | Sally     | Kwan      | 7        |
| 000022 | Masatoshi | Yoshimura | 5        |
| 000024 | Salvatore | Marino    | 5        |
| 000025 | Ethel     | Schneider | 8        |
| 000026 | Daniel    | Smith     | 8        |
| 000027 | John      | Parker    | 8        |
| 000028 | Wing      | Lee       | 8        |
| 000029 | Irving    | Stern     | 8        |
+--------+-----------+-----------+----------+
12 rows in set (0.00 sec)

mysql> SELECT stuNo, firstName, lastName, commRate
    -> FROM Student
    -> GROUP BY 1, 2, 3, 4
    -> HAVING commRate >  4;
+--------+-----------+-----------+----------+
| stuNo  | firstName | lastName  | commRate |
+--------+-----------+-----------+----------+
| 000010 | Christine | Haas      | 6        |
| 000012 | Eva       | Pulaski   | 6        |
| 000013 | Vincenzo  | Lucchesi  | 9        |
| 000019 | Diya      | Chauhan   | 7        |
| 000021 | Sally     | Kwan      | 7        |
| 000022 | Masatoshi | Yoshimura | 5        |
| 000024 | Salvatore | Marino    | 5        |
| 000025 | Ethel     | Schneider | 8        |
| 000026 | Daniel    | Smith     | 8        |
| 000027 | John      | Parker    | 8        |
| 000028 | Wing      | Lee       | 8        |
| 000029 | Irving    | Stern     | 8        |
+--------+-----------+-----------+----------+
12 rows in set (0.00 sec)

mysql> SELECT s.stuNo as "Student ID", s.firstName, s.lastName, c.hours as "TotalHrs"
    -> FROM Student as s
    -> LEFT OUTER JOIN CommWork as c
    -> ON s.stuNo = c.stuNo;
+------------+-----------+-----------+----------+
| Student ID | firstName | lastName  | TotalHrs |
+------------+-----------+-----------+----------+
| 000010     | Christine | Haas      |     NULL |
| 000011     | John      | Geyer     |     NULL |
| 000012     | Eva       | Pulaski   |        3 |
| 000012     | Eva       | Pulaski   |        2 |
| 000012     | Eva       | Pulaski   |        1 |
| 000013     | Vincenzo  | Lucchesi  |     NULL |
| 000014     | Heather   | Nicholls  |        1 |
| 000015     | Bruce     | Adamson   |        1 |
| 000015     | Bruce     | Adamson   |        1 |
| 000015     | Bruce     | Adamson   |        1 |
| 000016     | Aati      | Awang     |        2 |
| 000017     | Ruchira   | Patel     |     NULL |
| 000018     | Adrian    | Silva     |        3 |
| 000019     | Diya      | Chauhan   |        1 |
| 000020     | Apurva    | Banerjee  |     NULL |
| 000021     | Sally     | Kwan      |        3 |
| 000022     | Masatoshi | Yoshimura |     NULL |
| 000023     | David     | Brown     |        3 |
| 000024     | Salvatore | Marino    |     NULL |
| 000025     | Ethel     | Schneider |        1 |
| 000026     | Daniel    | Smith     |        2 |
| 000027     | John      | Parker    |        1 |
| 000028     | Wing      | Lee       |        2 |
| 000029     | Irving    | Stern     |     NULL |
+------------+-----------+-----------+----------+
24 rows in set (0.00 sec)

mysql> SELECT s.stuNo as "Student ID", s.firstName, s.lastName, sum(c.hours) as "TotalHrs"
    -> FROM Student as s
    -> LEFT OUTER JOIN CommWork as c
    -> ON s.stuNo = c.stuNo;
ERROR 1140 (42000): In aggregated query without GROUP BY, expression #1 of SELECT list contains nonaggregated column 'dswork.s.stuNo'; this is incompatible with sql_mode=only_full_group_by
mysql> SELECT s.stuNo as "Student ID", s.firstName, s.lastName, c.hours as "TotalHrs"
    -> FROM Student as s
    -> LEFT OUTER JOIN CommWork as c
    -> ON s.stuNo = c.stuNo;
+------------+-----------+-----------+----------+
| Student ID | firstName | lastName  | TotalHrs |
+------------+-----------+-----------+----------+
| 000010     | Christine | Haas      |     NULL |
| 000011     | John      | Geyer     |     NULL |
| 000012     | Eva       | Pulaski   |        3 |
| 000012     | Eva       | Pulaski   |        2 |
| 000012     | Eva       | Pulaski   |        1 |
| 000013     | Vincenzo  | Lucchesi  |     NULL |
| 000014     | Heather   | Nicholls  |        1 |
| 000015     | Bruce     | Adamson   |        1 |
| 000015     | Bruce     | Adamson   |        1 |
| 000015     | Bruce     | Adamson   |        1 |
| 000016     | Aati      | Awang     |        2 |
| 000017     | Ruchira   | Patel     |     NULL |
| 000018     | Adrian    | Silva     |        3 |
| 000019     | Diya      | Chauhan   |        1 |
| 000020     | Apurva    | Banerjee  |     NULL |
| 000021     | Sally     | Kwan      |        3 |
| 000022     | Masatoshi | Yoshimura |     NULL |
| 000023     | David     | Brown     |        3 |
| 000024     | Salvatore | Marino    |     NULL |
| 000025     | Ethel     | Schneider |        1 |
| 000026     | Daniel    | Smith     |        2 |
| 000027     | John      | Parker    |        1 |
| 000028     | Wing      | Lee       |        2 |
| 000029     | Irving    | Stern     |     NULL |
+------------+-----------+-----------+----------+
24 rows in set (0.00 sec)

mysql> SELECT f.facultyName, count(a.estCost), AVG(a.estCost) AS "avgCost"
    -> FROM Activity as a
    -> NATURAL JOIN Faculty as f
    -> GROUP BY f.facultyName
    -> ORDER BY avgCost DESC;
+------------------------------------+------------------+-------------+
| facultyName                        | count(a.estCost) | avgCost     |
+------------------------------------+------------------+-------------+
| Faculty of Health Sceiences        |                1 | 8000.000000 |
| Faculty of Science and Engineering |                3 | 5166.666667 |
| Faculty of Law                     |                1 | 1200.000000 |
| Faculty of Humanities              |                2 |  550.000000 |
+------------------------------------+------------------+-------------+
4 rows in set (0.00 sec)

mysql> SELECT f.facultyName, sum(a.estCost), AVG(a.estCost) AS "avgCost"
    -> FROM Activity as a
    -> NATURAL JOIN Faculty as f
    -> GROUP BY f.facultyName
    -> ORDER BY avgCost DESC;
+------------------------------------+----------------+-------------+
| facultyName                        | sum(a.estCost) | avgCost     |
+------------------------------------+----------------+-------------+
| Faculty of Health Sceiences        |        8000.00 | 8000.000000 |
| Faculty of Science and Engineering |       15500.00 | 5166.666667 |
| Faculty of Law                     |        1200.00 | 1200.000000 |
| Faculty of Humanities              |        1100.00 |  550.000000 |
+------------------------------------+----------------+-------------+
4 rows in set (0.00 sec)

mysql> SELECT f.facultyName, sum(a.estCost) "estCost", AVG(a.estCost) AS "avgCost"
    -> FROM Activity as a
    -> NATURAL JOIN Faculty as f
    -> GROUP BY f.facultyName
    -> ORDER BY avgCost DESC;
+------------------------------------+----------+-------------+
| facultyName                        | estCost  | avgCost     |
+------------------------------------+----------+-------------+
| Faculty of Health Sceiences        |  8000.00 | 8000.000000 |
| Faculty of Science and Engineering | 15500.00 | 5166.666667 |
| Faculty of Law                     |  1200.00 | 1200.000000 |
| Faculty of Humanities              |  1100.00 |  550.000000 |
+------------------------------------+----------+-------------+
4 rows in set (0.00 sec)

mysql> SELECT s.stuNo as "Student ID", s.firstName, s.lastName, c.hours as "TotalHrs", count(*)
    -> FROM Student as s
    -> LEFT OUTER JOIN CommWork as c
    -> ON s.stuNo = c.stuNo;
ERROR 1140 (42000): In aggregated query without GROUP BY, expression #1 of SELECT list contains nonaggregated column 'dswork.s.stuNo'; this is incompatible with sql_mode=only_full_group_by
mysql> SELECT s.stuNo as "Student ID", s.firstName, s.lastName, c.hours as "TotalHrs", count(activityNo)
    -> FROM Student as s
    -> LEFT OUTER JOIN CommWork as c
    -> ON s.stuNo = c.stuNo;
ERROR 1140 (42000): In aggregated query without GROUP BY, expression #1 of SELECT list contains nonaggregated column 'dswork.s.stuNo'; this is incompatible with sql_mode=only_full_group_by
mysql> SELECT s.stuNo as "Student ID", s.firstName, s.lastName, c.hours as "TotalHrs", count(activityNo)
    -> FROM Student as s
    -> LEFT OUTER JOIN CommWork as c
    -> ON s.stuNo = c.stuNo
    -> GROUP BY c.activityNo;
ERROR 1055 (42000): Expression #1 of SELECT list is not in GROUP BY clause and contains nonaggregated column 'dswork.s.stuNo' which is not functionally dependent on columns in GROUP BY clause; this is incompatible with sql_mode=only_full_group_by
mysql> SELECT s.stuNo as "Student ID", s.firstName, s.lastName, c.hours as "TotalHrs", count(activityNo)
    -> FROM Student as s
    -> LEFT OUTER JOIN CommWork as c
    -> ON s.stuNo = c.stuNo
    -> GROUP BY 1,2,3,4;
+------------+-----------+-----------+----------+-------------------+
| Student ID | firstName | lastName  | TotalHrs | count(activityNo) |
+------------+-----------+-----------+----------+-------------------+
| 000010     | Christine | Haas      |     NULL |                 0 |
| 000011     | John      | Geyer     |     NULL |                 0 |
| 000012     | Eva       | Pulaski   |        1 |                 1 |
| 000012     | Eva       | Pulaski   |        2 |                 1 |
| 000012     | Eva       | Pulaski   |        3 |                 1 |
| 000013     | Vincenzo  | Lucchesi  |     NULL |                 0 |
| 000014     | Heather   | Nicholls  |        1 |                 1 |
| 000015     | Bruce     | Adamson   |        1 |                 3 |
| 000016     | Aati      | Awang     |        2 |                 1 |
| 000017     | Ruchira   | Patel     |     NULL |                 0 |
| 000018     | Adrian    | Silva     |        3 |                 1 |
| 000019     | Diya      | Chauhan   |        1 |                 1 |
| 000020     | Apurva    | Banerjee  |     NULL |                 0 |
| 000021     | Sally     | Kwan      |        3 |                 1 |
| 000022     | Masatoshi | Yoshimura |     NULL |                 0 |
| 000023     | David     | Brown     |        3 |                 1 |
| 000024     | Salvatore | Marino    |     NULL |                 0 |
| 000025     | Ethel     | Schneider |        1 |                 1 |
| 000026     | Daniel    | Smith     |        2 |                 1 |
| 000027     | John      | Parker    |        1 |                 1 |
| 000028     | Wing      | Lee       |        2 |                 1 |
| 000029     | Irving    | Stern     |     NULL |                 0 |
+------------+-----------+-----------+----------+-------------------+
22 rows in set (0.00 sec)

mysql> SELECT s.stuNo as "Student ID", s.firstName, s.lastName, c.hours as "TotalHrs", count(activityNo) as "Activity Count"
    -> FROM Student as s
    -> LEFT OUTER JOIN CommWork as c
    -> ON s.stuNo = c.stuNo
    -> GROUP BY 1,2,3,4;
+------------+-----------+-----------+----------+----------------+
| Student ID | firstName | lastName  | TotalHrs | Activity Count |
+------------+-----------+-----------+----------+----------------+
| 000010     | Christine | Haas      |     NULL |              0 |
| 000011     | John      | Geyer     |     NULL |              0 |
| 000012     | Eva       | Pulaski   |        1 |              1 |
| 000012     | Eva       | Pulaski   |        2 |              1 |
| 000012     | Eva       | Pulaski   |        3 |              1 |
| 000013     | Vincenzo  | Lucchesi  |     NULL |              0 |
| 000014     | Heather   | Nicholls  |        1 |              1 |
| 000015     | Bruce     | Adamson   |        1 |              3 |
| 000016     | Aati      | Awang     |        2 |              1 |
| 000017     | Ruchira   | Patel     |     NULL |              0 |
| 000018     | Adrian    | Silva     |        3 |              1 |
| 000019     | Diya      | Chauhan   |        1 |              1 |
| 000020     | Apurva    | Banerjee  |     NULL |              0 |
| 000021     | Sally     | Kwan      |        3 |              1 |
| 000022     | Masatoshi | Yoshimura |     NULL |              0 |
| 000023     | David     | Brown     |        3 |              1 |
| 000024     | Salvatore | Marino    |     NULL |              0 |
| 000025     | Ethel     | Schneider |        1 |              1 |
| 000026     | Daniel    | Smith     |        2 |              1 |
| 000027     | John      | Parker    |        1 |              1 |
| 000028     | Wing      | Lee       |        2 |              1 |
| 000029     | Irving    | Stern     |     NULL |              0 |
+------------+-----------+-----------+----------+----------------+
22 rows in set (0.00 sec)

mysql> SELECT f.facultyCode, f.facultyName, a.activityNo, a.activityName
    -> FROM Faculty as f
    -> NATURAL JOIN Activity as a;
+-------------+------------------------------------+------------+----------------------+
| facultyCode | facultyName                        | activityNo | activityName         |
+-------------+------------------------------------+------------+----------------------+
| A01         | Faculty of Science and Engineering | CO3100     | Science for kids     |
| A01         | Faculty of Science and Engineering | CO3102     | Sci Fic with Schools |
| A01         | Faculty of Science and Engineering | CO3103     | Games Night -Sem1    |
| A02         | Faculty of Humanities              | CO3101     | Daffodil day 2020    |
| A02         | Faculty of Humanities              | CO3104     | Daffodil day 2021    |
| A03         | Faculty of Health Sceiences        | CO3106     | Eating Healthy       |
| A05         | Faculty of Law                     | CO3105     | Tax Clinic           |
+-------------+------------------------------------+------------+----------------------+
7 rows in set (0.00 sec)

mysql> SELECT f.facultyCode, f.facultyName, a.activityNo, a.activityName
    -> FROM Faculty as f
    -> LEFT OUTER JOIN Activity as a
    -> ON a.facultyCode = f.facultyCode;
+-------------+------------------------------------+------------+----------------------+
| facultyCode | facultyName                        | activityNo | activityName         |
+-------------+------------------------------------+------------+----------------------+
| A01         | Faculty of Science and Engineering | CO3100     | Science for kids     |
| A01         | Faculty of Science and Engineering | CO3102     | Sci Fic with Schools |
| A01         | Faculty of Science and Engineering | CO3103     | Games Night -Sem1    |
| A02         | Faculty of Humanities              | CO3101     | Daffodil day 2020    |
| A02         | Faculty of Humanities              | CO3104     | Daffodil day 2021    |
| A03         | Faculty of Health Sceiences        | CO3106     | Eating Healthy       |
| A04         | Faculty of Management              | NULL       | NULL                 |
| A05         | Faculty of Law                     | CO3105     | Tax Clinic           |
+-------------+------------------------------------+------------+----------------------+
8 rows in set (0.00 sec)

mysql> SELECT s1.stuNo, s1.firstName, s1.lastName, s1.commRate
    -> FROM Student s1 JOIN Student s2 ON s1.commRate>s2.commRate
    -> WHERE s2.firstName LIKE "Heather" AND s2.lastName LIKE "Nicholls";
+--------+-----------+-----------+----------+
| stuNo  | firstName | lastName  | commRate |
+--------+-----------+-----------+----------+
| 000010 | Christine | Haas      | 6        |
| 000012 | Eva       | Pulaski   | 6        |
| 000013 | Vincenzo  | Lucchesi  | 9        |
| 000019 | Diya      | Chauhan   | 7        |
| 000021 | Sally     | Kwan      | 7        |
| 000022 | Masatoshi | Yoshimura | 5        |
| 000024 | Salvatore | Marino    | 5        |
| 000025 | Ethel     | Schneider | 8        |
| 000026 | Daniel    | Smith     | 8        |
| 000027 | John      | Parker    | 8        |
| 000028 | Wing      | Lee       | 8        |
| 000029 | Irving    | Stern     | 8        |
+--------+-----------+-----------+----------+
12 rows in set (0.00 sec)

mysql> SELECT f.facultyName, sum(a.estCost) "estCost", AVG(a.estCost) AS "avgCost"
    -> FROM Activity as a
    -> NATURAL JOIN Faculty as f
    -> GROUP BY f.facultyName
    -> ORDER BY avgCost DESC;
+------------------------------------+----------+-------------+
| facultyName                        | estCost  | avgCost     |
+------------------------------------+----------+-------------+
| Faculty of Health Sceiences        |  8000.00 | 8000.000000 |
| Faculty of Science and Engineering | 15500.00 | 5166.666667 |
| Faculty of Law                     |  1200.00 | 1200.000000 |
| Faculty of Humanities              |  1100.00 |  550.000000 |
+------------------------------------+----------+-------------+
4 rows in set (0.00 sec)

mysql> SELECT f.facultyName, sum(a.estCost) "estCost", AVG(a.estCost) AS "avgCost", count(a.activityNo) as "Activity Count"
    -> FROM Activity as a
    -> NATURAL JOIN Faculty as f
    -> GROUP BY f.facultyName
    -> ORDER BY avgCost DESC;
+------------------------------------+----------+-------------+----------------+
| facultyName                        | estCost  | avgCost     | Activity Count |
+------------------------------------+----------+-------------+----------------+
| Faculty of Health Sceiences        |  8000.00 | 8000.000000 |              1 |
| Faculty of Science and Engineering | 15500.00 | 5166.666667 |              3 |
| Faculty of Law                     |  1200.00 | 1200.000000 |              1 |
| Faculty of Humanities              |  1100.00 |  550.000000 |              2 |
+------------------------------------+----------+-------------+----------------+
4 rows in set (0.00 sec)

mysql> SELECT f.facultyName, sum(a.estCost) "estCost", AVG(a.estCost) AS "avgCost", count(a.activityNo) as "Activity Count"
    -> FROM Activity as a
    -> NATURAL JOIN Faculty as f
    -> GROUP BY f.facultyName
    -> ORDER BY estCost DESC;
+------------------------------------+----------+-------------+----------------+
| facultyName                        | estCost  | avgCost     | Activity Count |
+------------------------------------+----------+-------------+----------------+
| Faculty of Science and Engineering | 15500.00 | 5166.666667 |              3 |
| Faculty of Health Sceiences        |  8000.00 | 8000.000000 |              1 |
| Faculty of Law                     |  1200.00 | 1200.000000 |              1 |
| Faculty of Humanities              |  1100.00 |  550.000000 |              2 |
+------------------------------------+----------+-------------+----------------+
4 rows in set (0.00 sec)

mysql> SELECT f.facultyName, sum(a.estCost) as "estCost", AVG(a.estCost) AS "avgCost", count(a.activityNo) as "Activity Count"
    -> FROM Activity as a
    -> NATURAL JOIN Faculty as f
    -> GROUP BY f.facultyName
    -> ORDER BY estCost DESC;
+------------------------------------+----------+-------------+----------------+
| facultyName                        | estCost  | avgCost     | Activity Count |
+------------------------------------+----------+-------------+----------------+
| Faculty of Science and Engineering | 15500.00 | 5166.666667 |              3 |
| Faculty of Health Sceiences        |  8000.00 | 8000.000000 |              1 |
| Faculty of Law                     |  1200.00 | 1200.000000 |              1 |
| Faculty of Humanities              |  1100.00 |  550.000000 |              2 |
+------------------------------------+----------+-------------+----------------+
4 rows in set (0.00 sec)

mysql> SELECT s.stuNo as "Student ID", s.firstName, s.lastName, c.hours as "TotalHrs", count(activityNo) as "Activity Count"
    -> FROM Student as s
    -> LEFT OUTER JOIN CommWork as c
    -> ON s.stuNo = c.stuNo
    -> GROUP BY 1,2,3,4SELECT s.stuNo as "Student ID", s.firstName, s.lastName, c.hours as "TotalHrs", count(activityNo) as "Activity Count"
    -> FROM Student as s
    -> LEFT OUTER JOIN CommWork as c
    -> ON s.stuNo = c.stuNo
    -> GROUP BY 1,2,3,4;
ERROR 1064 (42000): You have an error in your SQL syntax; check the manual that corresponds to your MySQL server version for the right syntax to use near 's.stuNo as "Student ID", s.firstName, s.lastName, c.hours as "TotalHrs", count(a' at line 5
mysql> SELECT s.stuNo as "Student ID", s.firstName, s.lastName, c.hours as "TotalHrs", count(activityNo) as "Activity Count"
    -> FROM Student as s
    -> LEFT OUTER JOIN CommWork as c
    -> ON s.stuNo = c.stuNo
    -> GROUP BY 1,2,3,4;
+------------+-----------+-----------+----------+----------------+
| Student ID | firstName | lastName  | TotalHrs | Activity Count |
+------------+-----------+-----------+----------+----------------+
| 000010     | Christine | Haas      |     NULL |              0 |
| 000011     | John      | Geyer     |     NULL |              0 |
| 000012     | Eva       | Pulaski   |        1 |              1 |
| 000012     | Eva       | Pulaski   |        2 |              1 |
| 000012     | Eva       | Pulaski   |        3 |              1 |
| 000013     | Vincenzo  | Lucchesi  |     NULL |              0 |
| 000014     | Heather   | Nicholls  |        1 |              1 |
| 000015     | Bruce     | Adamson   |        1 |              3 |
| 000016     | Aati      | Awang     |        2 |              1 |
| 000017     | Ruchira   | Patel     |     NULL |              0 |
| 000018     | Adrian    | Silva     |        3 |              1 |
| 000019     | Diya      | Chauhan   |        1 |              1 |
| 000020     | Apurva    | Banerjee  |     NULL |              0 |
| 000021     | Sally     | Kwan      |        3 |              1 |
| 000022     | Masatoshi | Yoshimura |     NULL |              0 |
| 000023     | David     | Brown     |        3 |              1 |
| 000024     | Salvatore | Marino    |     NULL |              0 |
| 000025     | Ethel     | Schneider |        1 |              1 |
| 000026     | Daniel    | Smith     |        2 |              1 |
| 000027     | John      | Parker    |        1 |              1 |
| 000028     | Wing      | Lee       |        2 |              1 |
| 000029     | Irving    | Stern     |     NULL |              0 |
+------------+-----------+-----------+----------+----------------+
22 rows in set (0.00 sec)

mysql> SELECT s.stuNo as "Student ID", s.firstName, s.lastName, count(c.hours) as "TotalHrs", count(activityNo) as "Activity Count"
    -> FROM Student as s
    -> LEFT OUTER JOIN CommWork as c
    -> ON s.stuNo = c.stuNo
    -> GROUP BY 1,2,3,4;
ERROR 1056 (42000): Can't group on 'TotalHrs'
mysql> SELECT s.stuNo as "Student ID", s.firstName, s.lastName, sum(c.hours) as "TotalHrs", count(activityNo) as "Activity Count"
    -> FROM Student as s
    -> LEFT OUTER JOIN CommWork as c
    -> ON s.stuNo = c.stuNo
    -> GROUP BY 1,2,3,4;
ERROR 1056 (42000): Can't group on 'TotalHrs'
mysql> SELECT s.stuNo as "Student ID", s.firstName, s.lastName, sum(c.hours) as "TotalHrs", count(activityNo) as "Activity Count"
    -> FROM Student as s
    -> LEFT OUTER JOIN CommWork as c
    -> ON s.stuNo = c.stuNo
    -> GROUP BY 1,2,3,4;
ERROR 1056 (42000): Can't group on 'TotalHrs'
mysql> SELECT s.stuNo as "Student ID", s.firstName, s.lastName, sum(c.hours) as "TotalHrs", count(activityNo) as "Activity Count"
    -> FROM Student as s
    -> LEFT OUTER JOIN CommWork as c
    -> ON s.stuNo = c.stuNo
    -> GROUP BY 1,2,3;
+------------+-----------+-----------+----------+----------------+
| Student ID | firstName | lastName  | TotalHrs | Activity Count |
+------------+-----------+-----------+----------+----------------+
| 000010     | Christine | Haas      |     NULL |              0 |
| 000011     | John      | Geyer     |     NULL |              0 |
| 000012     | Eva       | Pulaski   |        6 |              3 |
| 000013     | Vincenzo  | Lucchesi  |     NULL |              0 |
| 000014     | Heather   | Nicholls  |        1 |              1 |
| 000015     | Bruce     | Adamson   |        3 |              3 |
| 000016     | Aati      | Awang     |        2 |              1 |
| 000017     | Ruchira   | Patel     |     NULL |              0 |
| 000018     | Adrian    | Silva     |        3 |              1 |
| 000019     | Diya      | Chauhan   |        1 |              1 |
| 000020     | Apurva    | Banerjee  |     NULL |              0 |
| 000021     | Sally     | Kwan      |        3 |              1 |
| 000022     | Masatoshi | Yoshimura |     NULL |              0 |
| 000023     | David     | Brown     |        3 |              1 |
| 000024     | Salvatore | Marino    |     NULL |              0 |
| 000025     | Ethel     | Schneider |        1 |              1 |
| 000026     | Daniel    | Smith     |        2 |              1 |
| 000027     | John      | Parker    |        1 |              1 |
| 000028     | Wing      | Lee       |        2 |              1 |
| 000029     | Irving    | Stern     |     NULL |              0 |
+------------+-----------+-----------+----------+----------------+
20 rows in set (0.00 sec)

mysql> exit
