mysql> source createdept;
ERROR: 
Failed to open file 'createdept', error: 2
mysql> 
mysql> source createdept.sql;
Query OK, 0 rows affected, 1 warning (0.03 sec)

Query OK, 0 rows affected (0.52 sec)

mysql> source createemp.sql;
Query OK, 0 rows affected, 1 warning (0.03 sec)

Query OK, 0 rows affected, 1 warning (0.74 sec)

mysql> source createproj.sql;
Query OK, 0 rows affected, 1 warning (0.04 sec)

Query OK, 0 rows affected (0.74 sec)

mysql> source createworks.sql;
ERROR: 
Failed to open file 'createworks.sql', error: 2
mysql> source createpworks.sql;
Query OK, 0 rows affected, 1 warning (0.03 sec)

Query OK, 0 rows affected (0.63 sec)

mysql> source insdept.sql;
Query OK, 1 row affected (0.08 sec)

Query OK, 1 row affected (0.11 sec)

Query OK, 1 row affected (0.11 sec)

Query OK, 1 row affected (0.18 sec)

Query OK, 1 row affected (0.15 sec)

Query OK, 1 row affected (0.14 sec)

Query OK, 1 row affected (0.07 sec)

Query OK, 1 row affected (0.09 sec)

Query OK, 1 row affected (0.08 sec)

mysql> source insemp.sql;
Query OK, 1 row affected (0.08 sec)

Query OK, 1 row affected (0.07 sec)

Query OK, 1 row affected (0.09 sec)

Query OK, 1 row affected (0.10 sec)

Query OK, 1 row affected (0.10 sec)

Query OK, 1 row affected (0.12 sec)

Query OK, 1 row affected (0.17 sec)

Query OK, 1 row affected (0.16 sec)

Query OK, 1 row affected (0.14 sec)

Query OK, 1 row affected (0.07 sec)

Query OK, 1 row affected (0.06 sec)

Query OK, 1 row affected (0.08 sec)

Query OK, 1 row affected (0.08 sec)

Query OK, 1 row affected (0.09 sec)

Query OK, 1 row affected (0.11 sec)

Query OK, 1 row affected (0.19 sec)

Query OK, 1 row affected (0.07 sec)

Query OK, 1 row affected (0.08 sec)

Query OK, 1 row affected (0.08 sec)

Query OK, 1 row affected (0.10 sec)

Query OK, 1 row affected (0.10 sec)

Query OK, 1 row affected (0.10 sec)

Query OK, 1 row affected (0.09 sec)

Query OK, 1 row affected (0.08 sec)

Query OK, 1 row affected (0.11 sec)

Query OK, 1 row affected (0.15 sec)

Query OK, 1 row affected (0.07 sec)

Query OK, 1 row affected (0.08 sec)

Query OK, 1 row affected (0.07 sec)

Query OK, 1 row affected (0.09 sec)

Query OK, 1 row affected (0.08 sec)

Query OK, 1 row affected (0.08 sec)

mysql> source insproj.sql;
Query OK, 1 row affected (0.09 sec)

Query OK, 1 row affected (0.08 sec)

Query OK, 1 row affected (0.10 sec)

Query OK, 1 row affected (0.09 sec)

Query OK, 1 row affected (0.33 sec)

Query OK, 1 row affected (0.14 sec)

Query OK, 1 row affected (0.09 sec)

Query OK, 1 row affected (0.08 sec)

Query OK, 1 row affected (0.07 sec)

Query OK, 1 row affected (0.10 sec)

Query OK, 1 row affected (0.10 sec)

Query OK, 1 row affected (0.11 sec)

Query OK, 1 row affected (0.18 sec)

Query OK, 1 row affected (0.07 sec)

Query OK, 1 row affected (0.07 sec)

Query OK, 1 row affected (0.08 sec)

Query OK, 1 row affected (0.11 sec)

Query OK, 1 row affected (0.05 sec)

Query OK, 1 row affected (0.10 sec)

Query OK, 1 row affected (0.11 sec)

mysql> source inspworks.sql;
Query OK, 1 row affected (0.09 sec)

Query OK, 1 row affected (0.11 sec)

Query OK, 1 row affected (0.08 sec)

Query OK, 1 row affected (0.08 sec)

Query OK, 1 row affected (0.10 sec)

Query OK, 1 row affected (0.09 sec)

Query OK, 1 row affected (0.20 sec)

Query OK, 1 row affected (0.14 sec)

Query OK, 1 row affected (0.12 sec)

Query OK, 1 row affected (0.09 sec)

Query OK, 1 row affected (0.07 sec)

Query OK, 1 row affected (0.08 sec)

Query OK, 1 row affected (0.25 sec)

Query OK, 1 row affected (0.08 sec)

Query OK, 1 row affected (0.15 sec)

Query OK, 1 row affected (0.06 sec)

Query OK, 1 row affected (0.07 sec)

Query OK, 1 row affected (0.06 sec)

Query OK, 1 row affected (0.06 sec)

Query OK, 1 row affected (0.07 sec)

Query OK, 1 row affected (0.10 sec)

Query OK, 1 row affected (0.10 sec)

Query OK, 1 row affected (0.11 sec)

Query OK, 1 row affected (0.08 sec)

Query OK, 1 row affected (0.05 sec)

Query OK, 1 row affected (0.09 sec)

Query OK, 1 row affected (0.11 sec)

Query OK, 1 row affected (0.07 sec)

Query OK, 1 row affected (0.08 sec)

Query OK, 1 row affected (0.06 sec)

Query OK, 1 row affected (0.08 sec)

Query OK, 1 row affected (0.08 sec)

Query OK, 1 row affected (0.10 sec)

Query OK, 1 row affected (0.10 sec)

Query OK, 1 row affected (0.10 sec)

Query OK, 1 row affected (0.10 sec)

Query OK, 1 row affected (0.10 sec)

Query OK, 1 row affected (0.11 sec)

Query OK, 1 row affected (0.10 sec)

Query OK, 1 row affected (0.11 sec)

Query OK, 1 row affected (0.10 sec)

Query OK, 1 row affected (0.10 sec)

Query OK, 1 row affected (0.10 sec)

Query OK, 1 row affected (0.07 sec)

Query OK, 1 row affected (0.07 sec)

Query OK, 1 row affected (0.07 sec)

Query OK, 1 row affected (0.09 sec)

Query OK, 1 row affected (0.15 sec)

Query OK, 1 row affected (0.10 sec)

Query OK, 1 row affected (0.10 sec)

Query OK, 1 row affected (0.10 sec)

Query OK, 1 row affected (0.08 sec)

Query OK, 1 row affected (0.07 sec)

Query OK, 1 row affected (0.08 sec)

Query OK, 1 row affected (0.08 sec)

Query OK, 1 row affected (0.07 sec)

Query OK, 1 row affected (0.07 sec)

Query OK, 1 row affected (0.08 sec)

Query OK, 1 row affected (0.09 sec)

Query OK, 1 row affected (0.12 sec)

Query OK, 1 row affected (0.06 sec)

Query OK, 1 row affected (0.08 sec)

Query OK, 1 row affected (0.07 sec)

Query OK, 1 row affected (0.10 sec)

Query OK, 1 row affected (0.10 sec)

Query OK, 1 row affected (0.09 sec)

Query OK, 1 row affected (0.06 sec)

Query OK, 1 row affected (0.08 sec)

Query OK, 1 row affected (0.07 sec)

Query OK, 1 row affected (0.11 sec)

Query OK, 1 row affected (0.16 sec)

Query OK, 1 row affected (0.07 sec)

Query OK, 1 row affected (0.08 sec)

Query OK, 1 row affected (0.10 sec)

Query OK, 1 row affected (0.09 sec)

Query OK, 1 row affected (0.10 sec)

Query OK, 1 row affected (0.08 sec)

Query OK, 1 row affected (0.09 sec)

Query OK, 1 row affected (0.06 sec)

Query OK, 1 row affected (0.07 sec)

Query OK, 1 row affected (0.08 sec)

Query OK, 1 row affected (0.10 sec)

Query OK, 1 row affected (0.06 sec)

Query OK, 1 row affected (0.07 sec)

Query OK, 1 row affected (0.07 sec)

Query OK, 1 row affected (0.08 sec)

Query OK, 1 row affected (0.08 sec)

Query OK, 1 row affected (0.07 sec)

Query OK, 1 row affected (0.11 sec)

Query OK, 1 row affected (0.09 sec)

mysql> show tables;
+---------------------+
| Tables_in_joinsPrac |
+---------------------+
| Dept                |
| Emp                 |
| Proj                |
| Pworks              |
+---------------------+
4 rows in set (0.00 sec)

mysql> decs tables;
ERROR 1064 (42000): You have an error in your SQL syntax; check the manual that corresponds to your MySQL server version for the right syntax to use near 'decs tables' at line 1
mysql> decs Dept;
ERROR 1064 (42000): You have an error in your SQL syntax; check the manual that corresponds to your MySQL server version for the right syntax to use near 'decs Dept' at line 1
mysql> desc Dept;
+----------+-------------+------+-----+---------+-------+
| Field    | Type        | Null | Key | Default | Extra |
+----------+-------------+------+-----+---------+-------+
| deptno   | char(3)     | NO   | PRI | NULL    |       |
| deptname | varchar(36) | NO   |     | NULL    |       |
| mgrno    | char(6)     | YES  |     | NULL    |       |
| admrdept | char(3)     | NO   |     | NULL    |       |
+----------+-------------+------+-----+---------+-------+
4 rows in set (0.01 sec)

mysql> desc tables;
ERROR 1146 (42S02): Table 'joinsPrac.tables' doesn't exist
mysql> show tables;
+---------------------+
| Tables_in_joinsPrac |
+---------------------+
| Dept                |
| Emp                 |
| Proj                |
| Pworks              |
+---------------------+
4 rows in set (0.00 sec)

mysql> desc *;
ERROR 1064 (42000): You have an error in your SQL syntax; check the manual that corresponds to your MySQL server version for the right syntax to use near '*' at line 1
mysql> desc Emp;
+-----------+--------------+------+-----+---------+-------+
| Field     | Type         | Null | Key | Default | Extra |
+-----------+--------------+------+-----+---------+-------+
| empno     | char(6)      | NO   | PRI | NULL    |       |
| firstname | varchar(12)  | YES  |     | NULL    |       |
| midinit   | char(1)      | YES  |     | NULL    |       |
| lastname  | varchar(15)  | YES  |     | NULL    |       |
| workdept  | char(3)      | YES  | MUL | NULL    |       |
| phoneno   | char(4)      | YES  |     | NULL    |       |
| hiredate  | date         | YES  |     | NULL    |       |
| job       | char(10)     | YES  |     | NULL    |       |
| edlevel   | int          | YES  |     | NULL    |       |
| gender    | char(1)      | YES  |     | NULL    |       |
| birthdate | date         | YES  |     | NULL    |       |
| salary    | decimal(8,2) | YES  |     | NULL    |       |
| bonus     | decimal(8,2) | YES  |     | NULL    |       |
| comm      | decimal(8,2) | YES  |     | NULL    |       |
+-----------+--------------+------+-----+---------+-------+
14 rows in set (0.00 sec)

mysql> Select * from emp;
ERROR 1146 (42S02): Table 'joinsPrac.emp' doesn't exist
mysql> Select * from Emp;
+--------+-----------+---------+-----------+----------+---------+------------+------------+---------+--------+------------+-----------+---------+---------+
| empno  | firstname | midinit | lastname  | workdept | phoneno | hiredate   | job        | edlevel | gender | birthdate  | salary    | bonus   | comm    |
+--------+-----------+---------+-----------+----------+---------+------------+------------+---------+--------+------------+-----------+---------+---------+
| 000010 | Christine | I       | Haas      | A00      | 3978    | 2000-01-01 | Pres       |      18 | F      | 1968-08-14 | 312750.00 | 1000.00 | 4220.00 |
| 000020 | Michael   | L       | Thompson  | B01      | 3476    | 2008-10-10 | Manager    |      18 | M      | 1983-02-02 | 161250.00 |  800.00 | 3000.00 |
| 000030 | Sally     | A       | Kwan      | C01      | 4738    | 2010-05-05 | Manager    |      20 | F      | 1980-05-11 | 158250.00 |  800.00 | 3060.00 |
| 000050 | John      | B       | Geyer     | E01      | 6789    | 2003-08-17 | Manager    |      16 | M      | 1975-09-15 | 160175.00 |  800.00 | 3214.00 |
| 000060 | Irving    | F       | Stern     | D11      | 6423    | 2003-09-14 | Manager    |      16 | M      | 1975-07-07 | 155555.00 |  600.00 | 2580.00 |
| 000070 | Eva       | D       | Pulaski   | D21      | 7831    | 2000-09-30 | Manager    |      16 | F      | 1983-05-26 | 156170.00 |  700.00 | 2893.00 |
| 000090 | Eileen    | W       | Henderson | E11      | 5498    | 2002-08-15 | Manager    |      16 | F      | 1976-05-15 | 149750.00 |  600.00 | 2380.00 |
| 000100 | Theodore  | Q       | Spenser   | E21      | 0972    | 2006-06-19 | Manager    |      14 | M      | 1989-12-18 | 146150.00 |  500.00 | 2092.00 |
| 000110 | Vincenzo  | G       | Lucchesi  | A00      | 3490    | 2003-05-16 | Salesrep   |      19 | M      | 1983-11-05 | 156500.00 |  900.00 | 3720.00 |
| 000120 | Sean      |         | Oconnell  | A00      | 2167    | 2003-10-05 | Programmer |      14 | M      | 1982-10-18 |  99250.00 |  600.00 | 2340.00 |
| 000130 | Dolores   | M       | Quintana  | C01      | 4578    | 2006-07-28 | Analyst    |      16 | F      | 1985-09-15 |  93800.00 |  500.00 | 1904.00 |
| 000140 | Heather   | A       | Nicholls  | C01      | 1793    | 2006-12-15 | Analyst    |      18 | F      | 1986-10-19 |  88420.00 |  600.00 | 2274.00 |
| 000150 | Bruce     |         | Adamson   | D11      | 4510    | 2007-02-12 | Designer   |      16 | M      | 1982-05-17 |  95280.00 |  500.00 | 2022.00 |
| 000160 | Elizabeth | R       | Pianka    | D11      | 3782    | 2009-10-11 | Designer   |      17 | F      | 1987-04-12 |  92250.00 |  400.00 | 1780.00 |
| 000170 | Masatoshi | J       | Yoshimura | D11      | 2890    | 2008-01-01 | Designer   |      16 | M      | 1986-01-05 |  84680.00 |  500.00 | 1974.00 |
| 000180 | Marilyn   | S       | Scoutten  | D11      | 1682    | 2003-07-07 | Designer   |      17 | F      | 1982-02-21 |  81340.00 |  500.00 | 1707.00 |
| 000190 | James     | H       | Walker    | D11      | 2986    | 2012-07-26 | Designer   |      16 | M      | 1992-06-25 |  70450.00 |  400.00 | 1636.00 |
| 000200 | David     |         | Brown     | D11      | 4501    | 2008-03-03 | Designer   |      16 | M      | 1986-05-29 |  77740.00 |  600.00 | 2217.00 |
| 000210 | William   | T       | Jones     | D11      | 0942    | 2009-04-11 | Designer   |      17 | M      | 1983-03-23 |  88270.00 |  400.00 | 1462.00 |
| 000220 | Jennifer  | K       | Lutz      | D11      | 0672    | 2004-08-29 | Designer   |      18 | F      | 1979-03-19 |  89840.00 |  600.00 | 2387.00 |
| 000230 | James     | J       | Jefferson | D21      | 2094    | 2011-11-21 | Programmer |      14 | M      | 1985-05-30 |  62180.00 |  400.00 | 1774.00 |
| 000240 | Salvatore | M       | Marino    | D21      | 3780    | 2009-12-05 | Programmer |      17 | M      | 1984-03-31 |  68760.00 |  600.00 | 2301.00 |
| 000250 | Daniel    | S       | Smith     | D21      | 0961    | 2009-10-30 | Programmer |      15 | M      | 1982-11-12 |  59180.00 |  400.00 | 1534.00 |
| 000260 | Sybil     | V       | Johnson   | D21      | 8953    | 2005-09-11 | Programmer |      16 | F      | 1986-10-05 |  57250.00 |  300.00 | 1380.00 |
| 000270 | 03ia      | L       | Perez     | D21      | 9001    | 2009-09-30 | Programmer |      15 | F      | 1983-05-26 |  57380.00 |  500.00 | 2190.00 |
| 000280 | Ethel     | R       | Schneider | E11      | 8997    | 2009-03-24 | Operator   |      17 | F      | 1986-03-28 |  86250.00 |  500.00 | 2100.00 |
| 000290 | John      | R       | Parker    | E11      | 4502    | 2006-05-30 | Operator   |      12 | M      | 1988-07-09 |  75340.00 |  300.00 | 1227.00 |
| 000300 | Philip    | X       | Smith     | E11      | 2095    | 2007-06-19 | Operator   |      14 | M      | 1986-10-27 |  77750.00 |  400.00 | 1420.00 |
| 000310 | Maude     | F       | Setright  | E11      | 3332    | 2001-09-12 | Operator   |      12 | F      | 1981-04-21 |  75900.00 |  300.00 | 1272.00 |
| 000320 | Ramlal    | V       | Mehta     | E21      | 9990    | 2005-07-07 | Fieldrep   |      16 | M      | 1982-08-11 |  99950.00 |  400.00 | 1596.00 |
| 000330 | Wing      |         | Lee       | E21      | 2103    | 1999-02-23 | Fieldrep   |      14 | M      | 1981-07-18 |  95370.00 |  500.00 | 2030.00 |
| 000340 | Jason     | R       | Gounot    | E21      | 5698    | 1999-05-05 | Fieldrep   |      16 | M      | 1976-05-17 | 123840.00 |  500.00 | 1907.00 |
+--------+-----------+---------+-----------+----------+---------+------------+------------+---------+--------+------------+-----------+---------+---------+
32 rows in set (0.00 sec)

mysql> pager less -SFX
PAGER set to 'less -SFX'
mysql> Select * from Emp;
+--------+-----------+---------+-----------+----------+---------+------------+------------+---------+--------+------------+-----------+---------+---------+
| empno  | firstname | midinit | lastname  | workdept | phoneno | hiredate   | job        | edlevel | gender | birthdate  | salary    | bonus   | comm    |
+--------+-----------+---------+-----------+----------+---------+------------+------------+---------+--------+------------+-----------+---------+---------+
| 000010 | Christine | I       | Haas      | A00      | 3978    | 2000-01-01 | Pres       |      18 | F      | 1968-08-14 | 312750.00 | 1000.00 | 4220.00 |
| 000020 | Michael   | L       | Thompson  | B01      | 3476    | 2008-10-10 | Manager    |      18 | M      | 1983-02-02 | 161250.00 |  800.00 | 3000.00 |
| 000030 | Sally     | A       | Kwan      | C01      | 4738    | 2010-05-05 | Manager    |      20 | F      | 1980-05-11 | 158250.00 |  800.00 | 3060.00 |
| 000050 | John      | B       | Geyer     | E01      | 6789    | 2003-08-17 | Manager    |      16 | M      | 1975-09-15 | 160175.00 |  800.00 | 3214.00 |
| 000060 | Irving    | F       | Stern     | D11      | 6423    | 2003-09-14 | Manager    |      16 | M      | 1975-07-07 | 155555.00 |  600.00 | 2580.00 |
| 000070 | Eva       | D       | Pulaski   | D21      | 7831    | 2000-09-30 | Manager    |      16 | F      | 1983-05-26 | 156170.00 |  700.00 | 2893.00 |
| 000090 | Eileen    | W       | Henderson | E11      | 5498    | 2002-08-15 | Manager    |      16 | F      | 1976-05-15 | 149750.00 |  600.00 | 2380.00 |
| 000100 | Theodore  | Q       | Spenser   | E21      | 0972    | 2006-06-19 | Manager    |      14 | M      | 1989-12-18 | 146150.00 |  500.00 | 2092.00 |
| 000110 | Vincenzo  | G       | Lucchesi  | A00      | 3490    | 2003-05-16 | Salesrep   |      19 | M      | 1983-11-05 | 156500.00 |  900.00 | 3720.00 |
| 000120 | Sean      |         | Oconnell  | A00      | 2167    | 2003-10-05 | Programmer |      14 | M      | 1982-10-18 |  99250.00 |  600.00 | 2340.00 |
| 000130 | Dolores   | M       | Quintana  | C01      | 4578    | 2006-07-28 | Analyst    |      16 | F      | 1985-09-15 |  93800.00 |  500.00 | 1904.00 |
| 000140 | Heather   | A       | Nicholls  | C01      | 1793    | 2006-12-15 | Analyst    |      18 | F      | 1986-10-19 |  88420.00 |  600.00 | 2274.00 |
| 000150 | Bruce     |         | Adamson   | D11      | 4510    | 2007-02-12 | Designer   |      16 | M      | 1982-05-17 |  95280.00 |  500.00 | 2022.00 |
| 000160 | Elizabeth | R       | Pianka    | D11      | 3782    | 2009-10-11 | Designer   |      17 | F      | 1987-04-12 |  92250.00 |  400.00 | 1780.00 |
| 000170 | Masatoshi | J       | Yoshimura | D11      | 2890    | 2008-01-01 | Designer   |      16 | M      | 1986-01-05 |  84680.00 |  500.00 | 1974.00 |
| 000180 | Marilyn   | S       | Scoutten  | D11      | 1682    | 2003-07-07 | Designer   |      17 | F      | 1982-02-21 |  81340.00 |  500.00 | 1707.00 |
| 000190 | James     | H       | Walker    | D11      | 2986    | 2012-07-26 | Designer   |      16 | M      | 1992-06-25 |  70450.00 |  400.00 | 1636.00 |
| 000200 | David     |         | Brown     | D11      | 4501    | 2008-03-03 | Designer   |      16 | M      | 1986-05-29 |  77740.00 |  600.00 | 2217.00 |
| 000210 | William   | T       | Jones     | D11      | 0942    | 2009-04-11 | Designer   |      17 | M      | 1983-03-23 |  88270.00 |  400.00 | 1462.00 |
| 000220 | Jennifer  | K       | Lutz      | D11      | 0672    | 2004-08-29 | Designer   |      18 | F      | 1979-03-19 |  89840.00 |  600.00 | 2387.00 |
| 000230 | James     | J       | Jefferson | D21      | 2094    | 2011-11-21 | Programmer |      14 | M      | 1985-05-30 |  62180.00 |  400.00 | 1774.00 |
| 000240 | Salvatore | M       | Marino    | D21      | 3780    | 2009-12-05 | Programmer |      17 | M      | 1984-03-31 |  68760.00 |  600.00 | 2301.00 |
| 000250 | Daniel    | S       | Smith     | D21      | 0961    | 2009-10-30 | Programmer |      15 | M      | 1982-11-12 |  59180.00 |  400.00 | 1534.00 |
| 000260 | Sybil     | V       | Johnson   | D21      | 8953    | 2005-09-11 | Programmer |      16 | F      | 1986-10-05 |  57250.00 |  300.00 | 1380.00 |
| 000270 | 03ia      | L       | Perez     | D21      | 9001    | 2009-09-30 | Programmer |      15 | F      | 1983-05-26 |  57380.00 |  500.00 | 2190.00 |
| 000280 | Ethel     | R       | Schneider | E11      | 8997    | 2009-03-24 | Operator   |      17 | F      | 1986-03-28 |  86250.00 |  500.00 | 2100.00 |
| 000290 | John      | R       | Parker    | E11      | 4502    | 2006-05-30 | Operator   |      12 | M      | 1988-07-09 |  75340.00 |  300.00 | 1227.00 |
| 000300 | Philip    | X       | Smith     | E11      | 2095    | 2007-06-19 | Operator   |      14 | M      | 1986-10-27 |  77750.00 |  400.00 | 1420.00 |
| 000310 | Maude     | F       | Setright  | E11      | 3332    | 2001-09-12 | Operator   |      12 | F      | 1981-04-21 |  75900.00 |  300.00 | 1272.00 |
| 000320 | Ramlal    | V       | Mehta     | E21      | 9990    | 2005-07-07 | Fieldrep   |      16 | M      | 1982-08-11 |  99950.00 |  400.00 | 1596.00 |
| 000330 | Wing      |         | Lee       | E21      | 2103    | 1999-02-23 | Fieldrep   |      14 | M      | 1981-07-18 |  95370.00 |  500.00 | 2030.00 |
| 000340 | Jason     | R       | Gounot    | E21      | 5698    | 1999-05-05 | Fieldrep   |      16 | M      | 1976-05-17 | 123840.00 |  500.00 | 1907.00 |
+--------+-----------+---------+-----------+----------+---------+------------+------------+---------+--------+------------+-----------+---------+---------+
32 rows in set (0.00 sec)

mysql> show databases;
+--------------------+
| Database           |
+--------------------+
| Test               |
| dswork             |
| information_schema |
| joinsPrac          |
| midsem             |
| mysql              |
| performance_schema |
| sys                |
+--------------------+
8 rows in set (0.00 sec)

mysql> drop joinsPrac;
ERROR 1064 (42000): You have an error in your SQL syntax; check the manual that corresponds to your MySQL server version for the right syntax to use near 'joinsPrac' at line 1
mysql> drop database joinsPrac;
Query OK, 4 rows affected (0.80 sec)

mysql> show databases;
+--------------------+
| Database           |
+--------------------+
| Test               |
| dswork             |
| information_schema |
| midsem             |
| mysql              |
| performance_schema |
| sys                |
+--------------------+
7 rows in set (0.00 sec)

mysql> source rebuild.sql
Query OK, 1 row affected (0.10 sec)

Database changed
ERROR: 
Failed to open file 'creatdept.sql', error: 2
ERROR: 
Failed to open file 'createmp.sql', error: 2
Query OK, 0 rows affected, 1 warning (0.05 sec)

ERROR 1824 (HY000): Failed to open the referenced table 'Dept'
Query OK, 0 rows affected, 1 warning (0.03 sec)

ERROR 1824 (HY000): Failed to open the referenced table 'Emp'
ERROR 1146 (42S02): Table 'company.Dept' doesn't exist
ERROR 1146 (42S02): Table 'company.Dept' doesn't exist
ERROR 1146 (42S02): Table 'company.Dept' doesn't exist
ERROR 1146 (42S02): Table 'company.Dept' doesn't exist
ERROR 1146 (42S02): Table 'company.Dept' doesn't exist
ERROR 1146 (42S02): Table 'company.Dept' doesn't exist
ERROR 1146 (42S02): Table 'company.Dept' doesn't exist
ERROR 1146 (42S02): Table 'company.Dept' doesn't exist
ERROR 1146 (42S02): Table 'company.Dept' doesn't exist
ERROR 1146 (42S02): Table 'company.Emp' doesn't exist
ERROR 1146 (42S02): Table 'company.Emp' doesn't exist
ERROR 1146 (42S02): Table 'company.Emp' doesn't exist
ERROR 1146 (42S02): Table 'company.Emp' doesn't exist
ERROR 1146 (42S02): Table 'company.Emp' doesn't exist
ERROR 1146 (42S02): Table 'company.Emp' doesn't exist
ERROR 1146 (42S02): Table 'company.Emp' doesn't exist
ERROR 1146 (42S02): Table 'company.Emp' doesn't exist
ERROR 1146 (42S02): Table 'company.Emp' doesn't exist
ERROR 1146 (42S02): Table 'company.Emp' doesn't exist
ERROR 1146 (42S02): Table 'company.Emp' doesn't exist
ERROR 1146 (42S02): Table 'company.Emp' doesn't exist
ERROR 1146 (42S02): Table 'company.Emp' doesn't exist
ERROR 1146 (42S02): Table 'company.Emp' doesn't exist
ERROR 1146 (42S02): Table 'company.Emp' doesn't exist
ERROR 1146 (42S02): Table 'company.Emp' doesn't exist
ERROR 1146 (42S02): Table 'company.Emp' doesn't exist
ERROR 1146 (42S02): Table 'company.Emp' doesn't exist
ERROR 1146 (42S02): Table 'company.Emp' doesn't exist
ERROR 1146 (42S02): Table 'company.Emp' doesn't exist
ERROR 1146 (42S02): Table 'company.Emp' doesn't exist
ERROR 1146 (42S02): Table 'company.Emp' doesn't exist
ERROR 1146 (42S02): Table 'company.Emp' doesn't exist
ERROR 1146 (42S02): Table 'company.Emp' doesn't exist
ERROR 1146 (42S02): Table 'company.Emp' doesn't exist
ERROR 1146 (42S02): Table 'company.Emp' doesn't exist
ERROR 1146 (42S02): Table 'company.Emp' doesn't exist
ERROR 1146 (42S02): Table 'company.Emp' doesn't exist
ERROR 1146 (42S02): Table 'company.Emp' doesn't exist
ERROR 1146 (42S02): Table 'company.Emp' doesn't exist
ERROR 1146 (42S02): Table 'company.Emp' doesn't exist
ERROR 1146 (42S02): Table 'company.Emp' doesn't exist
ERROR 1146 (42S02): Table 'company.Proj' doesn't exist
ERROR 1146 (42S02): Table 'company.Proj' doesn't exist
ERROR 1146 (42S02): Table 'company.Proj' doesn't exist
ERROR 1146 (42S02): Table 'company.Proj' doesn't exist
ERROR 1146 (42S02): Table 'company.Proj' doesn't exist
ERROR 1146 (42S02): Table 'company.Proj' doesn't exist
ERROR 1146 (42S02): Table 'company.Proj' doesn't exist
ERROR 1146 (42S02): Table 'company.Proj' doesn't exist
ERROR 1146 (42S02): Table 'company.Proj' doesn't exist
ERROR 1146 (42S02): Table 'company.Proj' doesn't exist
ERROR 1146 (42S02): Table 'company.Proj' doesn't exist
ERROR 1146 (42S02): Table 'company.Proj' doesn't exist
ERROR 1146 (42S02): Table 'company.Proj' doesn't exist
ERROR 1146 (42S02): Table 'company.Proj' doesn't exist
ERROR 1146 (42S02): Table 'company.Proj' doesn't exist
ERROR 1146 (42S02): Table 'company.Proj' doesn't exist
ERROR 1146 (42S02): Table 'company.Proj' doesn't exist
ERROR 1146 (42S02): Table 'company.Proj' doesn't exist
ERROR 1146 (42S02): Table 'company.Proj' doesn't exist
ERROR 1146 (42S02): Table 'company.Proj' doesn't exist
ERROR 1146 (42S02): Table 'company.Pworks' doesn't exist
ERROR 1146 (42S02): Table 'company.Pworks' doesn't exist
ERROR 1146 (42S02): Table 'company.Pworks' doesn't exist
ERROR 1146 (42S02): Table 'company.Pworks' doesn't exist
ERROR 1146 (42S02): Table 'company.Pworks' doesn't exist
ERROR 1146 (42S02): Table 'company.Pworks' doesn't exist
ERROR 1146 (42S02): Table 'company.Pworks' doesn't exist
ERROR 1146 (42S02): Table 'company.Pworks' doesn't exist
ERROR 1146 (42S02): Table 'company.Pworks' doesn't exist
ERROR 1146 (42S02): Table 'company.Pworks' doesn't exist
ERROR 1146 (42S02): Table 'company.Pworks' doesn't exist
ERROR 1146 (42S02): Table 'company.Pworks' doesn't exist
ERROR 1146 (42S02): Table 'company.Pworks' doesn't exist
ERROR 1146 (42S02): Table 'company.Pworks' doesn't exist
ERROR 1146 (42S02): Table 'company.Pworks' doesn't exist
ERROR 1146 (42S02): Table 'company.Pworks' doesn't exist
ERROR 1146 (42S02): Table 'company.Pworks' doesn't exist
ERROR 1146 (42S02): Table 'company.Pworks' doesn't exist
ERROR 1146 (42S02): Table 'company.Pworks' doesn't exist
ERROR 1146 (42S02): Table 'company.Pworks' doesn't exist
ERROR 1146 (42S02): Table 'company.Pworks' doesn't exist
ERROR 1146 (42S02): Table 'company.Pworks' doesn't exist
ERROR 1146 (42S02): Table 'company.Pworks' doesn't exist
ERROR 1146 (42S02): Table 'company.Pworks' doesn't exist
ERROR 1146 (42S02): Table 'company.Pworks' doesn't exist
ERROR 1146 (42S02): Table 'company.Pworks' doesn't exist
ERROR 1146 (42S02): Table 'company.Pworks' doesn't exist
ERROR 1146 (42S02): Table 'company.Pworks' doesn't exist
ERROR 1146 (42S02): Table 'company.Pworks' doesn't exist
ERROR 1146 (42S02): Table 'company.Pworks' doesn't exist
ERROR 1146 (42S02): Table 'company.Pworks' doesn't exist
ERROR 1146 (42S02): Table 'company.Pworks' doesn't exist
ERROR 1146 (42S02): Table 'company.Pworks' doesn't exist
ERROR 1146 (42S02): Table 'company.Pworks' doesn't exist
ERROR 1146 (42S02): Table 'company.Pworks' doesn't exist
ERROR 1146 (42S02): Table 'company.Pworks' doesn't exist
ERROR 1146 (42S02): Table 'company.Pworks' doesn't exist
ERROR 1146 (42S02): Table 'company.Pworks' doesn't exist
ERROR 1146 (42S02): Table 'company.Pworks' doesn't exist
ERROR 1146 (42S02): Table 'company.Pworks' doesn't exist
ERROR 1146 (42S02): Table 'company.Pworks' doesn't exist
ERROR 1146 (42S02): Table 'company.Pworks' doesn't exist
ERROR 1146 (42S02): Table 'company.Pworks' doesn't exist
ERROR 1146 (42S02): Table 'company.Pworks' doesn't exist
ERROR 1146 (42S02): Table 'company.Pworks' doesn't exist
ERROR 1146 (42S02): Table 'company.Pworks' doesn't exist
ERROR 1146 (42S02): Table 'company.Pworks' doesn't exist
ERROR 1146 (42S02): Table 'company.Pworks' doesn't exist
ERROR 1146 (42S02): Table 'company.Pworks' doesn't exist
ERROR 1146 (42S02): Table 'company.Pworks' doesn't exist
ERROR 1146 (42S02): Table 'company.Pworks' doesn't exist
ERROR 1146 (42S02): Table 'company.Pworks' doesn't exist
ERROR 1146 (42S02): Table 'company.Pworks' doesn't exist
ERROR 1146 (42S02): Table 'company.Pworks' doesn't exist
ERROR 1146 (42S02): Table 'company.Pworks' doesn't exist
ERROR 1146 (42S02): Table 'company.Pworks' doesn't exist
ERROR 1146 (42S02): Table 'company.Pworks' doesn't exist
ERROR 1146 (42S02): Table 'company.Pworks' doesn't exist
ERROR 1146 (42S02): Table 'company.Pworks' doesn't exist
ERROR 1146 (42S02): Table 'company.Pworks' doesn't exist
ERROR 1146 (42S02): Table 'company.Pworks' doesn't exist
ERROR 1146 (42S02): Table 'company.Pworks' doesn't exist
ERROR 1146 (42S02): Table 'company.Pworks' doesn't exist
ERROR 1146 (42S02): Table 'company.Pworks' doesn't exist
ERROR 1146 (42S02): Table 'company.Pworks' doesn't exist
ERROR 1146 (42S02): Table 'company.Pworks' doesn't exist
ERROR 1146 (42S02): Table 'company.Pworks' doesn't exist
ERROR 1146 (42S02): Table 'company.Pworks' doesn't exist
ERROR 1146 (42S02): Table 'company.Pworks' doesn't exist
ERROR 1146 (42S02): Table 'company.Pworks' doesn't exist
ERROR 1146 (42S02): Table 'company.Pworks' doesn't exist
ERROR 1146 (42S02): Table 'company.Pworks' doesn't exist
ERROR 1146 (42S02): Table 'company.Pworks' doesn't exist
ERROR 1146 (42S02): Table 'company.Pworks' doesn't exist
ERROR 1146 (42S02): Table 'company.Pworks' doesn't exist
ERROR 1146 (42S02): Table 'company.Pworks' doesn't exist
ERROR 1146 (42S02): Table 'company.Pworks' doesn't exist
ERROR 1146 (42S02): Table 'company.Pworks' doesn't exist
ERROR 1146 (42S02): Table 'company.Pworks' doesn't exist
ERROR 1146 (42S02): Table 'company.Pworks' doesn't exist
ERROR 1146 (42S02): Table 'company.Pworks' doesn't exist
ERROR 1146 (42S02): Table 'company.Pworks' doesn't exist
ERROR 1146 (42S02): Table 'company.Pworks' doesn't exist
ERROR 1146 (42S02): Table 'company.Pworks' doesn't exist
ERROR 1146 (42S02): Table 'company.Pworks' doesn't exist
ERROR 1146 (42S02): Table 'company.Pworks' doesn't exist
ERROR 1146 (42S02): Table 'company.Pworks' doesn't exist
ERROR 1146 (42S02): Table 'company.Pworks' doesn't exist
ERROR 1146 (42S02): Table 'company.Pworks' doesn't exist
ERROR 1146 (42S02): Table 'company.Pworks' doesn't exist
mysql> show databases;
+--------------------+
| Database           |
+--------------------+
| Test               |
| company            |
| dswork             |
| information_schema |
| midsem             |
| mysql              |
| performance_schema |
| sys                |
+--------------------+
8 rows in set (0.00 sec)

mysql> drop database company;
Query OK, 0 rows affected (0.13 sec)

mysql> source rebuild.sql
Query OK, 1 row affected (0.10 sec)

Database changed
Query OK, 0 rows affected, 1 warning (0.06 sec)

Query OK, 0 rows affected (0.48 sec)

Query OK, 0 rows affected, 1 warning (0.04 sec)

Query OK, 0 rows affected, 1 warning (1.22 sec)

Query OK, 0 rows affected, 1 warning (0.07 sec)

Query OK, 0 rows affected (1.25 sec)

Query OK, 0 rows affected, 1 warning (0.04 sec)

Query OK, 0 rows affected (0.54 sec)

Query OK, 1 row affected (0.10 sec)

Query OK, 1 row affected (0.09 sec)

Query OK, 1 row affected (0.09 sec)

Query OK, 1 row affected (0.10 sec)

Query OK, 1 row affected (0.10 sec)

Query OK, 1 row affected (0.10 sec)

Query OK, 1 row affected (0.10 sec)

Query OK, 1 row affected (0.10 sec)

Query OK, 1 row affected (0.08 sec)

Query OK, 1 row affected (0.10 sec)

Query OK, 1 row affected (0.12 sec)

Query OK, 1 row affected (0.08 sec)

Query OK, 1 row affected (0.08 sec)

Query OK, 1 row affected (0.07 sec)

Query OK, 1 row affected (0.07 sec)

Query OK, 1 row affected (0.10 sec)

Query OK, 1 row affected (0.10 sec)

Query OK, 1 row affected (0.10 sec)

Query OK, 1 row affected (0.10 sec)

Query OK, 1 row affected (0.08 sec)

Query OK, 1 row affected (0.10 sec)

Query OK, 1 row affected (0.13 sec)

Query OK, 1 row affected (0.09 sec)

Query OK, 1 row affected (0.08 sec)

Query OK, 1 row affected (0.06 sec)

Query OK, 1 row affected (0.07 sec)

Query OK, 1 row affected (0.09 sec)

Query OK, 1 row affected (0.09 sec)

Query OK, 1 row affected (0.09 sec)

Query OK, 1 row affected (0.06 sec)

Query OK, 1 row affected (0.08 sec)

Query OK, 1 row affected (0.09 sec)

Query OK, 1 row affected (0.07 sec)

Query OK, 1 row affected (0.10 sec)

Query OK, 1 row affected (0.10 sec)

Query OK, 1 row affected (0.10 sec)

Query OK, 1 row affected (0.10 sec)

Query OK, 1 row affected (0.10 sec)

Query OK, 1 row affected (0.10 sec)

Query OK, 1 row affected (0.09 sec)

Query OK, 1 row affected (0.10 sec)

Query OK, 1 row affected (0.10 sec)

Query OK, 1 row affected (0.09 sec)

Query OK, 1 row affected (0.07 sec)

Query OK, 1 row affected (0.10 sec)

Query OK, 1 row affected (0.07 sec)

Query OK, 1 row affected (0.08 sec)

Query OK, 1 row affected (0.07 sec)

Query OK, 1 row affected (0.08 sec)

Query OK, 1 row affected (0.07 sec)

Query OK, 1 row affected (0.10 sec)

Query OK, 1 row affected (0.10 sec)

Query OK, 1 row affected (0.10 sec)

Query OK, 1 row affected (0.10 sec)

Query OK, 1 row affected (0.10 sec)

Query OK, 1 row affected (0.10 sec)

Query OK, 1 row affected (0.10 sec)

Query OK, 1 row affected (0.10 sec)

Query OK, 1 row affected (0.10 sec)

Query OK, 1 row affected (0.10 sec)

Query OK, 1 row affected (0.10 sec)

Query OK, 1 row affected (0.10 sec)

Query OK, 1 row affected (0.11 sec)

Query OK, 1 row affected (0.10 sec)

Query OK, 1 row affected (0.09 sec)

Query OK, 1 row affected (0.08 sec)

Query OK, 1 row affected (0.07 sec)

Query OK, 1 row affected (0.08 sec)

Query OK, 1 row affected (0.07 sec)

Query OK, 1 row affected (0.10 sec)

Query OK, 1 row affected (0.10 sec)

Query OK, 1 row affected (0.10 sec)

Query OK, 1 row affected (0.10 sec)

Query OK, 1 row affected (0.10 sec)

Query OK, 1 row affected (0.10 sec)

Query OK, 1 row affected (0.10 sec)

Query OK, 1 row affected (0.10 sec)

Query OK, 1 row affected (0.10 sec)

Query OK, 1 row affected (0.08 sec)

Query OK, 1 row affected (0.10 sec)

Query OK, 1 row affected (0.10 sec)

Query OK, 1 row affected (0.09 sec)

Query OK, 1 row affected (0.07 sec)

Query OK, 1 row affected (0.09 sec)

Query OK, 1 row affected (0.08 sec)

Query OK, 1 row affected (0.08 sec)

Query OK, 1 row affected (0.05 sec)

Query OK, 1 row affected (0.08 sec)

Query OK, 1 row affected (0.08 sec)

Query OK, 1 row affected (0.10 sec)

Query OK, 1 row affected (0.10 sec)

Query OK, 1 row affected (0.10 sec)

Query OK, 1 row affected (0.10 sec)

Query OK, 1 row affected (0.10 sec)

Query OK, 1 row affected (0.10 sec)

Query OK, 1 row affected (0.10 sec)

Query OK, 1 row affected (0.10 sec)

Query OK, 1 row affected (0.10 sec)

Query OK, 1 row affected (0.10 sec)

Query OK, 1 row affected (0.10 sec)

Query OK, 1 row affected (0.08 sec)

Query OK, 1 row affected (0.07 sec)

Query OK, 1 row affected (0.08 sec)

Query OK, 1 row affected (0.08 sec)

Query OK, 1 row affected (0.08 sec)

Query OK, 1 row affected (0.10 sec)

Query OK, 1 row affected (0.10 sec)

Query OK, 1 row affected (0.05 sec)

Query OK, 1 row affected (0.07 sec)

Query OK, 1 row affected (0.09 sec)

Query OK, 1 row affected (0.08 sec)

Query OK, 1 row affected (0.08 sec)

Query OK, 1 row affected (0.08 sec)

Query OK, 1 row affected (0.07 sec)

Query OK, 1 row affected (0.07 sec)

Query OK, 1 row affected (0.10 sec)

Query OK, 1 row affected (0.10 sec)

Query OK, 1 row affected (0.10 sec)

Query OK, 1 row affected (0.10 sec)

Query OK, 1 row affected (0.10 sec)

Query OK, 1 row affected (0.09 sec)

Query OK, 1 row affected (0.06 sec)

Query OK, 1 row affected (0.11 sec)

Query OK, 1 row affected (0.08 sec)

Query OK, 1 row affected (0.08 sec)

Query OK, 1 row affected (0.08 sec)

Query OK, 1 row affected (0.10 sec)

Query OK, 1 row affected (0.05 sec)

Query OK, 1 row affected (0.08 sec)

Query OK, 1 row affected (0.07 sec)

Query OK, 1 row affected (0.08 sec)

Query OK, 1 row affected (0.09 sec)

Query OK, 1 row affected (0.08 sec)

Query OK, 1 row affected (0.08 sec)

Query OK, 1 row affected (0.12 sec)

Query OK, 1 row affected (0.08 sec)

Query OK, 1 row affected (0.10 sec)

Query OK, 1 row affected (0.10 sec)

Query OK, 1 row affected (0.10 sec)

Query OK, 1 row affected (0.10 sec)

Query OK, 1 row affected (0.10 sec)

Query OK, 1 row affected (0.10 sec)

Query OK, 1 row affected (0.10 sec)

Query OK, 1 row affected (0.08 sec)

Query OK, 1 row affected (0.10 sec)

Query OK, 1 row affected (0.10 sec)

Query OK, 1 row affected (0.10 sec)

Query OK, 1 row affected (0.09 sec)

Query OK, 1 row affected (0.06 sec)

Query OK, 1 row affected (0.08 sec)

Query OK, 1 row affected (0.09 sec)

mysql> SHOW TABLES;
+-------------------+
| Tables_in_company |
+-------------------+
| Dept              |
| Emp               |
| Proj              |
| Pworks            |
+-------------------+
4 rows in set (0.00 sec)

mysql> DESC Dept;
+----------+-------------+------+-----+---------+-------+
| Field    | Type        | Null | Key | Default | Extra |
+----------+-------------+------+-----+---------+-------+
| deptno   | char(3)     | NO   | PRI | NULL    |       |
| deptname | varchar(36) | NO   |     | NULL    |       |
| mgrno    | char(6)     | YES  |     | NULL    |       |
| admrdept | char(3)     | NO   |     | NULL    |       |
+----------+-------------+------+-----+---------+-------+
4 rows in set (0.00 sec)

mysql> SELECT * FROM Dept;
+--------+------------------------------+--------+----------+
| deptno | deptname                     | mgrno  | admrdept |
+--------+------------------------------+--------+----------+
| A00    | Spiffy Computer Service DIV. | 000010 | A00      |
| B01    | Planning                     | 000020 | A00      |
| C01    | Information Centre           | 000030 | A00      |
| D01    | Development Centre           | NULL   | A00      |
| D11    | Manufacturing Systems        | 000060 | D01      |
| D21    | Administration Systems       | 000070 | D01      |
| E01    | Support Services             | 000050 | A00      |
| E11    | Operations                   | 000090 | E01      |
| E21    | Software Support             | 000100 | E01      |
+--------+------------------------------+--------+----------+
9 rows in set (0.00 sec)

mysql> DESC Emp;
+-----------+--------------+------+-----+---------+-------+
| Field     | Type         | Null | Key | Default | Extra |
+-----------+--------------+------+-----+---------+-------+
| empno     | char(6)      | NO   | PRI | NULL    |       |
| firstname | varchar(12)  | YES  |     | NULL    |       |
| midinit   | char(1)      | YES  |     | NULL    |       |
| lastname  | varchar(15)  | YES  |     | NULL    |       |
| workdept  | char(3)      | YES  | MUL | NULL    |       |
| phoneno   | char(4)      | YES  |     | NULL    |       |
| hiredate  | date         | YES  |     | NULL    |       |
| job       | char(10)     | YES  |     | NULL    |       |
| edlevel   | int          | YES  |     | NULL    |       |
| gender    | char(1)      | YES  |     | NULL    |       |
| birthdate | date         | YES  |     | NULL    |       |
| salary    | decimal(8,2) | YES  |     | NULL    |       |
| bonus     | decimal(8,2) | YES  |     | NULL    |       |
| comm      | decimal(8,2) | YES  |     | NULL    |       |
+-----------+--------------+------+-----+---------+-------+
14 rows in set (0.00 sec)

mysql> SELECT * FROM Emp;
+--------+-----------+---------+-----------+----------+---------+------------+------------+---------+--------+------------+-----------+---------+---------+
| empno  | firstname | midinit | lastname  | workdept | phoneno | hiredate   | job        | edlevel | gender | birthdate  | salary    | bonus   | comm    |
+--------+-----------+---------+-----------+----------+---------+------------+------------+---------+--------+------------+-----------+---------+---------+
| 000010 | Christine | I       | Haas      | A00      | 3978    | 2000-01-01 | Pres       |      18 | F      | 1968-08-14 | 312750.00 | 1000.00 | 4220.00 |
| 000020 | Michael   | L       | Thompson  | B01      | 3476    | 2008-10-10 | Manager    |      18 | M      | 1983-02-02 | 161250.00 |  800.00 | 3000.00 |
| 000030 | Sally     | A       | Kwan      | C01      | 4738    | 2010-05-05 | Manager    |      20 | F      | 1980-05-11 | 158250.00 |  800.00 | 3060.00 |
| 000050 | John      | B       | Geyer     | E01      | 6789    | 2003-08-17 | Manager    |      16 | M      | 1975-09-15 | 160175.00 |  800.00 | 3214.00 |
| 000060 | Irving    | F       | Stern     | D11      | 6423    | 2003-09-14 | Manager    |      16 | M      | 1975-07-07 | 155555.00 |  600.00 | 2580.00 |
| 000070 | Eva       | D       | Pulaski   | D21      | 7831    | 2000-09-30 | Manager    |      16 | F      | 1983-05-26 | 156170.00 |  700.00 | 2893.00 |
| 000090 | Eileen    | W       | Henderson | E11      | 5498    | 2002-08-15 | Manager    |      16 | F      | 1976-05-15 | 149750.00 |  600.00 | 2380.00 |
| 000100 | Theodore  | Q       | Spenser   | E21      | 0972    | 2006-06-19 | Manager    |      14 | M      | 1989-12-18 | 146150.00 |  500.00 | 2092.00 |
| 000110 | Vincenzo  | G       | Lucchesi  | A00      | 3490    | 2003-05-16 | Salesrep   |      19 | M      | 1983-11-05 | 156500.00 |  900.00 | 3720.00 |
| 000120 | Sean      |         | Oconnell  | A00      | 2167    | 2003-10-05 | Programmer |      14 | M      | 1982-10-18 |  99250.00 |  600.00 | 2340.00 |
| 000130 | Dolores   | M       | Quintana  | C01      | 4578    | 2006-07-28 | Analyst    |      16 | F      | 1985-09-15 |  93800.00 |  500.00 | 1904.00 |
| 000140 | Heather   | A       | Nicholls  | C01      | 1793    | 2006-12-15 | Analyst    |      18 | F      | 1986-10-19 |  88420.00 |  600.00 | 2274.00 |
| 000150 | Bruce     |         | Adamson   | D11      | 4510    | 2007-02-12 | Designer   |      16 | M      | 1982-05-17 |  95280.00 |  500.00 | 2022.00 |
| 000160 | Elizabeth | R       | Pianka    | D11      | 3782    | 2009-10-11 | Designer   |      17 | F      | 1987-04-12 |  92250.00 |  400.00 | 1780.00 |
| 000170 | Masatoshi | J       | Yoshimura | D11      | 2890    | 2008-01-01 | Designer   |      16 | M      | 1986-01-05 |  84680.00 |  500.00 | 1974.00 |
| 000180 | Marilyn   | S       | Scoutten  | D11      | 1682    | 2003-07-07 | Designer   |      17 | F      | 1982-02-21 |  81340.00 |  500.00 | 1707.00 |
| 000190 | James     | H       | Walker    | D11      | 2986    | 2012-07-26 | Designer   |      16 | M      | 1992-06-25 |  70450.00 |  400.00 | 1636.00 |
| 000200 | David     |         | Brown     | D11      | 4501    | 2008-03-03 | Designer   |      16 | M      | 1986-05-29 |  77740.00 |  600.00 | 2217.00 |
| 000210 | William   | T       | Jones     | D11      | 0942    | 2009-04-11 | Designer   |      17 | M      | 1983-03-23 |  88270.00 |  400.00 | 1462.00 |
| 000220 | Jennifer  | K       | Lutz      | D11      | 0672    | 2004-08-29 | Designer   |      18 | F      | 1979-03-19 |  89840.00 |  600.00 | 2387.00 |
| 000230 | James     | J       | Jefferson | D21      | 2094    | 2011-11-21 | Programmer |      14 | M      | 1985-05-30 |  62180.00 |  400.00 | 1774.00 |
| 000240 | Salvatore | M       | Marino    | D21      | 3780    | 2009-12-05 | Programmer |      17 | M      | 1984-03-31 |  68760.00 |  600.00 | 2301.00 |
| 000250 | Daniel    | S       | Smith     | D21      | 0961    | 2009-10-30 | Programmer |      15 | M      | 1982-11-12 |  59180.00 |  400.00 | 1534.00 |
| 000260 | Sybil     | V       | Johnson   | D21      | 8953    | 2005-09-11 | Programmer |      16 | F      | 1986-10-05 |  57250.00 |  300.00 | 1380.00 |
| 000270 | 03ia      | L       | Perez     | D21      | 9001    | 2009-09-30 | Programmer |      15 | F      | 1983-05-26 |  57380.00 |  500.00 | 2190.00 |
| 000280 | Ethel     | R       | Schneider | E11      | 8997    | 2009-03-24 | Operator   |      17 | F      | 1986-03-28 |  86250.00 |  500.00 | 2100.00 |
| 000290 | John      | R       | Parker    | E11      | 4502    | 2006-05-30 | Operator   |      12 | M      | 1988-07-09 |  75340.00 |  300.00 | 1227.00 |
| 000300 | Philip    | X       | Smith     | E11      | 2095    | 2007-06-19 | Operator   |      14 | M      | 1986-10-27 |  77750.00 |  400.00 | 1420.00 |
| 000310 | Maude     | F       | Setright  | E11      | 3332    | 2001-09-12 | Operator   |      12 | F      | 1981-04-21 |  75900.00 |  300.00 | 1272.00 |
| 000320 | Ramlal    | V       | Mehta     | E21      | 9990    | 2005-07-07 | Fieldrep   |      16 | M      | 1982-08-11 |  99950.00 |  400.00 | 1596.00 |
| 000330 | Wing      |         | Lee       | E21      | 2103    | 1999-02-23 | Fieldrep   |      14 | M      | 1981-07-18 |  95370.00 |  500.00 | 2030.00 |
| 000340 | Jason     | R       | Gounot    | E21      | 5698    | 1999-05-05 | Fieldrep   |      16 | M      | 1976-05-17 | 123840.00 |  500.00 | 1907.00 |
+--------+-----------+---------+-----------+----------+---------+------------+------------+---------+--------+------------+-----------+---------+---------+
32 rows in set (0.00 sec)

mysql> DESC Proj;
+----------+-------------+------+-----+---------+-------+
| Field    | Type        | Null | Key | Default | Extra |
+----------+-------------+------+-----+---------+-------+
| projno   | char(6)     | NO   | PRI | NULL    |       |
| projname | varchar(24) | NO   |     | NULL    |       |
| deptno   | char(3)     | NO   | MUL | NULL    |       |
| respemp  | char(6)     | NO   | MUL | NULL    |       |
| prstdate | date        | YES  |     | NULL    |       |
| prendate | date        | YES  |     | NULL    |       |
| majproj  | char(6)     | YES  |     | NULL    |       |
+----------+-------------+------+-----+---------+-------+
7 rows in set (0.00 sec)

mysql> SELECT * FROM Proj;
+--------+----------------------+--------+---------+------------+------------+---------+
| projno | projname             | deptno | respemp | prstdate   | prendate   | majproj |
+--------+----------------------+--------+---------+------------+------------+---------+
| AD3100 | Admin Services       | D01    | 000010  | 2014-01-01 | 2015-02-01 | NULL    |
| AD3110 | General AD Systems   | D21    | 000070  | 2014-01-01 | 2015-02-01 | AD3100  |
| AD3111 | Payroll Programming  | D21    | 000230  | 2014-01-01 | 2015-02-01 | AD3110  |
| AD3112 | Personnel Programmg  | D21    | 000250  | 2014-01-01 | 2015-02-01 | AD3110  |
| AD3113 | Account.Programming  | D21    | 000270  | 2014-01-01 | 2015-02-01 | AD3110  |
| IF1000 | Query Services       | C01    | 000030  | 2014-01-01 | 2015-02-01 | NULL    |
| IF2000 | User Education       | C01    | 000030  | 2014-01-01 | 2015-02-01 | NULL    |
| MA2100 | Weld Line Automation | D01    | 000010  | 2014-01-01 | 2015-02-01 | NULL    |
| MA2110 | W L Programming      | D11    | 000060  | 2014-01-01 | 2015-02-01 | MA2100  |
| MA2111 | W L Program Design   | D11    | 000220  | 2014-01-01 | 2014-12-01 | MA2110  |
| MA2112 | W L Robot Design     | D11    | 000150  | 2014-01-01 | 2014-12-01 | MA2110  |
| MA2113 | W L Prod Cont Progs  | D11    | 000160  | 2014-02-15 | 2014-12-01 | MA2110  |
| OP1000 | Operation Support    | E01    | 000050  | 2014-01-01 | 2015-02-01 | NULL    |
| OP1010 | Operation            | E11    | 000090  | 2014-01-01 | 2015-02-01 | OP1000  |
| OP2000 | GEN Systems Services | E01    | 000050  | 2014-01-01 | 2015-02-01 | OP1000  |
| OP2010 | Systems Support      | E21    | 000100  | 2014-01-01 | 2015-02-01 | OP2000  |
| OP2011 | SCP Systems Support  | E21    | 000320  | 2014-01-01 | 2015-02-01 | OP2010  |
| OP2012 | Applications Support | E21    | 000330  | 2014-01-01 | 2015-02-01 | OP2010  |
| OP2013 | DB/DC Support        | E21    | 000340  | 2014-01-01 | 2015-02-01 | OP2010  |
| PL2100 | Weld Line Planning   | B01    | 000020  | 2014-01-01 | 2014-09-15 | MA2100  |
+--------+----------------------+--------+---------+------------+------------+---------+
20 rows in set (0.00 sec)

mysql> DESC Pworks;
+--------+----------+------+-----+---------+-------+
| Field  | Type     | Null | Key | Default | Extra |
+--------+----------+------+-----+---------+-------+
| empno  | char(6)  | NO   | PRI | NULL    |       |
| projno | char(6)  | NO   | PRI | NULL    |       |
| hours  | smallint | YES  |     | NULL    |       |
+--------+----------+------+-----+---------+-------+
3 rows in set (0.00 sec)

mysql> SELECT * FROM Pworks; 
+--------+--------+-------+
| empno  | projno | hours |
+--------+--------+-------+
| 000020 | PL2100 |    31 |
| 000030 | IF1000 |    11 |
| 000030 | IF2000 |    10 |
| 000050 | OP1000 |    16 |
| 000050 | OP2000 |    15 |
| 000060 | MA2110 |     8 |
| 000060 | MA2111 |     7 |
| 000060 | MA2112 |     7 |
| 000060 | MA2113 |     7 |
| 000070 | AD3110 |     8 |
| 000070 | AD3111 |     7 |
| 000070 | AD3112 |     7 |
| 000070 | AD3113 |     7 |
| 000090 | OP1010 |    31 |
| 000100 | OP2010 |     8 |
| 000100 | OP2011 |     7 |
| 000100 | OP2012 |     7 |
| 000100 | OP2013 |     7 |
| 000130 | IF1000 |    10 |
| 000130 | IF2000 |    10 |
| 000140 | IF1000 |    10 |
| 000140 | IF2000 |    10 |
| 000150 | MA2110 |     7 |
| 000150 | MA2111 |     7 |
| 000150 | MA2112 |     7 |
| 000150 | MA2113 |     7 |
| 000160 | MA2110 |     7 |
| 000160 | MA2111 |     7 |
| 000160 | MA2112 |     7 |
| 000160 | MA2113 |     7 |
| 000170 | MA2110 |     7 |
| 000170 | MA2111 |     7 |
| 000170 | MA2112 |     7 |
| 000170 | MA2113 |     7 |
| 000180 | MA2110 |     7 |
| 000180 | MA2111 |     7 |
| 000180 | MA2112 |     7 |
| 000180 | MA2113 |     7 |
| 000190 | MA2110 |     7 |
| 000190 | MA2111 |     7 |
| 000190 | MA2112 |     7 |
| 000190 | MA2113 |     7 |
| 000200 | MA2110 |     7 |
| 000200 | MA2111 |     7 |
| 000200 | MA2112 |     7 |
| 000200 | MA2113 |     7 |
| 000210 | MA2110 |     7 |
| 000210 | MA2111 |     7 |
| 000210 | MA2112 |     7 |
| 000210 | MA2113 |     7 |
| 000220 | MA2110 |     7 |
| 000220 | MA2111 |     7 |
| 000220 | MA2112 |     7 |
| 000220 | MA2113 |     7 |
| 000230 | AD3110 |     8 |
| 000230 | AD3111 |     7 |
| 000230 | AD3112 |     7 |
| 000230 | AD3113 |     7 |
| 000240 | AD3110 |     7 |
| 000240 | AD3111 |     7 |
| 000240 | AD3112 |     7 |
| 000240 | AD3113 |     7 |
| 000250 | AD3110 |     7 |
| 000250 | AD3111 |     7 |
| 000250 | AD3112 |     7 |
| 000250 | AD3113 |     7 |
| 000260 | AD3110 |     7 |
| 000260 | AD3111 |     7 |
| 000260 | AD3112 |     7 |
| 000260 | AD3113 |     7 |
| 000270 | AD3110 |     7 |
| 000270 | AD3111 |     7 |
| 000270 | AD3112 |     7 |
| 000270 | AD3113 |     7 |
| 000280 | OP1010 |    31 |
| 000290 | OP1010 |    30 |
| 000300 | OP1010 |    30 |
| 000310 | OP1010 |    30 |
| 000320 | OP2010 |     8 |
| 000320 | OP2011 |     7 |
| 000320 | OP2012 |     7 |
| 000320 | OP2013 |     7 |
| 000330 | OP2010 |     7 |
| 000330 | OP2011 |     7 |
| 000330 | OP2012 |     7 |
| 000330 | OP2013 |     7 |
| 000340 | OP2010 |     7 |
| 000340 | OP2011 |     7 |
| 000340 | OP2012 |     7 |
| 000340 | OP2013 |     7 |
+--------+--------+-------+
90 rows in set (0.00 sec)

mysql> desc emp;
ERROR 1146 (42S02): Table 'company.emp' doesn't exist
mysql> desc Emp;
+-----------+--------------+------+-----+---------+-------+
| Field     | Type         | Null | Key | Default | Extra |
+-----------+--------------+------+-----+---------+-------+
| empno     | char(6)      | NO   | PRI | NULL    |       |
| firstname | varchar(12)  | YES  |     | NULL    |       |
| midinit   | char(1)      | YES  |     | NULL    |       |
| lastname  | varchar(15)  | YES  |     | NULL    |       |
| workdept  | char(3)      | YES  | MUL | NULL    |       |
| phoneno   | char(4)      | YES  |     | NULL    |       |
| hiredate  | date         | YES  |     | NULL    |       |
| job       | char(10)     | YES  |     | NULL    |       |
| edlevel   | int          | YES  |     | NULL    |       |
| gender    | char(1)      | YES  |     | NULL    |       |
| birthdate | date         | YES  |     | NULL    |       |
| salary    | decimal(8,2) | YES  |     | NULL    |       |
| bonus     | decimal(8,2) | YES  |     | NULL    |       |
| comm      | decimal(8,2) | YES  |     | NULL    |       |
+-----------+--------------+------+-----+---------+-------+
14 rows in set (0.01 sec)

mysql> desc proj;
ERROR 1146 (42S02): Table 'company.proj' doesn't exist
mysql> desc Proj;
+----------+-------------+------+-----+---------+-------+
| Field    | Type        | Null | Key | Default | Extra |
+----------+-------------+------+-----+---------+-------+
| projno   | char(6)     | NO   | PRI | NULL    |       |
| projname | varchar(24) | NO   |     | NULL    |       |
| deptno   | char(3)     | NO   | MUL | NULL    |       |
| respemp  | char(6)     | NO   | MUL | NULL    |       |
| prstdate | date        | YES  |     | NULL    |       |
| prendate | date        | YES  |     | NULL    |       |
| majproj  | char(6)     | YES  |     | NULL    |       |
+----------+-------------+------+-----+---------+-------+
7 rows in set (0.00 sec)

mysql> desc dept;
ERROR 1146 (42S02): Table 'company.dept' doesn't exist
mysql> desc Dept;
+----------+-------------+------+-----+---------+-------+
| Field    | Type        | Null | Key | Default | Extra |
+----------+-------------+------+-----+---------+-------+
| deptno   | char(3)     | NO   | PRI | NULL    |       |
| deptname | varchar(36) | NO   |     | NULL    |       |
| mgrno    | char(6)     | YES  |     | NULL    |       |
| admrdept | char(3)     | NO   |     | NULL    |       |
+----------+-------------+------+-----+---------+-------+
4 rows in set (0.00 sec)

mysql> Select mgrno from Dept;
+--------+
| mgrno  |
+--------+
| 000010 |
| 000020 |
| 000030 |
| NULL   |
| 000060 |
| 000070 |
| 000050 |
| 000090 |
| 000100 |
+--------+
9 rows in set (0.00 sec)

mysql> Select * from Dept;
+--------+------------------------------+--------+----------+
| deptno | deptname                     | mgrno  | admrdept |
+--------+------------------------------+--------+----------+
| A00    | Spiffy Computer Service DIV. | 000010 | A00      |
| B01    | Planning                     | 000020 | A00      |
| C01    | Information Centre           | 000030 | A00      |
| D01    | Development Centre           | NULL   | A00      |
| D11    | Manufacturing Systems        | 000060 | D01      |
| D21    | Administration Systems       | 000070 | D01      |
| E01    | Support Services             | 000050 | A00      |
| E11    | Operations                   | 000090 | E01      |
| E21    | Software Support             | 000100 | E01      |
+--------+------------------------------+--------+----------+
9 rows in set (0.00 sec)

mysql> SELECT * FROM Emp;
+--------+-----------+---------+-----------+----------+---------+------------+------------+---------+--------+------------+-----------+---------+---------+
| empno  | firstname | midinit | lastname  | workdept | phoneno | hiredate   | job        | edlevel | gender | birthdate  | salary    | bonus   | comm    |
+--------+-----------+---------+-----------+----------+---------+------------+------------+---------+--------+------------+-----------+---------+---------+
| 000010 | Christine | I       | Haas      | A00      | 3978    | 2000-01-01 | Pres       |      18 | F      | 1968-08-14 | 312750.00 | 1000.00 | 4220.00 |
| 000020 | Michael   | L       | Thompson  | B01      | 3476    | 2008-10-10 | Manager    |      18 | M      | 1983-02-02 | 161250.00 |  800.00 | 3000.00 |
| 000030 | Sally     | A       | Kwan      | C01      | 4738    | 2010-05-05 | Manager    |      20 | F      | 1980-05-11 | 158250.00 |  800.00 | 3060.00 |
| 000050 | John      | B       | Geyer     | E01      | 6789    | 2003-08-17 | Manager    |      16 | M      | 1975-09-15 | 160175.00 |  800.00 | 3214.00 |
| 000060 | Irving    | F       | Stern     | D11      | 6423    | 2003-09-14 | Manager    |      16 | M      | 1975-07-07 | 155555.00 |  600.00 | 2580.00 |
| 000070 | Eva       | D       | Pulaski   | D21      | 7831    | 2000-09-30 | Manager    |      16 | F      | 1983-05-26 | 156170.00 |  700.00 | 2893.00 |
| 000090 | Eileen    | W       | Henderson | E11      | 5498    | 2002-08-15 | Manager    |      16 | F      | 1976-05-15 | 149750.00 |  600.00 | 2380.00 |
| 000100 | Theodore  | Q       | Spenser   | E21      | 0972    | 2006-06-19 | Manager    |      14 | M      | 1989-12-18 | 146150.00 |  500.00 | 2092.00 |
| 000110 | Vincenzo  | G       | Lucchesi  | A00      | 3490    | 2003-05-16 | Salesrep   |      19 | M      | 1983-11-05 | 156500.00 |  900.00 | 3720.00 |
| 000120 | Sean      |         | Oconnell  | A00      | 2167    | 2003-10-05 | Programmer |      14 | M      | 1982-10-18 |  99250.00 |  600.00 | 2340.00 |
| 000130 | Dolores   | M       | Quintana  | C01      | 4578    | 2006-07-28 | Analyst    |      16 | F      | 1985-09-15 |  93800.00 |  500.00 | 1904.00 |
| 000140 | Heather   | A       | Nicholls  | C01      | 1793    | 2006-12-15 | Analyst    |      18 | F      | 1986-10-19 |  88420.00 |  600.00 | 2274.00 |
| 000150 | Bruce     |         | Adamson   | D11      | 4510    | 2007-02-12 | Designer   |      16 | M      | 1982-05-17 |  95280.00 |  500.00 | 2022.00 |
| 000160 | Elizabeth | R       | Pianka    | D11      | 3782    | 2009-10-11 | Designer   |      17 | F      | 1987-04-12 |  92250.00 |  400.00 | 1780.00 |
| 000170 | Masatoshi | J       | Yoshimura | D11      | 2890    | 2008-01-01 | Designer   |      16 | M      | 1986-01-05 |  84680.00 |  500.00 | 1974.00 |
| 000180 | Marilyn   | S       | Scoutten  | D11      | 1682    | 2003-07-07 | Designer   |      17 | F      | 1982-02-21 |  81340.00 |  500.00 | 1707.00 |
| 000190 | James     | H       | Walker    | D11      | 2986    | 2012-07-26 | Designer   |      16 | M      | 1992-06-25 |  70450.00 |  400.00 | 1636.00 |
| 000200 | David     |         | Brown     | D11      | 4501    | 2008-03-03 | Designer   |      16 | M      | 1986-05-29 |  77740.00 |  600.00 | 2217.00 |
| 000210 | William   | T       | Jones     | D11      | 0942    | 2009-04-11 | Designer   |      17 | M      | 1983-03-23 |  88270.00 |  400.00 | 1462.00 |
| 000220 | Jennifer  | K       | Lutz      | D11      | 0672    | 2004-08-29 | Designer   |      18 | F      | 1979-03-19 |  89840.00 |  600.00 | 2387.00 |
| 000230 | James     | J       | Jefferson | D21      | 2094    | 2011-11-21 | Programmer |      14 | M      | 1985-05-30 |  62180.00 |  400.00 | 1774.00 |
| 000240 | Salvatore | M       | Marino    | D21      | 3780    | 2009-12-05 | Programmer |      17 | M      | 1984-03-31 |  68760.00 |  600.00 | 2301.00 |
| 000250 | Daniel    | S       | Smith     | D21      | 0961    | 2009-10-30 | Programmer |      15 | M      | 1982-11-12 |  59180.00 |  400.00 | 1534.00 |
| 000260 | Sybil     | V       | Johnson   | D21      | 8953    | 2005-09-11 | Programmer |      16 | F      | 1986-10-05 |  57250.00 |  300.00 | 1380.00 |
| 000270 | 03ia      | L       | Perez     | D21      | 9001    | 2009-09-30 | Programmer |      15 | F      | 1983-05-26 |  57380.00 |  500.00 | 2190.00 |
| 000280 | Ethel     | R       | Schneider | E11      | 8997    | 2009-03-24 | Operator   |      17 | F      | 1986-03-28 |  86250.00 |  500.00 | 2100.00 |
| 000290 | John      | R       | Parker    | E11      | 4502    | 2006-05-30 | Operator   |      12 | M      | 1988-07-09 |  75340.00 |  300.00 | 1227.00 |
| 000300 | Philip    | X       | Smith     | E11      | 2095    | 2007-06-19 | Operator   |      14 | M      | 1986-10-27 |  77750.00 |  400.00 | 1420.00 |
| 000310 | Maude     | F       | Setright  | E11      | 3332    | 2001-09-12 | Operator   |      12 | F      | 1981-04-21 |  75900.00 |  300.00 | 1272.00 |
| 000320 | Ramlal    | V       | Mehta     | E21      | 9990    | 2005-07-07 | Fieldrep   |      16 | M      | 1982-08-11 |  99950.00 |  400.00 | 1596.00 |
| 000330 | Wing      |         | Lee       | E21      | 2103    | 1999-02-23 | Fieldrep   |      14 | M      | 1981-07-18 |  95370.00 |  500.00 | 2030.00 |
| 000340 | Jason     | R       | Gounot    | E21      | 5698    | 1999-05-05 | Fieldrep   |      16 | M      | 1976-05-17 | 123840.00 |  500.00 | 1907.00 |
+--------+-----------+---------+-----------+----------+---------+------------+------------+---------+--------+------------+-----------+---------+---------+
32 rows in set (0.01 sec)

mysql> SELECT e.firstname, e.lastname, e.job, d.mgrno;
ERROR 1109 (42S02): Unknown table 'e' in field list
mysql> FROM Emp as e 
    -> INNER JOIN Dept as d
    -> ON e.job = "Manager";
ERROR 1064 (42000): You have an error in your SQL syntax; check the manual that corresponds to your MySQL server version for the right syntax to use near 'FROM Emp as e 
INNER JOIN Dept as d
ON e.job = "Manager"' at line 1
mysql> SELECT e.firstname, e.lastname, e.job, d.mgrno
    -> FROM Emp as e 
    -> INNER JOIN Dept as d
    -> ON e.job = "Manager";
+-----------+-----------+---------+--------+
| firstname | lastname  | job     | mgrno  |
+-----------+-----------+---------+--------+
| Theodore  | Spenser   | Manager | 000010 |
| Eileen    | Henderson | Manager | 000010 |
| Eva       | Pulaski   | Manager | 000010 |
| Irving    | Stern     | Manager | 000010 |
| John      | Geyer     | Manager | 000010 |
| Sally     | Kwan      | Manager | 000010 |
| Michael   | Thompson  | Manager | 000010 |
| Theodore  | Spenser   | Manager | 000020 |
| Eileen    | Henderson | Manager | 000020 |
| Eva       | Pulaski   | Manager | 000020 |
| Irving    | Stern     | Manager | 000020 |
| John      | Geyer     | Manager | 000020 |
| Sally     | Kwan      | Manager | 000020 |
| Michael   | Thompson  | Manager | 000020 |
| Theodore  | Spenser   | Manager | 000030 |
| Eileen    | Henderson | Manager | 000030 |
| Eva       | Pulaski   | Manager | 000030 |
| Irving    | Stern     | Manager | 000030 |
| John      | Geyer     | Manager | 000030 |
| Sally     | Kwan      | Manager | 000030 |
| Michael   | Thompson  | Manager | 000030 |
| Theodore  | Spenser   | Manager | NULL   |
| Eileen    | Henderson | Manager | NULL   |
| Eva       | Pulaski   | Manager | NULL   |
| Irving    | Stern     | Manager | NULL   |
| John      | Geyer     | Manager | NULL   |
| Sally     | Kwan      | Manager | NULL   |
| Michael   | Thompson  | Manager | NULL   |
| Theodore  | Spenser   | Manager | 000060 |
| Eileen    | Henderson | Manager | 000060 |
| Eva       | Pulaski   | Manager | 000060 |
| Irving    | Stern     | Manager | 000060 |
| John      | Geyer     | Manager | 000060 |
| Sally     | Kwan      | Manager | 000060 |
| Michael   | Thompson  | Manager | 000060 |
| Theodore  | Spenser   | Manager | 000070 |
| Eileen    | Henderson | Manager | 000070 |
| Eva       | Pulaski   | Manager | 000070 |
| Irving    | Stern     | Manager | 000070 |
| John      | Geyer     | Manager | 000070 |
| Sally     | Kwan      | Manager | 000070 |
| Michael   | Thompson  | Manager | 000070 |
| Theodore  | Spenser   | Manager | 000050 |
| Eileen    | Henderson | Manager | 000050 |
| Eva       | Pulaski   | Manager | 000050 |
| Irving    | Stern     | Manager | 000050 |
| John      | Geyer     | Manager | 000050 |
| Sally     | Kwan      | Manager | 000050 |
| Michael   | Thompson  | Manager | 000050 |
| Theodore  | Spenser   | Manager | 000090 |
| Eileen    | Henderson | Manager | 000090 |
| Eva       | Pulaski   | Manager | 000090 |
| Irving    | Stern     | Manager | 000090 |
| John      | Geyer     | Manager | 000090 |
| Sally     | Kwan      | Manager | 000090 |
| Michael   | Thompson  | Manager | 000090 |
| Theodore  | Spenser   | Manager | 000100 |
| Eileen    | Henderson | Manager | 000100 |
| Eva       | Pulaski   | Manager | 000100 |
| Irving    | Stern     | Manager | 000100 |
| John      | Geyer     | Manager | 000100 |
| Sally     | Kwan      | Manager | 000100 |
| Michael   | Thompson  | Manager | 000100 |
+-----------+-----------+---------+--------+
63 rows in set (0.01 sec)

mysql> desc Dept;
+----------+-------------+------+-----+---------+-------+
| Field    | Type        | Null | Key | Default | Extra |
+----------+-------------+------+-----+---------+-------+
| deptno   | char(3)     | NO   | PRI | NULL    |       |
| deptname | varchar(36) | NO   |     | NULL    |       |
| mgrno    | char(6)     | YES  |     | NULL    |       |
| admrdept | char(3)     | NO   |     | NULL    |       |
+----------+-------------+------+-----+---------+-------+
4 rows in set (0.00 sec)

mysql> Select * from Dept;
+--------+------------------------------+--------+----------+
| deptno | deptname                     | mgrno  | admrdept |
+--------+------------------------------+--------+----------+
| A00    | Spiffy Computer Service DIV. | 000010 | A00      |
| B01    | Planning                     | 000020 | A00      |
| C01    | Information Centre           | 000030 | A00      |
| D01    | Development Centre           | NULL   | A00      |
| D11    | Manufacturing Systems        | 000060 | D01      |
| D21    | Administration Systems       | 000070 | D01      |
| E01    | Support Services             | 000050 | A00      |
| E11    | Operations                   | 000090 | E01      |
| E21    | Software Support             | 000100 | E01      |
+--------+------------------------------+--------+----------+
9 rows in set (0.00 sec)

mysql> SELECT e.firstname, e.lastname, e.job, d.mgrno, d.deptname 
    -> FROM Emp as e 
    -> INNER JOIN Dept as d
    -> ON e.job = "Manager";
+-----------+-----------+---------+--------+------------------------------+
| firstname | lastname  | job     | mgrno  | deptname                     |
+-----------+-----------+---------+--------+------------------------------+
| Theodore  | Spenser   | Manager | 000010 | Spiffy Computer Service DIV. |
| Eileen    | Henderson | Manager | 000010 | Spiffy Computer Service DIV. |
| Eva       | Pulaski   | Manager | 000010 | Spiffy Computer Service DIV. |
| Irving    | Stern     | Manager | 000010 | Spiffy Computer Service DIV. |
| John      | Geyer     | Manager | 000010 | Spiffy Computer Service DIV. |
| Sally     | Kwan      | Manager | 000010 | Spiffy Computer Service DIV. |
| Michael   | Thompson  | Manager | 000010 | Spiffy Computer Service DIV. |
| Theodore  | Spenser   | Manager | 000020 | Planning                     |
| Eileen    | Henderson | Manager | 000020 | Planning                     |
| Eva       | Pulaski   | Manager | 000020 | Planning                     |
| Irving    | Stern     | Manager | 000020 | Planning                     |
| John      | Geyer     | Manager | 000020 | Planning                     |
| Sally     | Kwan      | Manager | 000020 | Planning                     |
| Michael   | Thompson  | Manager | 000020 | Planning                     |
| Theodore  | Spenser   | Manager | 000030 | Information Centre           |
| Eileen    | Henderson | Manager | 000030 | Information Centre           |
| Eva       | Pulaski   | Manager | 000030 | Information Centre           |
| Irving    | Stern     | Manager | 000030 | Information Centre           |
| John      | Geyer     | Manager | 000030 | Information Centre           |
| Sally     | Kwan      | Manager | 000030 | Information Centre           |
| Michael   | Thompson  | Manager | 000030 | Information Centre           |
| Theodore  | Spenser   | Manager | NULL   | Development Centre           |
| Eileen    | Henderson | Manager | NULL   | Development Centre           |
| Eva       | Pulaski   | Manager | NULL   | Development Centre           |
| Irving    | Stern     | Manager | NULL   | Development Centre           |
| John      | Geyer     | Manager | NULL   | Development Centre           |
| Sally     | Kwan      | Manager | NULL   | Development Centre           |
| Michael   | Thompson  | Manager | NULL   | Development Centre           |
| Theodore  | Spenser   | Manager | 000060 | Manufacturing Systems        |
| Eileen    | Henderson | Manager | 000060 | Manufacturing Systems        |
| Eva       | Pulaski   | Manager | 000060 | Manufacturing Systems        |
| Irving    | Stern     | Manager | 000060 | Manufacturing Systems        |
| John      | Geyer     | Manager | 000060 | Manufacturing Systems        |
| Sally     | Kwan      | Manager | 000060 | Manufacturing Systems        |
| Michael   | Thompson  | Manager | 000060 | Manufacturing Systems        |
| Theodore  | Spenser   | Manager | 000070 | Administration Systems       |
| Eileen    | Henderson | Manager | 000070 | Administration Systems       |
| Eva       | Pulaski   | Manager | 000070 | Administration Systems       |
| Irving    | Stern     | Manager | 000070 | Administration Systems       |
| John      | Geyer     | Manager | 000070 | Administration Systems       |
| Sally     | Kwan      | Manager | 000070 | Administration Systems       |
| Michael   | Thompson  | Manager | 000070 | Administration Systems       |
| Theodore  | Spenser   | Manager | 000050 | Support Services             |
| Eileen    | Henderson | Manager | 000050 | Support Services             |
| Eva       | Pulaski   | Manager | 000050 | Support Services             |
| Irving    | Stern     | Manager | 000050 | Support Services             |
| John      | Geyer     | Manager | 000050 | Support Services             |
| Sally     | Kwan      | Manager | 000050 | Support Services             |
| Michael   | Thompson  | Manager | 000050 | Support Services             |
| Theodore  | Spenser   | Manager | 000090 | Operations                   |
| Eileen    | Henderson | Manager | 000090 | Operations                   |
| Eva       | Pulaski   | Manager | 000090 | Operations                   |
| Irving    | Stern     | Manager | 000090 | Operations                   |
| John      | Geyer     | Manager | 000090 | Operations                   |
| Sally     | Kwan      | Manager | 000090 | Operations                   |
| Michael   | Thompson  | Manager | 000090 | Operations                   |
| Theodore  | Spenser   | Manager | 000100 | Software Support             |
| Eileen    | Henderson | Manager | 000100 | Software Support             |
| Eva       | Pulaski   | Manager | 000100 | Software Support             |
| Irving    | Stern     | Manager | 000100 | Software Support             |
| John      | Geyer     | Manager | 000100 | Software Support             |
| Sally     | Kwan      | Manager | 000100 | Software Support             |
| Michael   | Thompson  | Manager | 000100 | Software Support             |
+-----------+-----------+---------+--------+------------------------------+
63 rows in set (0.00 sec)

mysql> SELECT e.firstname, e.lastname, e.job, d.mgrno AS "Manager Dept No.", d.deptname AS "Dept Name"
    -> FROM Emp as e 
    -> INNER JOIN Dept as d
    -> ON e.job = "Manager";
+-----------+-----------+---------+------------------+------------------------------+
| firstname | lastname  | job     | Manager Dept No. | Dept Name                    |
+-----------+-----------+---------+------------------+------------------------------+
| Theodore  | Spenser   | Manager | 000010           | Spiffy Computer Service DIV. |
| Eileen    | Henderson | Manager | 000010           | Spiffy Computer Service DIV. |
| Eva       | Pulaski   | Manager | 000010           | Spiffy Computer Service DIV. |
| Irving    | Stern     | Manager | 000010           | Spiffy Computer Service DIV. |
| John      | Geyer     | Manager | 000010           | Spiffy Computer Service DIV. |
| Sally     | Kwan      | Manager | 000010           | Spiffy Computer Service DIV. |
| Michael   | Thompson  | Manager | 000010           | Spiffy Computer Service DIV. |
| Theodore  | Spenser   | Manager | 000020           | Planning                     |
| Eileen    | Henderson | Manager | 000020           | Planning                     |
| Eva       | Pulaski   | Manager | 000020           | Planning                     |
| Irving    | Stern     | Manager | 000020           | Planning                     |
| John      | Geyer     | Manager | 000020           | Planning                     |
| Sally     | Kwan      | Manager | 000020           | Planning                     |
| Michael   | Thompson  | Manager | 000020           | Planning                     |
| Theodore  | Spenser   | Manager | 000030           | Information Centre           |
| Eileen    | Henderson | Manager | 000030           | Information Centre           |
| Eva       | Pulaski   | Manager | 000030           | Information Centre           |
| Irving    | Stern     | Manager | 000030           | Information Centre           |
| John      | Geyer     | Manager | 000030           | Information Centre           |
| Sally     | Kwan      | Manager | 000030           | Information Centre           |
| Michael   | Thompson  | Manager | 000030           | Information Centre           |
| Theodore  | Spenser   | Manager | NULL             | Development Centre           |
| Eileen    | Henderson | Manager | NULL             | Development Centre           |
| Eva       | Pulaski   | Manager | NULL             | Development Centre           |
| Irving    | Stern     | Manager | NULL             | Development Centre           |
| John      | Geyer     | Manager | NULL             | Development Centre           |
| Sally     | Kwan      | Manager | NULL             | Development Centre           |
| Michael   | Thompson  | Manager | NULL             | Development Centre           |
| Theodore  | Spenser   | Manager | 000060           | Manufacturing Systems        |
| Eileen    | Henderson | Manager | 000060           | Manufacturing Systems        |
| Eva       | Pulaski   | Manager | 000060           | Manufacturing Systems        |
| Irving    | Stern     | Manager | 000060           | Manufacturing Systems        |
| John      | Geyer     | Manager | 000060           | Manufacturing Systems        |
| Sally     | Kwan      | Manager | 000060           | Manufacturing Systems        |
| Michael   | Thompson  | Manager | 000060           | Manufacturing Systems        |
| Theodore  | Spenser   | Manager | 000070           | Administration Systems       |
| Eileen    | Henderson | Manager | 000070           | Administration Systems       |
| Eva       | Pulaski   | Manager | 000070           | Administration Systems       |
| Irving    | Stern     | Manager | 000070           | Administration Systems       |
| John      | Geyer     | Manager | 000070           | Administration Systems       |
| Sally     | Kwan      | Manager | 000070           | Administration Systems       |
| Michael   | Thompson  | Manager | 000070           | Administration Systems       |
| Theodore  | Spenser   | Manager | 000050           | Support Services             |
| Eileen    | Henderson | Manager | 000050           | Support Services             |
| Eva       | Pulaski   | Manager | 000050           | Support Services             |
| Irving    | Stern     | Manager | 000050           | Support Services             |
| John      | Geyer     | Manager | 000050           | Support Services             |
| Sally     | Kwan      | Manager | 000050           | Support Services             |
| Michael   | Thompson  | Manager | 000050           | Support Services             |
| Theodore  | Spenser   | Manager | 000090           | Operations                   |
| Eileen    | Henderson | Manager | 000090           | Operations                   |
| Eva       | Pulaski   | Manager | 000090           | Operations                   |
| Irving    | Stern     | Manager | 000090           | Operations                   |
| John      | Geyer     | Manager | 000090           | Operations                   |
| Sally     | Kwan      | Manager | 000090           | Operations                   |
| Michael   | Thompson  | Manager | 000090           | Operations                   |
| Theodore  | Spenser   | Manager | 000100           | Software Support             |
| Eileen    | Henderson | Manager | 000100           | Software Support             |
| Eva       | Pulaski   | Manager | 000100           | Software Support             |
| Irving    | Stern     | Manager | 000100           | Software Support             |
| John      | Geyer     | Manager | 000100           | Software Support             |
| Sally     | Kwan      | Manager | 000100           | Software Support             |
| Michael   | Thompson  | Manager | 000100           | Software Support             |
+-----------+-----------+---------+------------------+------------------------------+
63 rows in set (0.00 sec)

mysql> desc Dept;
+----------+-------------+------+-----+---------+-------+
| Field    | Type        | Null | Key | Default | Extra |
+----------+-------------+------+-----+---------+-------+
| deptno   | char(3)     | NO   | PRI | NULL    |       |
| deptname | varchar(36) | NO   |     | NULL    |       |
| mgrno    | char(6)     | YES  |     | NULL    |       |
| admrdept | char(3)     | NO   |     | NULL    |       |
+----------+-------------+------+-----+---------+-------+
4 rows in set (0.00 sec)

mysql> SELECT d.deptno, d.deptname AS "Dept Name", e.firstname, e.lastname, e.job
    -> FROM Emp as e 
    -> RIGHT OUTER JOIN Dept as d
    -> ON e.job = "Manager";
+--------+------------------------------+-----------+-----------+---------+
| deptno | Dept Name                    | firstname | lastname  | job     |
+--------+------------------------------+-----------+-----------+---------+
| A00    | Spiffy Computer Service DIV. | Theodore  | Spenser   | Manager |
| A00    | Spiffy Computer Service DIV. | Eileen    | Henderson | Manager |
| A00    | Spiffy Computer Service DIV. | Eva       | Pulaski   | Manager |
| A00    | Spiffy Computer Service DIV. | Irving    | Stern     | Manager |
| A00    | Spiffy Computer Service DIV. | John      | Geyer     | Manager |
| A00    | Spiffy Computer Service DIV. | Sally     | Kwan      | Manager |
| A00    | Spiffy Computer Service DIV. | Michael   | Thompson  | Manager |
| B01    | Planning                     | Theodore  | Spenser   | Manager |
| B01    | Planning                     | Eileen    | Henderson | Manager |
| B01    | Planning                     | Eva       | Pulaski   | Manager |
| B01    | Planning                     | Irving    | Stern     | Manager |
| B01    | Planning                     | John      | Geyer     | Manager |
| B01    | Planning                     | Sally     | Kwan      | Manager |
| B01    | Planning                     | Michael   | Thompson  | Manager |
| C01    | Information Centre           | Theodore  | Spenser   | Manager |
| C01    | Information Centre           | Eileen    | Henderson | Manager |
| C01    | Information Centre           | Eva       | Pulaski   | Manager |
| C01    | Information Centre           | Irving    | Stern     | Manager |
| C01    | Information Centre           | John      | Geyer     | Manager |
| C01    | Information Centre           | Sally     | Kwan      | Manager |
| C01    | Information Centre           | Michael   | Thompson  | Manager |
| D01    | Development Centre           | Theodore  | Spenser   | Manager |
| D01    | Development Centre           | Eileen    | Henderson | Manager |
| D01    | Development Centre           | Eva       | Pulaski   | Manager |
| D01    | Development Centre           | Irving    | Stern     | Manager |
| D01    | Development Centre           | John      | Geyer     | Manager |
| D01    | Development Centre           | Sally     | Kwan      | Manager |
| D01    | Development Centre           | Michael   | Thompson  | Manager |
| D11    | Manufacturing Systems        | Theodore  | Spenser   | Manager |
| D11    | Manufacturing Systems        | Eileen    | Henderson | Manager |
| D11    | Manufacturing Systems        | Eva       | Pulaski   | Manager |
| D11    | Manufacturing Systems        | Irving    | Stern     | Manager |
| D11    | Manufacturing Systems        | John      | Geyer     | Manager |
| D11    | Manufacturing Systems        | Sally     | Kwan      | Manager |
| D11    | Manufacturing Systems        | Michael   | Thompson  | Manager |
| D21    | Administration Systems       | Theodore  | Spenser   | Manager |
| D21    | Administration Systems       | Eileen    | Henderson | Manager |
| D21    | Administration Systems       | Eva       | Pulaski   | Manager |
| D21    | Administration Systems       | Irving    | Stern     | Manager |
| D21    | Administration Systems       | John      | Geyer     | Manager |
| D21    | Administration Systems       | Sally     | Kwan      | Manager |
| D21    | Administration Systems       | Michael   | Thompson  | Manager |
| E01    | Support Services             | Theodore  | Spenser   | Manager |
| E01    | Support Services             | Eileen    | Henderson | Manager |
| E01    | Support Services             | Eva       | Pulaski   | Manager |
| E01    | Support Services             | Irving    | Stern     | Manager |
| E01    | Support Services             | John      | Geyer     | Manager |
| E01    | Support Services             | Sally     | Kwan      | Manager |
| E01    | Support Services             | Michael   | Thompson  | Manager |
| E11    | Operations                   | Theodore  | Spenser   | Manager |
| E11    | Operations                   | Eileen    | Henderson | Manager |
| E11    | Operations                   | Eva       | Pulaski   | Manager |
| E11    | Operations                   | Irving    | Stern     | Manager |
| E11    | Operations                   | John      | Geyer     | Manager |
| E11    | Operations                   | Sally     | Kwan      | Manager |
| E11    | Operations                   | Michael   | Thompson  | Manager |
| E21    | Software Support             | Theodore  | Spenser   | Manager |
| E21    | Software Support             | Eileen    | Henderson | Manager |
| E21    | Software Support             | Eva       | Pulaski   | Manager |
| E21    | Software Support             | Irving    | Stern     | Manager |
| E21    | Software Support             | John      | Geyer     | Manager |
| E21    | Software Support             | Sally     | Kwan      | Manager |
| E21    | Software Support             | Michael   | Thompson  | Manager |
+--------+------------------------------+-----------+-----------+---------+
63 rows in set (0.00 sec)

mysql> desc Emp;
+-----------+--------------+------+-----+---------+-------+
| Field     | Type         | Null | Key | Default | Extra |
+-----------+--------------+------+-----+---------+-------+
| empno     | char(6)      | NO   | PRI | NULL    |       |
| firstname | varchar(12)  | YES  |     | NULL    |       |
| midinit   | char(1)      | YES  |     | NULL    |       |
| lastname  | varchar(15)  | YES  |     | NULL    |       |
| workdept  | char(3)      | YES  | MUL | NULL    |       |
| phoneno   | char(4)      | YES  |     | NULL    |       |
| hiredate  | date         | YES  |     | NULL    |       |
| job       | char(10)     | YES  |     | NULL    |       |
| edlevel   | int          | YES  |     | NULL    |       |
| gender    | char(1)      | YES  |     | NULL    |       |
| birthdate | date         | YES  |     | NULL    |       |
| salary    | decimal(8,2) | YES  |     | NULL    |       |
| bonus     | decimal(8,2) | YES  |     | NULL    |       |
| comm      | decimal(8,2) | YES  |     | NULL    |       |
+-----------+--------------+------+-----+---------+-------+
14 rows in set (0.01 sec)

mysql> ^C
mysql> SELECT edlevel FROM Emp;
+---------+
| edlevel |
+---------+
|      18 |
|      18 |
|      20 |
|      16 |
|      16 |
|      16 |
|      16 |
|      14 |
|      19 |
|      14 |
|      16 |
|      18 |
|      16 |
|      17 |
|      16 |
|      17 |
|      16 |
|      16 |
|      17 |
|      18 |
|      14 |
|      17 |
|      15 |
|      16 |
|      15 |
|      17 |
|      12 |
|      14 |
|      12 |
|      16 |
|      14 |
|      16 |
+---------+
32 rows in set (0.00 sec)

mysql> desc Emp;
+-----------+--------------+------+-----+---------+-------+
| Field     | Type         | Null | Key | Default | Extra |
+-----------+--------------+------+-----+---------+-------+
| empno     | char(6)      | NO   | PRI | NULL    |       |
| firstname | varchar(12)  | YES  |     | NULL    |       |
| midinit   | char(1)      | YES  |     | NULL    |       |
| lastname  | varchar(15)  | YES  |     | NULL    |       |
| workdept  | char(3)      | YES  | MUL | NULL    |       |
| phoneno   | char(4)      | YES  |     | NULL    |       |
| hiredate  | date         | YES  |     | NULL    |       |
| job       | char(10)     | YES  |     | NULL    |       |
| edlevel   | int          | YES  |     | NULL    |       |
| gender    | char(1)      | YES  |     | NULL    |       |
| birthdate | date         | YES  |     | NULL    |       |
| salary    | decimal(8,2) | YES  |     | NULL    |       |
| bonus     | decimal(8,2) | YES  |     | NULL    |       |
| comm      | decimal(8,2) | YES  |     | NULL    |       |
+-----------+--------------+------+-----+---------+-------+
14 rows in set (0.01 sec)

mysql> select * from emp where job = &pres&;
ERROR 1064 (42000): You have an error in your SQL syntax; check the manual that corresponds to your MySQL server version for the right syntax to use near '&pres&' at line 1
mysql> select * from Emp where job = &pres&;
ERROR 1064 (42000): You have an error in your SQL syntax; check the manual that corresponds to your MySQL server version for the right syntax to use near '&pres&' at line 1
mysql> select * from Emp where job CONTAINS pres;
ERROR 1064 (42000): You have an error in your SQL syntax; check the manual that corresponds to your MySQL server version for the right syntax to use near 'CONTAINS pres' at line 1
mysql> select * from Emp where job LIKE &pres&;
ERROR 1064 (42000): You have an error in your SQL syntax; check the manual that corresponds to your MySQL server version for the right syntax to use near '&pres&' at line 1
mysql> select * from Emp where job LIKE &pres;
ERROR 1064 (42000): You have an error in your SQL syntax; check the manual that corresponds to your MySQL server version for the right syntax to use near '&pres' at line 1
mysql> select * from Emp where job LIKE pres;
ERROR 1054 (42S22): Unknown column 'pres' in 'where clause'
mysql> select * from Emp where job LIKE '&pres&';
Empty set (0.00 sec)

mysql> select * from Emp;
+--------+-----------+---------+-----------+----------+---------+------------+------------+---------+--------+------------+-----------+---------+---------+
| empno  | firstname | midinit | lastname  | workdept | phoneno | hiredate   | job        | edlevel | gender | birthdate  | salary    | bonus   | comm    |
+--------+-----------+---------+-----------+----------+---------+------------+------------+---------+--------+------------+-----------+---------+---------+
| 000010 | Christine | I       | Haas      | A00      | 3978    | 2000-01-01 | Pres       |      18 | F      | 1968-08-14 | 312750.00 | 1000.00 | 4220.00 |
| 000020 | Michael   | L       | Thompson  | B01      | 3476    | 2008-10-10 | Manager    |      18 | M      | 1983-02-02 | 161250.00 |  800.00 | 3000.00 |
| 000030 | Sally     | A       | Kwan      | C01      | 4738    | 2010-05-05 | Manager    |      20 | F      | 1980-05-11 | 158250.00 |  800.00 | 3060.00 |
| 000050 | John      | B       | Geyer     | E01      | 6789    | 2003-08-17 | Manager    |      16 | M      | 1975-09-15 | 160175.00 |  800.00 | 3214.00 |
| 000060 | Irving    | F       | Stern     | D11      | 6423    | 2003-09-14 | Manager    |      16 | M      | 1975-07-07 | 155555.00 |  600.00 | 2580.00 |
| 000070 | Eva       | D       | Pulaski   | D21      | 7831    | 2000-09-30 | Manager    |      16 | F      | 1983-05-26 | 156170.00 |  700.00 | 2893.00 |
| 000090 | Eileen    | W       | Henderson | E11      | 5498    | 2002-08-15 | Manager    |      16 | F      | 1976-05-15 | 149750.00 |  600.00 | 2380.00 |
| 000100 | Theodore  | Q       | Spenser   | E21      | 0972    | 2006-06-19 | Manager    |      14 | M      | 1989-12-18 | 146150.00 |  500.00 | 2092.00 |
| 000110 | Vincenzo  | G       | Lucchesi  | A00      | 3490    | 2003-05-16 | Salesrep   |      19 | M      | 1983-11-05 | 156500.00 |  900.00 | 3720.00 |
| 000120 | Sean      |         | Oconnell  | A00      | 2167    | 2003-10-05 | Programmer |      14 | M      | 1982-10-18 |  99250.00 |  600.00 | 2340.00 |
| 000130 | Dolores   | M       | Quintana  | C01      | 4578    | 2006-07-28 | Analyst    |      16 | F      | 1985-09-15 |  93800.00 |  500.00 | 1904.00 |
| 000140 | Heather   | A       | Nicholls  | C01      | 1793    | 2006-12-15 | Analyst    |      18 | F      | 1986-10-19 |  88420.00 |  600.00 | 2274.00 |
| 000150 | Bruce     |         | Adamson   | D11      | 4510    | 2007-02-12 | Designer   |      16 | M      | 1982-05-17 |  95280.00 |  500.00 | 2022.00 |
| 000160 | Elizabeth | R       | Pianka    | D11      | 3782    | 2009-10-11 | Designer   |      17 | F      | 1987-04-12 |  92250.00 |  400.00 | 1780.00 |
| 000170 | Masatoshi | J       | Yoshimura | D11      | 2890    | 2008-01-01 | Designer   |      16 | M      | 1986-01-05 |  84680.00 |  500.00 | 1974.00 |
| 000180 | Marilyn   | S       | Scoutten  | D11      | 1682    | 2003-07-07 | Designer   |      17 | F      | 1982-02-21 |  81340.00 |  500.00 | 1707.00 |
| 000190 | James     | H       | Walker    | D11      | 2986    | 2012-07-26 | Designer   |      16 | M      | 1992-06-25 |  70450.00 |  400.00 | 1636.00 |
| 000200 | David     |         | Brown     | D11      | 4501    | 2008-03-03 | Designer   |      16 | M      | 1986-05-29 |  77740.00 |  600.00 | 2217.00 |
| 000210 | William   | T       | Jones     | D11      | 0942    | 2009-04-11 | Designer   |      17 | M      | 1983-03-23 |  88270.00 |  400.00 | 1462.00 |
| 000220 | Jennifer  | K       | Lutz      | D11      | 0672    | 2004-08-29 | Designer   |      18 | F      | 1979-03-19 |  89840.00 |  600.00 | 2387.00 |
| 000230 | James     | J       | Jefferson | D21      | 2094    | 2011-11-21 | Programmer |      14 | M      | 1985-05-30 |  62180.00 |  400.00 | 1774.00 |
| 000240 | Salvatore | M       | Marino    | D21      | 3780    | 2009-12-05 | Programmer |      17 | M      | 1984-03-31 |  68760.00 |  600.00 | 2301.00 |
| 000250 | Daniel    | S       | Smith     | D21      | 0961    | 2009-10-30 | Programmer |      15 | M      | 1982-11-12 |  59180.00 |  400.00 | 1534.00 |
| 000260 | Sybil     | V       | Johnson   | D21      | 8953    | 2005-09-11 | Programmer |      16 | F      | 1986-10-05 |  57250.00 |  300.00 | 1380.00 |
| 000270 | 03ia      | L       | Perez     | D21      | 9001    | 2009-09-30 | Programmer |      15 | F      | 1983-05-26 |  57380.00 |  500.00 | 2190.00 |
| 000280 | Ethel     | R       | Schneider | E11      | 8997    | 2009-03-24 | Operator   |      17 | F      | 1986-03-28 |  86250.00 |  500.00 | 2100.00 |
| 000290 | John      | R       | Parker    | E11      | 4502    | 2006-05-30 | Operator   |      12 | M      | 1988-07-09 |  75340.00 |  300.00 | 1227.00 |
| 000300 | Philip    | X       | Smith     | E11      | 2095    | 2007-06-19 | Operator   |      14 | M      | 1986-10-27 |  77750.00 |  400.00 | 1420.00 |
| 000310 | Maude     | F       | Setright  | E11      | 3332    | 2001-09-12 | Operator   |      12 | F      | 1981-04-21 |  75900.00 |  300.00 | 1272.00 |
| 000320 | Ramlal    | V       | Mehta     | E21      | 9990    | 2005-07-07 | Fieldrep   |      16 | M      | 1982-08-11 |  99950.00 |  400.00 | 1596.00 |
| 000330 | Wing      |         | Lee       | E21      | 2103    | 1999-02-23 | Fieldrep   |      14 | M      | 1981-07-18 |  95370.00 |  500.00 | 2030.00 |
| 000340 | Jason     | R       | Gounot    | E21      | 5698    | 1999-05-05 | Fieldrep   |      16 | M      | 1976-05-17 | 123840.00 |  500.00 | 1907.00 |
+--------+-----------+---------+-----------+----------+---------+------------+------------+---------+--------+------------+-----------+---------+---------+
32 rows in set (0.00 sec)

mysql> select * from Emp where job LIKE '&Pres&';
Empty set (0.00 sec)

mysql> select * from Emp where job LIKE 'Pres';
+--------+-----------+---------+----------+----------+---------+------------+------+---------+--------+------------+-----------+---------+---------+
| empno  | firstname | midinit | lastname | workdept | phoneno | hiredate   | job  | edlevel | gender | birthdate  | salary    | bonus   | comm    |
+--------+-----------+---------+----------+----------+---------+------------+------+---------+--------+------------+-----------+---------+---------+
| 000010 | Christine | I       | Haas     | A00      | 3978    | 2000-01-01 | Pres |      18 | F      | 1968-08-14 | 312750.00 | 1000.00 | 4220.00 |
+--------+-----------+---------+----------+----------+---------+------------+------+---------+--------+------------+-----------+---------+---------+
1 row in set (0.00 sec)

mysql> SELECT e.edlevel FROM Emp AS e WHERE e.job LIKE 'Pres';
+---------+
| edlevel |
+---------+
|      18 |
+---------+
1 row in set (0.00 sec)

mysql> SELECT *
    -> FROM Emp as e
    -> WHERE e.edlevel >= (e.job LIKE 'Pres');
+--------+-----------+---------+-----------+----------+---------+------------+------------+---------+--------+------------+-----------+---------+---------+
| empno  | firstname | midinit | lastname  | workdept | phoneno | hiredate   | job        | edlevel | gender | birthdate  | salary    | bonus   | comm    |
+--------+-----------+---------+-----------+----------+---------+------------+------------+---------+--------+------------+-----------+---------+---------+
| 000010 | Christine | I       | Haas      | A00      | 3978    | 2000-01-01 | Pres       |      18 | F      | 1968-08-14 | 312750.00 | 1000.00 | 4220.00 |
| 000020 | Michael   | L       | Thompson  | B01      | 3476    | 2008-10-10 | Manager    |      18 | M      | 1983-02-02 | 161250.00 |  800.00 | 3000.00 |
| 000030 | Sally     | A       | Kwan      | C01      | 4738    | 2010-05-05 | Manager    |      20 | F      | 1980-05-11 | 158250.00 |  800.00 | 3060.00 |
| 000050 | John      | B       | Geyer     | E01      | 6789    | 2003-08-17 | Manager    |      16 | M      | 1975-09-15 | 160175.00 |  800.00 | 3214.00 |
| 000060 | Irving    | F       | Stern     | D11      | 6423    | 2003-09-14 | Manager    |      16 | M      | 1975-07-07 | 155555.00 |  600.00 | 2580.00 |
| 000070 | Eva       | D       | Pulaski   | D21      | 7831    | 2000-09-30 | Manager    |      16 | F      | 1983-05-26 | 156170.00 |  700.00 | 2893.00 |
| 000090 | Eileen    | W       | Henderson | E11      | 5498    | 2002-08-15 | Manager    |      16 | F      | 1976-05-15 | 149750.00 |  600.00 | 2380.00 |
| 000100 | Theodore  | Q       | Spenser   | E21      | 0972    | 2006-06-19 | Manager    |      14 | M      | 1989-12-18 | 146150.00 |  500.00 | 2092.00 |
| 000110 | Vincenzo  | G       | Lucchesi  | A00      | 3490    | 2003-05-16 | Salesrep   |      19 | M      | 1983-11-05 | 156500.00 |  900.00 | 3720.00 |
| 000120 | Sean      |         | Oconnell  | A00      | 2167    | 2003-10-05 | Programmer |      14 | M      | 1982-10-18 |  99250.00 |  600.00 | 2340.00 |
| 000130 | Dolores   | M       | Quintana  | C01      | 4578    | 2006-07-28 | Analyst    |      16 | F      | 1985-09-15 |  93800.00 |  500.00 | 1904.00 |
| 000140 | Heather   | A       | Nicholls  | C01      | 1793    | 2006-12-15 | Analyst    |      18 | F      | 1986-10-19 |  88420.00 |  600.00 | 2274.00 |
| 000150 | Bruce     |         | Adamson   | D11      | 4510    | 2007-02-12 | Designer   |      16 | M      | 1982-05-17 |  95280.00 |  500.00 | 2022.00 |
| 000160 | Elizabeth | R       | Pianka    | D11      | 3782    | 2009-10-11 | Designer   |      17 | F      | 1987-04-12 |  92250.00 |  400.00 | 1780.00 |
| 000170 | Masatoshi | J       | Yoshimura | D11      | 2890    | 2008-01-01 | Designer   |      16 | M      | 1986-01-05 |  84680.00 |  500.00 | 1974.00 |
| 000180 | Marilyn   | S       | Scoutten  | D11      | 1682    | 2003-07-07 | Designer   |      17 | F      | 1982-02-21 |  81340.00 |  500.00 | 1707.00 |
| 000190 | James     | H       | Walker    | D11      | 2986    | 2012-07-26 | Designer   |      16 | M      | 1992-06-25 |  70450.00 |  400.00 | 1636.00 |
| 000200 | David     |         | Brown     | D11      | 4501    | 2008-03-03 | Designer   |      16 | M      | 1986-05-29 |  77740.00 |  600.00 | 2217.00 |
| 000210 | William   | T       | Jones     | D11      | 0942    | 2009-04-11 | Designer   |      17 | M      | 1983-03-23 |  88270.00 |  400.00 | 1462.00 |
| 000220 | Jennifer  | K       | Lutz      | D11      | 0672    | 2004-08-29 | Designer   |      18 | F      | 1979-03-19 |  89840.00 |  600.00 | 2387.00 |
| 000230 | James     | J       | Jefferson | D21      | 2094    | 2011-11-21 | Programmer |      14 | M      | 1985-05-30 |  62180.00 |  400.00 | 1774.00 |
| 000240 | Salvatore | M       | Marino    | D21      | 3780    | 2009-12-05 | Programmer |      17 | M      | 1984-03-31 |  68760.00 |  600.00 | 2301.00 |
| 000250 | Daniel    | S       | Smith     | D21      | 0961    | 2009-10-30 | Programmer |      15 | M      | 1982-11-12 |  59180.00 |  400.00 | 1534.00 |
| 000260 | Sybil     | V       | Johnson   | D21      | 8953    | 2005-09-11 | Programmer |      16 | F      | 1986-10-05 |  57250.00 |  300.00 | 1380.00 |
| 000270 | 03ia      | L       | Perez     | D21      | 9001    | 2009-09-30 | Programmer |      15 | F      | 1983-05-26 |  57380.00 |  500.00 | 2190.00 |
| 000280 | Ethel     | R       | Schneider | E11      | 8997    | 2009-03-24 | Operator   |      17 | F      | 1986-03-28 |  86250.00 |  500.00 | 2100.00 |
| 000290 | John      | R       | Parker    | E11      | 4502    | 2006-05-30 | Operator   |      12 | M      | 1988-07-09 |  75340.00 |  300.00 | 1227.00 |
| 000300 | Philip    | X       | Smith     | E11      | 2095    | 2007-06-19 | Operator   |      14 | M      | 1986-10-27 |  77750.00 |  400.00 | 1420.00 |
| 000310 | Maude     | F       | Setright  | E11      | 3332    | 2001-09-12 | Operator   |      12 | F      | 1981-04-21 |  75900.00 |  300.00 | 1272.00 |
| 000320 | Ramlal    | V       | Mehta     | E21      | 9990    | 2005-07-07 | Fieldrep   |      16 | M      | 1982-08-11 |  99950.00 |  400.00 | 1596.00 |
| 000330 | Wing      |         | Lee       | E21      | 2103    | 1999-02-23 | Fieldrep   |      14 | M      | 1981-07-18 |  95370.00 |  500.00 | 2030.00 |
| 000340 | Jason     | R       | Gounot    | E21      | 5698    | 1999-05-05 | Fieldrep   |      16 | M      | 1976-05-17 | 123840.00 |  500.00 | 1907.00 |
+--------+-----------+---------+-----------+----------+---------+------------+------------+---------+--------+------------+-----------+---------+---------+
32 rows in set (0.00 sec)

mysql> SELECT *
    -> FROM Emp as e
    -> WHERE e.edlevel > (e.job LIKE 'Pres');
+--------+-----------+---------+-----------+----------+---------+------------+------------+---------+--------+------------+-----------+---------+---------+
| empno  | firstname | midinit | lastname  | workdept | phoneno | hiredate   | job        | edlevel | gender | birthdate  | salary    | bonus   | comm    |
+--------+-----------+---------+-----------+----------+---------+------------+------------+---------+--------+------------+-----------+---------+---------+
| 000010 | Christine | I       | Haas      | A00      | 3978    | 2000-01-01 | Pres       |      18 | F      | 1968-08-14 | 312750.00 | 1000.00 | 4220.00 |
| 000020 | Michael   | L       | Thompson  | B01      | 3476    | 2008-10-10 | Manager    |      18 | M      | 1983-02-02 | 161250.00 |  800.00 | 3000.00 |
| 000030 | Sally     | A       | Kwan      | C01      | 4738    | 2010-05-05 | Manager    |      20 | F      | 1980-05-11 | 158250.00 |  800.00 | 3060.00 |
| 000050 | John      | B       | Geyer     | E01      | 6789    | 2003-08-17 | Manager    |      16 | M      | 1975-09-15 | 160175.00 |  800.00 | 3214.00 |
| 000060 | Irving    | F       | Stern     | D11      | 6423    | 2003-09-14 | Manager    |      16 | M      | 1975-07-07 | 155555.00 |  600.00 | 2580.00 |
| 000070 | Eva       | D       | Pulaski   | D21      | 7831    | 2000-09-30 | Manager    |      16 | F      | 1983-05-26 | 156170.00 |  700.00 | 2893.00 |
| 000090 | Eileen    | W       | Henderson | E11      | 5498    | 2002-08-15 | Manager    |      16 | F      | 1976-05-15 | 149750.00 |  600.00 | 2380.00 |
| 000100 | Theodore  | Q       | Spenser   | E21      | 0972    | 2006-06-19 | Manager    |      14 | M      | 1989-12-18 | 146150.00 |  500.00 | 2092.00 |
| 000110 | Vincenzo  | G       | Lucchesi  | A00      | 3490    | 2003-05-16 | Salesrep   |      19 | M      | 1983-11-05 | 156500.00 |  900.00 | 3720.00 |
| 000120 | Sean      |         | Oconnell  | A00      | 2167    | 2003-10-05 | Programmer |      14 | M      | 1982-10-18 |  99250.00 |  600.00 | 2340.00 |
| 000130 | Dolores   | M       | Quintana  | C01      | 4578    | 2006-07-28 | Analyst    |      16 | F      | 1985-09-15 |  93800.00 |  500.00 | 1904.00 |
| 000140 | Heather   | A       | Nicholls  | C01      | 1793    | 2006-12-15 | Analyst    |      18 | F      | 1986-10-19 |  88420.00 |  600.00 | 2274.00 |
| 000150 | Bruce     |         | Adamson   | D11      | 4510    | 2007-02-12 | Designer   |      16 | M      | 1982-05-17 |  95280.00 |  500.00 | 2022.00 |
| 000160 | Elizabeth | R       | Pianka    | D11      | 3782    | 2009-10-11 | Designer   |      17 | F      | 1987-04-12 |  92250.00 |  400.00 | 1780.00 |
| 000170 | Masatoshi | J       | Yoshimura | D11      | 2890    | 2008-01-01 | Designer   |      16 | M      | 1986-01-05 |  84680.00 |  500.00 | 1974.00 |
| 000180 | Marilyn   | S       | Scoutten  | D11      | 1682    | 2003-07-07 | Designer   |      17 | F      | 1982-02-21 |  81340.00 |  500.00 | 1707.00 |
| 000190 | James     | H       | Walker    | D11      | 2986    | 2012-07-26 | Designer   |      16 | M      | 1992-06-25 |  70450.00 |  400.00 | 1636.00 |
| 000200 | David     |         | Brown     | D11      | 4501    | 2008-03-03 | Designer   |      16 | M      | 1986-05-29 |  77740.00 |  600.00 | 2217.00 |
| 000210 | William   | T       | Jones     | D11      | 0942    | 2009-04-11 | Designer   |      17 | M      | 1983-03-23 |  88270.00 |  400.00 | 1462.00 |
| 000220 | Jennifer  | K       | Lutz      | D11      | 0672    | 2004-08-29 | Designer   |      18 | F      | 1979-03-19 |  89840.00 |  600.00 | 2387.00 |
| 000230 | James     | J       | Jefferson | D21      | 2094    | 2011-11-21 | Programmer |      14 | M      | 1985-05-30 |  62180.00 |  400.00 | 1774.00 |
| 000240 | Salvatore | M       | Marino    | D21      | 3780    | 2009-12-05 | Programmer |      17 | M      | 1984-03-31 |  68760.00 |  600.00 | 2301.00 |
| 000250 | Daniel    | S       | Smith     | D21      | 0961    | 2009-10-30 | Programmer |      15 | M      | 1982-11-12 |  59180.00 |  400.00 | 1534.00 |
| 000260 | Sybil     | V       | Johnson   | D21      | 8953    | 2005-09-11 | Programmer |      16 | F      | 1986-10-05 |  57250.00 |  300.00 | 1380.00 |
| 000270 | 03ia      | L       | Perez     | D21      | 9001    | 2009-09-30 | Programmer |      15 | F      | 1983-05-26 |  57380.00 |  500.00 | 2190.00 |
| 000280 | Ethel     | R       | Schneider | E11      | 8997    | 2009-03-24 | Operator   |      17 | F      | 1986-03-28 |  86250.00 |  500.00 | 2100.00 |
| 000290 | John      | R       | Parker    | E11      | 4502    | 2006-05-30 | Operator   |      12 | M      | 1988-07-09 |  75340.00 |  300.00 | 1227.00 |
| 000300 | Philip    | X       | Smith     | E11      | 2095    | 2007-06-19 | Operator   |      14 | M      | 1986-10-27 |  77750.00 |  400.00 | 1420.00 |
| 000310 | Maude     | F       | Setright  | E11      | 3332    | 2001-09-12 | Operator   |      12 | F      | 1981-04-21 |  75900.00 |  300.00 | 1272.00 |
| 000320 | Ramlal    | V       | Mehta     | E21      | 9990    | 2005-07-07 | Fieldrep   |      16 | M      | 1982-08-11 |  99950.00 |  400.00 | 1596.00 |
| 000330 | Wing      |         | Lee       | E21      | 2103    | 1999-02-23 | Fieldrep   |      14 | M      | 1981-07-18 |  95370.00 |  500.00 | 2030.00 |
| 000340 | Jason     | R       | Gounot    | E21      | 5698    | 1999-05-05 | Fieldrep   |      16 | M      | 1976-05-17 | 123840.00 |  500.00 | 1907.00 |
+--------+-----------+---------+-----------+----------+---------+------------+------------+---------+--------+------------+-----------+---------+---------+
32 rows in set (0.00 sec)

mysql> SELECT *
    -> FROM Emp as e
    -> WHERE e.edlevel >= 18;
+--------+-----------+---------+----------+----------+---------+------------+----------+---------+--------+------------+-----------+---------+---------+
| empno  | firstname | midinit | lastname | workdept | phoneno | hiredate   | job      | edlevel | gender | birthdate  | salary    | bonus   | comm    |
+--------+-----------+---------+----------+----------+---------+------------+----------+---------+--------+------------+-----------+---------+---------+
| 000010 | Christine | I       | Haas     | A00      | 3978    | 2000-01-01 | Pres     |      18 | F      | 1968-08-14 | 312750.00 | 1000.00 | 4220.00 |
| 000020 | Michael   | L       | Thompson | B01      | 3476    | 2008-10-10 | Manager  |      18 | M      | 1983-02-02 | 161250.00 |  800.00 | 3000.00 |
| 000030 | Sally     | A       | Kwan     | C01      | 4738    | 2010-05-05 | Manager  |      20 | F      | 1980-05-11 | 158250.00 |  800.00 | 3060.00 |
| 000110 | Vincenzo  | G       | Lucchesi | A00      | 3490    | 2003-05-16 | Salesrep |      19 | M      | 1983-11-05 | 156500.00 |  900.00 | 3720.00 |
| 000140 | Heather   | A       | Nicholls | C01      | 1793    | 2006-12-15 | Analyst  |      18 | F      | 1986-10-19 |  88420.00 |  600.00 | 2274.00 |
| 000220 | Jennifer  | K       | Lutz     | D11      | 0672    | 2004-08-29 | Designer |      18 | F      | 1979-03-19 |  89840.00 |  600.00 | 2387.00 |
+--------+-----------+---------+----------+----------+---------+------------+----------+---------+--------+------------+-----------+---------+---------+
6 rows in set (0.00 sec)

mysql> SELECT *
    -> FROM Emp as e
    -> WHERE e.edlevel >= (e.edlevel WHERE e.job LIKE 'Pres');
ERROR 1064 (42000): You have an error in your SQL syntax; check the manual that corresponds to your MySQL server version for the right syntax to use near 'WHERE e.job LIKE 'Pres')' at line 3
mysql> SELECT *
    -> FROM Emp as e
    -> WHERE e.edlevel >= (e.edlevel LIMIT e.job LIKE 'Pres');
ERROR 1064 (42000): You have an error in your SQL syntax; check the manual that corresponds to your MySQL server version for the right syntax to use near 'LIMIT e.job LIKE 'Pres')' at line 3
mysql> SELECT *
    -> FROM Emp as e
    -> WHERE e.edlevel >= (SELECT e.edlevel WHERE e.job LIKE 'Pres');
+--------+-----------+---------+----------+----------+---------+------------+------+---------+--------+------------+-----------+---------+---------+
| empno  | firstname | midinit | lastname | workdept | phoneno | hiredate   | job  | edlevel | gender | birthdate  | salary    | bonus   | comm    |
+--------+-----------+---------+----------+----------+---------+------------+------+---------+--------+------------+-----------+---------+---------+
| 000010 | Christine | I       | Haas     | A00      | 3978    | 2000-01-01 | Pres |      18 | F      | 1968-08-14 | 312750.00 | 1000.00 | 4220.00 |
+--------+-----------+---------+----------+----------+---------+------------+------+---------+--------+------------+-----------+---------+---------+
1 row in set (0.00 sec)

mysql> 
mysql> SELECT *
    -> FROM Emp as e
    -> WHERE e.edlevel > (SELECT e.edlevel WHERE e.job LIKE 'Pres');
Empty set (0.00 sec)

mysql> SELECT *
    -> FROM Emp as e
    -> WHERE e.edlevel > (SELECT e.edlevel WHERE e.job LIKE 'Pres');
Empty set (0.00 sec)

mysql> SELECT e.edlevel FROM Emp AS e WHERE e.job LIKE 'Pres';
+---------+
| edlevel |
+---------+
|      18 |
+---------+
1 row in set (0.00 sec)

mysql> SELECT *
    -> FROM Emp as e
    -> WHERE e.edlevel > (SELECT e.edlevel WHERE e.job LIKE 'Pres');
Empty set (0.00 sec)

mysql> SELECT *
    -> FROM Emp as e
    -> WHERE e.edlevel < (SELECT e.edlevel WHERE e.job LIKE 'Pres');
Empty set (0.00 sec)

mysql> SELECT *
    -> FROM Emp as e
    -> WHERE e.edlevel >= 18;
+--------+-----------+---------+----------+----------+---------+------------+----------+---------+--------+------------+-----------+---------+---------+
| empno  | firstname | midinit | lastname | workdept | phoneno | hiredate   | job      | edlevel | gender | birthdate  | salary    | bonus   | comm    |
+--------+-----------+---------+----------+----------+---------+------------+----------+---------+--------+------------+-----------+---------+---------+
| 000010 | Christine | I       | Haas     | A00      | 3978    | 2000-01-01 | Pres     |      18 | F      | 1968-08-14 | 312750.00 | 1000.00 | 4220.00 |
| 000020 | Michael   | L       | Thompson | B01      | 3476    | 2008-10-10 | Manager  |      18 | M      | 1983-02-02 | 161250.00 |  800.00 | 3000.00 |
| 000030 | Sally     | A       | Kwan     | C01      | 4738    | 2010-05-05 | Manager  |      20 | F      | 1980-05-11 | 158250.00 |  800.00 | 3060.00 |
| 000110 | Vincenzo  | G       | Lucchesi | A00      | 3490    | 2003-05-16 | Salesrep |      19 | M      | 1983-11-05 | 156500.00 |  900.00 | 3720.00 |
| 000140 | Heather   | A       | Nicholls | C01      | 1793    | 2006-12-15 | Analyst  |      18 | F      | 1986-10-19 |  88420.00 |  600.00 | 2274.00 |
| 000220 | Jennifer  | K       | Lutz     | D11      | 0672    | 2004-08-29 | Designer |      18 | F      | 1979-03-19 |  89840.00 |  600.00 | 2387.00 |
+--------+-----------+---------+----------+----------+---------+------------+----------+---------+--------+------------+-----------+---------+---------+
6 rows in set (0.00 sec)

mysql> SELECT *
    -> FROM Emp as e
    -> WHERE e.edlevel < (SELECT e.edlevel WHERE e.job = 'Pres');
Empty set (0.00 sec)

mysql> SELECT *
    -> FROM Emp
    -> WHERE edlevel < (SELECT edlevel WHERE job = 'Pres');
Empty set (0.00 sec)

mysql> SELECT e.lastname, e.job, e.edlevel
    -> FROM Emp AS e 
    -> JOIN e.edlevel WHERE (e.job LIKE 'Pres' AS 'presEd')  
    -> ON e.job = "Manager";
ERROR 1064 (42000): You have an error in your SQL syntax; check the manual that corresponds to your MySQL server version for the right syntax to use near 'AS 'presEd')  
ON e.job = "Manager"' at line 3
mysql> SELECT e.lastname, e.job, e.edlevel
    -> FROM Emp AS e 
    -> JOIN e.edlevel
    -> ON e.job = "Pres";
ERROR 1049 (42000): Unknown database 'e'
mysql> SELECT e.lastname, e.job, e.edlevel
    -> FROM Emp AS e 
    -> JOIN Emp.edlevel
    -> ON e.job = "Pres";
ERROR 1049 (42000): Unknown database 'Emp'
mysql> SELECT *
    -> FROM Emp as e
    -> WHERE e.edlevel >= e.edlevel HAVING e.job LIKE 'Pres';
+--------+-----------+---------+----------+----------+---------+------------+------+---------+--------+------------+-----------+---------+---------+
| empno  | firstname | midinit | lastname | workdept | phoneno | hiredate   | job  | edlevel | gender | birthdate  | salary    | bonus   | comm    |
+--------+-----------+---------+----------+----------+---------+------------+------+---------+--------+------------+-----------+---------+---------+
| 000010 | Christine | I       | Haas     | A00      | 3978    | 2000-01-01 | Pres |      18 | F      | 1968-08-14 | 312750.00 | 1000.00 | 4220.00 |
+--------+-----------+---------+----------+----------+---------+------------+------+---------+--------+------------+-----------+---------+---------+
1 row in set (0.00 sec)

mysql> SELECT *
    -> FROM Emp as e
    -> HAVING e.edlevel >= e.edlevel WHERE e.job LIKE 'Pres'
    -> ;
ERROR 1064 (42000): You have an error in your SQL syntax; check the manual that corresponds to your MySQL server version for the right syntax to use near 'WHERE e.job LIKE 'Pres'' at line 3
mysql> SELECT *
    -> FROM Emp as e
    -> HAVING e.edlevel >= e.edlevel WHERE e.job LIKE 'Pres';
ERROR 1064 (42000): You have an error in your SQL syntax; check the manual that corresponds to your MySQL server version for the right syntax to use near 'WHERE e.job LIKE 'Pres'' at line 3
mysql> SELECT *
    -> FROM Emp as e
    -> HAVING e.edlevel >= e.edlevel WHERE e.job LIKE '%Pres%';
ERROR 1064 (42000): You have an error in your SQL syntax; check the manual that corresponds to your MySQL server version for the right syntax to use near 'WHERE e.job LIKE '%Pres%'' at line 3
mysql> SELECT *
    -> FROM Emp as e
    -> WHERE e.edlevel >= 18;
+--------+-----------+---------+----------+----------+---------+------------+----------+---------+--------+------------+-----------+---------+---------+
| empno  | firstname | midinit | lastname | workdept | phoneno | hiredate   | job      | edlevel | gender | birthdate  | salary    | bonus   | comm    |
+--------+-----------+---------+----------+----------+---------+------------+----------+---------+--------+------------+-----------+---------+---------+
| 000010 | Christine | I       | Haas     | A00      | 3978    | 2000-01-01 | Pres     |      18 | F      | 1968-08-14 | 312750.00 | 1000.00 | 4220.00 |
| 000020 | Michael   | L       | Thompson | B01      | 3476    | 2008-10-10 | Manager  |      18 | M      | 1983-02-02 | 161250.00 |  800.00 | 3000.00 |
| 000030 | Sally     | A       | Kwan     | C01      | 4738    | 2010-05-05 | Manager  |      20 | F      | 1980-05-11 | 158250.00 |  800.00 | 3060.00 |
| 000110 | Vincenzo  | G       | Lucchesi | A00      | 3490    | 2003-05-16 | Salesrep |      19 | M      | 1983-11-05 | 156500.00 |  900.00 | 3720.00 |
| 000140 | Heather   | A       | Nicholls | C01      | 1793    | 2006-12-15 | Analyst  |      18 | F      | 1986-10-19 |  88420.00 |  600.00 | 2274.00 |
| 000220 | Jennifer  | K       | Lutz     | D11      | 0672    | 2004-08-29 | Designer |      18 | F      | 1979-03-19 |  89840.00 |  600.00 | 2387.00 |
+--------+-----------+---------+----------+----------+---------+------------+----------+---------+--------+------------+-----------+---------+---------+
6 rows in set (0.00 sec)

mysql> SELECT *
    -> FROM Emp as e
    -> WHERE e.edlevel >= e.edlevel HAVING (e.job LIKE '%Pres%');
+--------+-----------+---------+----------+----------+---------+------------+------+---------+--------+------------+-----------+---------+---------+
| empno  | firstname | midinit | lastname | workdept | phoneno | hiredate   | job  | edlevel | gender | birthdate  | salary    | bonus   | comm    |
+--------+-----------+---------+----------+----------+---------+------------+------+---------+--------+------------+-----------+---------+---------+
| 000010 | Christine | I       | Haas     | A00      | 3978    | 2000-01-01 | Pres |      18 | F      | 1968-08-14 | 312750.00 | 1000.00 | 4220.00 |
+--------+-----------+---------+----------+----------+---------+------------+------+---------+--------+------------+-----------+---------+---------+
1 row in set (0.00 sec)

mysql> SELECT e.lastname, e.job, e.edlevel
    -> FROM Emp AS e 
    -> GROUP BY e.edlevel
    -> HAVING COUNT e.job >= 18;
ERROR 1064 (42000): You have an error in your SQL syntax; check the manual that corresponds to your MySQL server version for the right syntax to use near 'e.job >= 18' at line 4
mysql> SELECT e.lastname, e.job, e.edlevel
    -> FROM Emp AS e 
    -> GROUP BY e.job
    -> HAVING COUNT e.edlevel >= 18;
ERROR 1064 (42000): You have an error in your SQL syntax; check the manual that corresponds to your MySQL server version for the right syntax to use near 'e.edlevel >= 18' at line 4
mysql> SELECT lastname, job, edlevel, COUNT(edlevel.job) AS 'presEd'
    -> FROM Emp
    -> INNER JOIN Emp ON e.EmployeeID = Employees.EmployeeID
    -> GROUP BY edlevel
    -> HAVING COUNT(edlevel.job) <= edlevel;
ERROR 1066 (42000): Not unique table/alias: 'Emp'
mysql> SELECT lastname, job, edlevel, COUNT(edlevel)
    -> FROM Emp
    -> GROUP BY edlevel;
ERROR 1055 (42000): Expression #1 of SELECT list is not in GROUP BY clause and contains nonaggregated column 'company.Emp.lastname' which is not functionally dependent on columns in GROUP BY clause; this is incompatible with sql_mode=only_full_group_by
mysql> SELECT lastname, job, edlevel
    -> FROM Emp
    -> GROUP BY edlevel;
ERROR 1055 (42000): Expression #1 of SELECT list is not in GROUP BY clause and contains nonaggregated column 'company.Emp.lastname' which is not functionally dependent on columns in GROUP BY clause; this is incompatible with sql_mode=only_full_group_by
mysql> SELECT e.lastname, e.job, e.edlevel
    -> FROM Emp as e
    -> WHERE e.edlevel >= 18;
+----------+----------+---------+
| lastname | job      | edlevel |
+----------+----------+---------+
| Haas     | Pres     |      18 |
| Thompson | Manager  |      18 |
| Kwan     | Manager  |      20 |
| Lucchesi | Salesrep |      19 |
| Nicholls | Analyst  |      18 |
| Lutz     | Designer |      18 |
+----------+----------+---------+
6 rows in set (0.00 sec)

mysql> SELECT e.lastname, e.job, e.edlevel
    -> FROM Emp as e
    -> GROUP BY e.edlevel >= 18;
ERROR 1055 (42000): Expression #1 of SELECT list is not in GROUP BY clause and contains nonaggregated column 'company.e.lastname' which is not functionally dependent on columns in GROUP BY clause; this is incompatible with sql_mode=only_full_group_by
mysql> SELECT e.edlevel, count(*)
    -> FROM Emp as e
    -> GROUP BY e.edlevel;
+---------+----------+
| edlevel | count(*) |
+---------+----------+
|      18 |        4 |
|      20 |        1 |
|      16 |       12 |
|      14 |        5 |
|      19 |        1 |
|      17 |        5 |
|      15 |        2 |
|      12 |        2 |
+---------+----------+
8 rows in set (0.00 sec)

mysql> SELECT edlevel, count(*)
    -> FROM Emp
    -> GROUP BY edlevel
    -> ORDER BY edlevel;
+---------+----------+
| edlevel | count(*) |
+---------+----------+
|      12 |        2 |
|      14 |        5 |
|      15 |        2 |
|      16 |       12 |
|      17 |        5 |
|      18 |        4 |
|      19 |        1 |
|      20 |        1 |
+---------+----------+
8 rows in set (0.00 sec)

mysql> SELECT edlevel, count(*)
    -> FROM Emp
    -> GROUP BY edlevel
    -> ORDER BY edlevel DESC;
+---------+----------+
| edlevel | count(*) |
+---------+----------+
|      20 |        1 |
|      19 |        1 |
|      18 |        4 |
|      17 |        5 |
|      16 |       12 |
|      15 |        2 |
|      14 |        5 |
|      12 |        2 |
+---------+----------+
8 rows in set (0.00 sec)

mysql> SELECT lastname, job, edlevel, count(*)
    -> FROM Emp
    -> GROUP BY lastname, job, edlevel
    -> ORDER BY edlevel DESC;
+-----------+------------+---------+----------+
| lastname  | job        | edlevel | count(*) |
+-----------+------------+---------+----------+
| Kwan      | Manager    |      20 |        1 |
| Lucchesi  | Salesrep   |      19 |        1 |
| Thompson  | Manager    |      18 |        1 |
| Haas      | Pres       |      18 |        1 |
| Lutz      | Designer   |      18 |        1 |
| Nicholls  | Analyst    |      18 |        1 |
| Schneider | Operator   |      17 |        1 |
| Marino    | Programmer |      17 |        1 |
| Jones     | Designer   |      17 |        1 |
| Pianka    | Designer   |      17 |        1 |
| Scoutten  | Designer   |      17 |        1 |
| Gounot    | Fieldrep   |      16 |        1 |
| Mehta     | Fieldrep   |      16 |        1 |
| Johnson   | Programmer |      16 |        1 |
| Brown     | Designer   |      16 |        1 |
| Walker    | Designer   |      16 |        1 |
| Yoshimura | Designer   |      16 |        1 |
| Adamson   | Designer   |      16 |        1 |
| Quintana  | Analyst    |      16 |        1 |
| Henderson | Manager    |      16 |        1 |
| Pulaski   | Manager    |      16 |        1 |
| Stern     | Manager    |      16 |        1 |
| Geyer     | Manager    |      16 |        1 |
| Smith     | Programmer |      15 |        1 |
| Perez     | Programmer |      15 |        1 |
| Oconnell  | Programmer |      14 |        1 |
| Jefferson | Programmer |      14 |        1 |
| Spenser   | Manager    |      14 |        1 |
| Smith     | Operator   |      14 |        1 |
| Lee       | Fieldrep   |      14 |        1 |
| Parker    | Operator   |      12 |        1 |
| Setright  | Operator   |      12 |        1 |
+-----------+------------+---------+----------+
32 rows in set (0.00 sec)

mysql> SELECT lastname, job, edlevel
    -> FROM Emp
    -> GROUP BY lastname, job, edlevel
    -> ORDER BY edlevel DESC;
+-----------+------------+---------+
| lastname  | job        | edlevel |
+-----------+------------+---------+
| Kwan      | Manager    |      20 |
| Lucchesi  | Salesrep   |      19 |
| Thompson  | Manager    |      18 |
| Haas      | Pres       |      18 |
| Lutz      | Designer   |      18 |
| Nicholls  | Analyst    |      18 |
| Schneider | Operator   |      17 |
| Marino    | Programmer |      17 |
| Jones     | Designer   |      17 |
| Pianka    | Designer   |      17 |
| Scoutten  | Designer   |      17 |
| Gounot    | Fieldrep   |      16 |
| Mehta     | Fieldrep   |      16 |
| Johnson   | Programmer |      16 |
| Brown     | Designer   |      16 |
| Walker    | Designer   |      16 |
| Yoshimura | Designer   |      16 |
| Adamson   | Designer   |      16 |
| Quintana  | Analyst    |      16 |
| Henderson | Manager    |      16 |
| Pulaski   | Manager    |      16 |
| Stern     | Manager    |      16 |
| Geyer     | Manager    |      16 |
| Smith     | Programmer |      15 |
| Perez     | Programmer |      15 |
| Oconnell  | Programmer |      14 |
| Jefferson | Programmer |      14 |
| Spenser   | Manager    |      14 |
| Smith     | Operator   |      14 |
| Lee       | Fieldrep   |      14 |
| Parker    | Operator   |      12 |
| Setright  | Operator   |      12 |
+-----------+------------+---------+
32 rows in set (0.00 sec)

mysql> SELECT lastname, job, edlevel, count(edlevel.job = 'Pres')
    -> FROM Emp
    -> GROUP BY lastname, job, edlevel
    -> ORDER BY edlevel DESC;
ERROR 1054 (42S22): Unknown column 'edlevel.job' in 'field list'
mysql> SELECT lastname, job, edlevel, count(edlevel where job = 'Pres')
    -> FROM Emp
    -> GROUP BY lastname, job, edlevel
    -> ORDER BY edlevel DESC;
ERROR 1064 (42000): You have an error in your SQL syntax; check the manual that corresponds to your MySQL server version for the right syntax to use near 'where job = 'Pres')
FROM Emp
GROUP BY lastname, job, edlevel
ORDER BY edlevel DE' at line 1
mysql> SELECT lastname, job, edlevel, count(edlevel where job = 'Pres')
    -> FROM Emp
    -> GROUP BY lastname, job, edlevel
    -> ORDER BY edlevel DESC;
ERROR 1064 (42000): You have an error in your SQL syntax; check the manual that corresponds to your MySQL server version for the right syntax to use near 'where job = 'Pres')
FROM Emp
GROUP BY lastname, job, edlevel
ORDER BY edlevel DE' at line 1
mysql> SELECT lastname, job, edlevel, count(edlevel where job = 'Pres')
    -> FROM Emp
    -> GROUP BY lastname, job, edlevel;
ERROR 1064 (42000): You have an error in your SQL syntax; check the manual that corresponds to your MySQL server version for the right syntax to use near 'where job = 'Pres')
FROM Emp
GROUP BY lastname, job, edlevel' at line 1
mysql> SELECT lastname, job, edlevel, count(job LIKE 'Pres')
    -> FROM Emp
    -> GROUP BY lastname, job, edlevel;
+-----------+------------+---------+------------------------+
| lastname  | job        | edlevel | count(job LIKE 'Pres') |
+-----------+------------+---------+------------------------+
| Haas      | Pres       |      18 |                      1 |
| Thompson  | Manager    |      18 |                      1 |
| Kwan      | Manager    |      20 |                      1 |
| Geyer     | Manager    |      16 |                      1 |
| Stern     | Manager    |      16 |                      1 |
| Pulaski   | Manager    |      16 |                      1 |
| Henderson | Manager    |      16 |                      1 |
| Spenser   | Manager    |      14 |                      1 |
| Lucchesi  | Salesrep   |      19 |                      1 |
| Oconnell  | Programmer |      14 |                      1 |
| Quintana  | Analyst    |      16 |                      1 |
| Nicholls  | Analyst    |      18 |                      1 |
| Adamson   | Designer   |      16 |                      1 |
| Pianka    | Designer   |      17 |                      1 |
| Yoshimura | Designer   |      16 |                      1 |
| Scoutten  | Designer   |      17 |                      1 |
| Walker    | Designer   |      16 |                      1 |
| Brown     | Designer   |      16 |                      1 |
| Jones     | Designer   |      17 |                      1 |
| Lutz      | Designer   |      18 |                      1 |
| Jefferson | Programmer |      14 |                      1 |
| Marino    | Programmer |      17 |                      1 |
| Smith     | Programmer |      15 |                      1 |
| Johnson   | Programmer |      16 |                      1 |
| Perez     | Programmer |      15 |                      1 |
| Schneider | Operator   |      17 |                      1 |
| Parker    | Operator   |      12 |                      1 |
| Smith     | Operator   |      14 |                      1 |
| Setright  | Operator   |      12 |                      1 |
| Mehta     | Fieldrep   |      16 |                      1 |
| Lee       | Fieldrep   |      14 |                      1 |
| Gounot    | Fieldrep   |      16 |                      1 |
+-----------+------------+---------+------------------------+
32 rows in set (0.00 sec)

mysql> SELECT lastname, job, edlevel, count(job LIKE 'Pres')
    -> FROM Emp
    -> GROUP BY lastname, job, edlevel;
+-----------+------------+---------+------------------------+
| lastname  | job        | edlevel | count(job LIKE 'Pres') |
+-----------+------------+---------+------------------------+
| Haas      | Pres       |      18 |                      1 |
| Thompson  | Manager    |      18 |                      1 |
| Kwan      | Manager    |      20 |                      1 |
| Geyer     | Manager    |      16 |                      1 |
| Stern     | Manager    |      16 |                      1 |
| Pulaski   | Manager    |      16 |                      1 |
| Henderson | Manager    |      16 |                      1 |
| Spenser   | Manager    |      14 |                      1 |
| Lucchesi  | Salesrep   |      19 |                      1 |
| Oconnell  | Programmer |      14 |                      1 |
| Quintana  | Analyst    |      16 |                      1 |
| Nicholls  | Analyst    |      18 |                      1 |
| Adamson   | Designer   |      16 |                      1 |
| Pianka    | Designer   |      17 |                      1 |
| Yoshimura | Designer   |      16 |                      1 |
| Scoutten  | Designer   |      17 |                      1 |
| Walker    | Designer   |      16 |                      1 |
| Brown     | Designer   |      16 |                      1 |
| Jones     | Designer   |      17 |                      1 |
| Lutz      | Designer   |      18 |                      1 |
| Jefferson | Programmer |      14 |                      1 |
| Marino    | Programmer |      17 |                      1 |
| Smith     | Programmer |      15 |                      1 |
| Johnson   | Programmer |      16 |                      1 |
| Perez     | Programmer |      15 |                      1 |
| Schneider | Operator   |      17 |                      1 |
| Parker    | Operator   |      12 |                      1 |
| Smith     | Operator   |      14 |                      1 |
| Setright  | Operator   |      12 |                      1 |
| Mehta     | Fieldrep   |      16 |                      1 |
| Lee       | Fieldrep   |      14 |                      1 |
| Gounot    | Fieldrep   |      16 |                      1 |
+-----------+------------+---------+------------------------+
32 rows in set (0.00 sec)

mysql> SELECT lastname, job, edlevel --, count(job LIKE 'Pres')
    -> FROM Emp
    -> GROUP BY lastname, job, edlevel;
ERROR 1064 (42000): You have an error in your SQL syntax; check the manual that corresponds to your MySQL server version for the right syntax to use near ', count(job LIKE 'Pres')
FROM Emp
GROUP BY lastname, job, edlevel' at line 1
mysql> SELECT lastname, job, edlevel
    -> FROM Emp
    -> GROUP BY lastname, job, edlevel;
+-----------+------------+---------+
| lastname  | job        | edlevel |
+-----------+------------+---------+
| Haas      | Pres       |      18 |
| Thompson  | Manager    |      18 |
| Kwan      | Manager    |      20 |
| Geyer     | Manager    |      16 |
| Stern     | Manager    |      16 |
| Pulaski   | Manager    |      16 |
| Henderson | Manager    |      16 |
| Spenser   | Manager    |      14 |
| Lucchesi  | Salesrep   |      19 |
| Oconnell  | Programmer |      14 |
| Quintana  | Analyst    |      16 |
| Nicholls  | Analyst    |      18 |
| Adamson   | Designer   |      16 |
| Pianka    | Designer   |      17 |
| Yoshimura | Designer   |      16 |
| Scoutten  | Designer   |      17 |
| Walker    | Designer   |      16 |
| Brown     | Designer   |      16 |
| Jones     | Designer   |      17 |
| Lutz      | Designer   |      18 |
| Jefferson | Programmer |      14 |
| Marino    | Programmer |      17 |
| Smith     | Programmer |      15 |
| Johnson   | Programmer |      16 |
| Perez     | Programmer |      15 |
| Schneider | Operator   |      17 |
| Parker    | Operator   |      12 |
| Smith     | Operator   |      14 |
| Setright  | Operator   |      12 |
| Mehta     | Fieldrep   |      16 |
| Lee       | Fieldrep   |      14 |
| Gounot    | Fieldrep   |      16 |
+-----------+------------+---------+
32 rows in set (0.01 sec)

mysql> SELECT lastname, job, edlevel
    -> FROM Emp
    -> GROUP BY lastname, job, edlevel
    -> ORDER BY edlevel DESC;
+-----------+------------+---------+
| lastname  | job        | edlevel |
+-----------+------------+---------+
| Kwan      | Manager    |      20 |
| Lucchesi  | Salesrep   |      19 |
| Thompson  | Manager    |      18 |
| Haas      | Pres       |      18 |
| Lutz      | Designer   |      18 |
| Nicholls  | Analyst    |      18 |
| Schneider | Operator   |      17 |
| Marino    | Programmer |      17 |
| Jones     | Designer   |      17 |
| Pianka    | Designer   |      17 |
| Scoutten  | Designer   |      17 |
| Gounot    | Fieldrep   |      16 |
| Mehta     | Fieldrep   |      16 |
| Johnson   | Programmer |      16 |
| Brown     | Designer   |      16 |
| Walker    | Designer   |      16 |
| Yoshimura | Designer   |      16 |
| Adamson   | Designer   |      16 |
| Quintana  | Analyst    |      16 |
| Henderson | Manager    |      16 |
| Pulaski   | Manager    |      16 |
| Stern     | Manager    |      16 |
| Geyer     | Manager    |      16 |
| Smith     | Programmer |      15 |
| Perez     | Programmer |      15 |
| Oconnell  | Programmer |      14 |
| Jefferson | Programmer |      14 |
| Spenser   | Manager    |      14 |
| Smith     | Operator   |      14 |
| Lee       | Fieldrep   |      14 |
| Parker    | Operator   |      12 |
| Setright  | Operator   |      12 |
+-----------+------------+---------+
32 rows in set (0.00 sec)

mysql> 
mysql> SELECT lastname, job, edlevel
    -> FROM Emp
    -> GROUP BY edlevel
    -> ORDER BY edlevel DESC;
ERROR 1055 (42000): Expression #1 of SELECT list is not in GROUP BY clause and contains nonaggregated column 'company.Emp.lastname' which is not functionally dependent on columns in GROUP BY clause; this is incompatible with sql_mode=only_full_group_by
mysql> 
mysql> SELECT lastname, job, edlevel
    -> FROM Emp
    -> GROUP BY lastname, job, edlevel
    -> ORDER BY edlevel DESC;
+-----------+------------+---------+
| lastname  | job        | edlevel |
+-----------+------------+---------+
| Kwan      | Manager    |      20 |
| Lucchesi  | Salesrep   |      19 |
| Thompson  | Manager    |      18 |
| Haas      | Pres       |      18 |
| Lutz      | Designer   |      18 |
| Nicholls  | Analyst    |      18 |
| Schneider | Operator   |      17 |
| Marino    | Programmer |      17 |
| Jones     | Designer   |      17 |
| Pianka    | Designer   |      17 |
| Scoutten  | Designer   |      17 |
| Gounot    | Fieldrep   |      16 |
| Mehta     | Fieldrep   |      16 |
| Johnson   | Programmer |      16 |
| Brown     | Designer   |      16 |
| Walker    | Designer   |      16 |
| Yoshimura | Designer   |      16 |
| Adamson   | Designer   |      16 |
| Quintana  | Analyst    |      16 |
| Henderson | Manager    |      16 |
| Pulaski   | Manager    |      16 |
| Stern     | Manager    |      16 |
| Geyer     | Manager    |      16 |
| Smith     | Programmer |      15 |
| Perez     | Programmer |      15 |
| Oconnell  | Programmer |      14 |
| Jefferson | Programmer |      14 |
| Spenser   | Manager    |      14 |
| Smith     | Operator   |      14 |
| Lee       | Fieldrep   |      14 |
| Parker    | Operator   |      12 |
| Setright  | Operator   |      12 |
+-----------+------------+---------+
32 rows in set (0.00 sec)

mysql> SELECT lastname, job, edlevel
    -> FROM Emp
    -> GROUP BY lastname, job, edlevel
    -> HAVING edlevel >= 18;
+----------+----------+---------+
| lastname | job      | edlevel |
+----------+----------+---------+
| Haas     | Pres     |      18 |
| Thompson | Manager  |      18 |
| Kwan     | Manager  |      20 |
| Lucchesi | Salesrep |      19 |
| Nicholls | Analyst  |      18 |
| Lutz     | Designer |      18 |
+----------+----------+---------+
6 rows in set (0.00 sec)

mysql> SELECT lastname, job, edlevel
    -> FROM Emp
    -> GROUP BY lastname, job, edlevel
    -> HAVING edlevel >= COUNT(edlevel WHERE job LIKE 'Pres');
ERROR 1064 (42000): You have an error in your SQL syntax; check the manual that corresponds to your MySQL server version for the right syntax to use near 'WHERE job LIKE 'Pres')' at line 4
mysql> SELECT lastname, job, edlevel
    -> FROM Emp
    -> GROUP BY lastname, job, edlevel
    -> HAVING edlevel >= SELECT(edlevel WHERE job LIKE 'Pres');
ERROR 1064 (42000): You have an error in your SQL syntax; check the manual that corresponds to your MySQL server version for the right syntax to use near 'SELECT(edlevel WHERE job LIKE 'Pres')' at line 4
mysql> SELECT lastname, job, edlevel
    -> FROM Emp
    -> GROUP BY lastname, job, edlevel
    -> HAVING edlevel >= COUNT(edlevel HAVING job LIKE 'Pres');
ERROR 1064 (42000): You have an error in your SQL syntax; check the manual that corresponds to your MySQL server version for the right syntax to use near 'HAVING job LIKE 'Pres')' at line 4
mysql> SELECT lastname, job, edlevel
    -> FROM Emp
    -> GROUP BY lastname, job, edlevel
    -> WHERE edlevel >= COUNT(edlevel HAVING job LIKE 'Pres');
ERROR 1064 (42000): You have an error in your SQL syntax; check the manual that corresponds to your MySQL server version for the right syntax to use near 'WHERE edlevel >= COUNT(edlevel HAVING job LIKE 'Pres')' at line 4
mysql> SELECT lastname, job, edlevel
    -> FROM Emp
    -> GROUP BY lastname, job, edlevel
    -> HAVING edlevel >= edlevel HAVING job LIKE 'Pres';
ERROR 1064 (42000): You have an error in your SQL syntax; check the manual that corresponds to your MySQL server version for the right syntax to use near 'HAVING job LIKE 'Pres'' at line 4
mysql> SELECT lastname, job, edlevel
    -> FROM Emp
    -> GROUP BY lastname, job, edlevel
    -> HAVING edlevel >= job LIKE 'Pres';
+-----------+------------+---------+
| lastname  | job        | edlevel |
+-----------+------------+---------+
| Haas      | Pres       |      18 |
| Thompson  | Manager    |      18 |
| Kwan      | Manager    |      20 |
| Geyer     | Manager    |      16 |
| Stern     | Manager    |      16 |
| Pulaski   | Manager    |      16 |
| Henderson | Manager    |      16 |
| Spenser   | Manager    |      14 |
| Lucchesi  | Salesrep   |      19 |
| Oconnell  | Programmer |      14 |
| Quintana  | Analyst    |      16 |
| Nicholls  | Analyst    |      18 |
| Adamson   | Designer   |      16 |
| Pianka    | Designer   |      17 |
| Yoshimura | Designer   |      16 |
| Scoutten  | Designer   |      17 |
| Walker    | Designer   |      16 |
| Brown     | Designer   |      16 |
| Jones     | Designer   |      17 |
| Lutz      | Designer   |      18 |
| Jefferson | Programmer |      14 |
| Marino    | Programmer |      17 |
| Smith     | Programmer |      15 |
| Johnson   | Programmer |      16 |
| Perez     | Programmer |      15 |
| Schneider | Operator   |      17 |
| Parker    | Operator   |      12 |
| Smith     | Operator   |      14 |
| Setright  | Operator   |      12 |
| Mehta     | Fieldrep   |      16 |
| Lee       | Fieldrep   |      14 |
| Gounot    | Fieldrep   |      16 |
+-----------+------------+---------+
32 rows in set (0.00 sec)

mysql> SELECT lastname, job, edlevel
    -> FROM Emp
    -> WHERE job LIKE 'Pres'
    -> GROUP BY lastname, job, edlevel;
+----------+------+---------+
| lastname | job  | edlevel |
+----------+------+---------+
| Haas     | Pres |      18 |
+----------+------+---------+
1 row in set (0.00 sec)

mysql> SELECT lastname, job, edlevel
    -> FROM Emp
    -> WHERE job LIKE 'Pres'
    -> GROUP BY 1, 2, 3
    -> ORDER BY edlevel DESC;
+----------+------+---------+
| lastname | job  | edlevel |
+----------+------+---------+
| Haas     | Pres |      18 |
+----------+------+---------+
1 row in set (0.00 sec)

mysql> SELECT lastname, job, edlevel
    -> FROM Emp
    -> GROUP BY lastname, job, edlevel;
+-----------+------------+---------+
| lastname  | job        | edlevel |
+-----------+------------+---------+
| Haas      | Pres       |      18 |
| Thompson  | Manager    |      18 |
| Kwan      | Manager    |      20 |
| Geyer     | Manager    |      16 |
| Stern     | Manager    |      16 |
| Pulaski   | Manager    |      16 |
| Henderson | Manager    |      16 |
| Spenser   | Manager    |      14 |
| Lucchesi  | Salesrep   |      19 |
| Oconnell  | Programmer |      14 |
| Quintana  | Analyst    |      16 |
| Nicholls  | Analyst    |      18 |
| Adamson   | Designer   |      16 |
| Pianka    | Designer   |      17 |
| Yoshimura | Designer   |      16 |
| Scoutten  | Designer   |      17 |
| Walker    | Designer   |      16 |
| Brown     | Designer   |      16 |
| Jones     | Designer   |      17 |
| Lutz      | Designer   |      18 |
| Jefferson | Programmer |      14 |
| Marino    | Programmer |      17 |
| Smith     | Programmer |      15 |
| Johnson   | Programmer |      16 |
| Perez     | Programmer |      15 |
| Schneider | Operator   |      17 |
| Parker    | Operator   |      12 |
| Smith     | Operator   |      14 |
| Setright  | Operator   |      12 |
| Mehta     | Fieldrep   |      16 |
| Lee       | Fieldrep   |      14 |
| Gounot    | Fieldrep   |      16 |
+-----------+------------+---------+
32 rows in set (0.00 sec)

mysql> SELECT lastname, job, edlevel
    -> FROM Emp
    -> GROUP BY lastname, job, edlevel;
+-----------+------------+---------+
| lastname  | job        | edlevel |
+-----------+------------+---------+
| Haas      | Pres       |      18 |
| Thompson  | Manager    |      18 |
| Kwan      | Manager    |      20 |
| Geyer     | Manager    |      16 |
| Stern     | Manager    |      16 |
| Pulaski   | Manager    |      16 |
| Henderson | Manager    |      16 |
| Spenser   | Manager    |      14 |
| Lucchesi  | Salesrep   |      19 |
| Oconnell  | Programmer |      14 |
| Quintana  | Analyst    |      16 |
| Nicholls  | Analyst    |      18 |
| Adamson   | Designer   |      16 |
| Pianka    | Designer   |      17 |
| Yoshimura | Designer   |      16 |
| Scoutten  | Designer   |      17 |
| Walker    | Designer   |      16 |
| Brown     | Designer   |      16 |
| Jones     | Designer   |      17 |
| Lutz      | Designer   |      18 |
| Jefferson | Programmer |      14 |
| Marino    | Programmer |      17 |
| Smith     | Programmer |      15 |
| Johnson   | Programmer |      16 |
| Perez     | Programmer |      15 |
| Schneider | Operator   |      17 |
| Parker    | Operator   |      12 |
| Smith     | Operator   |      14 |
| Setright  | Operator   |      12 |
| Mehta     | Fieldrep   |      16 |
| Lee       | Fieldrep   |      14 |
| Gounot    | Fieldrep   |      16 |
+-----------+------------+---------+
32 rows in set (0.00 sec)

mysql> SELECT lastname, job, edlevel
    -> FROM Emp
    -> GROUP BY lastname, job, edlevel;
+-----------+------------+---------+
| lastname  | job        | edlevel |
+-----------+------------+---------+
| Haas      | Pres       |      18 |
| Thompson  | Manager    |      18 |
| Kwan      | Manager    |      20 |
| Geyer     | Manager    |      16 |
| Stern     | Manager    |      16 |
| Pulaski   | Manager    |      16 |
| Henderson | Manager    |      16 |
| Spenser   | Manager    |      14 |
| Lucchesi  | Salesrep   |      19 |
| Oconnell  | Programmer |      14 |
| Quintana  | Analyst    |      16 |
| Nicholls  | Analyst    |      18 |
| Adamson   | Designer   |      16 |
| Pianka    | Designer   |      17 |
| Yoshimura | Designer   |      16 |
| Scoutten  | Designer   |      17 |
| Walker    | Designer   |      16 |
| Brown     | Designer   |      16 |
| Jones     | Designer   |      17 |
| Lutz      | Designer   |      18 |
| Jefferson | Programmer |      14 |
| Marino    | Programmer |      17 |
| Smith     | Programmer |      15 |
| Johnson   | Programmer |      16 |
| Perez     | Programmer |      15 |
| Schneider | Operator   |      17 |
| Parker    | Operator   |      12 |
| Smith     | Operator   |      14 |
| Setright  | Operator   |      12 |
| Mehta     | Fieldrep   |      16 |
| Lee       | Fieldrep   |      14 |
| Gounot    | Fieldrep   |      16 |
+-----------+------------+---------+
32 rows in set (0.00 sec)

mysql> SELECT lastname, job, edlevel
    -> FROM Emp
    -> GROUP BY lastname, job, edlevel;
+-----------+------------+---------+
| lastname  | job        | edlevel |
+-----------+------------+---------+
| Haas      | Pres       |      18 |
| Thompson  | Manager    |      18 |
| Kwan      | Manager    |      20 |
| Geyer     | Manager    |      16 |
| Stern     | Manager    |      16 |
| Pulaski   | Manager    |      16 |
| Henderson | Manager    |      16 |
| Spenser   | Manager    |      14 |
| Lucchesi  | Salesrep   |      19 |
| Oconnell  | Programmer |      14 |
| Quintana  | Analyst    |      16 |
| Nicholls  | Analyst    |      18 |
| Adamson   | Designer   |      16 |
| Pianka    | Designer   |      17 |
| Yoshimura | Designer   |      16 |
| Scoutten  | Designer   |      17 |
| Walker    | Designer   |      16 |
| Brown     | Designer   |      16 |
| Jones     | Designer   |      17 |
| Lutz      | Designer   |      18 |
| Jefferson | Programmer |      14 |
| Marino    | Programmer |      17 |
| Smith     | Programmer |      15 |
| Johnson   | Programmer |      16 |
| Perez     | Programmer |      15 |
| Schneider | Operator   |      17 |
| Parker    | Operator   |      12 |
| Smith     | Operator   |      14 |
| Setright  | Operator   |      12 |
| Mehta     | Fieldrep   |      16 |
| Lee       | Fieldrep   |      14 |
| Gounot    | Fieldrep   |      16 |
+-----------+------------+---------+
32 rows in set (0.00 sec)

mysql> SELECT lastname, job, edlevel
    -> FROM Emp
    -> GROUP BY lastname, job, edlevel;
+-----------+------------+---------+
| lastname  | job        | edlevel |
+-----------+------------+---------+
| Haas      | Pres       |      18 |
| Thompson  | Manager    |      18 |
| Kwan      | Manager    |      20 |
| Geyer     | Manager    |      16 |
| Stern     | Manager    |      16 |
| Pulaski   | Manager    |      16 |
| Henderson | Manager    |      16 |
| Spenser   | Manager    |      14 |
| Lucchesi  | Salesrep   |      19 |
| Oconnell  | Programmer |      14 |
| Quintana  | Analyst    |      16 |
| Nicholls  | Analyst    |      18 |
| Adamson   | Designer   |      16 |
| Pianka    | Designer   |      17 |
| Yoshimura | Designer   |      16 |
| Scoutten  | Designer   |      17 |
| Walker    | Designer   |      16 |
| Brown     | Designer   |      16 |
| Jones     | Designer   |      17 |
| Lutz      | Designer   |      18 |
| Jefferson | Programmer |      14 |
| Marino    | Programmer |      17 |
| Smith     | Programmer |      15 |
| Johnson   | Programmer |      16 |
| Perez     | Programmer |      15 |
| Schneider | Operator   |      17 |
| Parker    | Operator   |      12 |
| Smith     | Operator   |      14 |
| Setright  | Operator   |      12 |
| Mehta     | Fieldrep   |      16 |
| Lee       | Fieldrep   |      14 |
| Gounot    | Fieldrep   |      16 |
+-----------+------------+---------+
32 rows in set (0.00 sec)

mysql> SELECT e.lastname, e.job, e.edlevel
    -> FROM Emp as e
    -> WHERE e.edlevel >= 18;
+----------+----------+---------+
| lastname | job      | edlevel |
+----------+----------+---------+
| Haas     | Pres     |      18 |
| Thompson | Manager  |      18 |
| Kwan     | Manager  |      20 |
| Lucchesi | Salesrep |      19 |
| Nicholls | Analyst  |      18 |
| Lutz     | Designer |      18 |
+----------+----------+---------+
6 rows in set (0.00 sec)

mysql> SELECT lastname, job, edlevel
    -> FROM Emp
    -> GROUP BY lastname, job, edlevel;
+-----------+------------+---------+
| lastname  | job        | edlevel |
+-----------+------------+---------+
| Haas      | Pres       |      18 |
| Thompson  | Manager    |      18 |
| Kwan      | Manager    |      20 |
| Geyer     | Manager    |      16 |
| Stern     | Manager    |      16 |
| Pulaski   | Manager    |      16 |
| Henderson | Manager    |      16 |
| Spenser   | Manager    |      14 |
| Lucchesi  | Salesrep   |      19 |
| Oconnell  | Programmer |      14 |
| Quintana  | Analyst    |      16 |
| Nicholls  | Analyst    |      18 |
| Adamson   | Designer   |      16 |
| Pianka    | Designer   |      17 |
| Yoshimura | Designer   |      16 |
| Scoutten  | Designer   |      17 |
| Walker    | Designer   |      16 |
| Brown     | Designer   |      16 |
| Jones     | Designer   |      17 |
| Lutz      | Designer   |      18 |
| Jefferson | Programmer |      14 |
| Marino    | Programmer |      17 |
| Smith     | Programmer |      15 |
| Johnson   | Programmer |      16 |
| Perez     | Programmer |      15 |
| Schneider | Operator   |      17 |
| Parker    | Operator   |      12 |
| Smith     | Operator   |      14 |
| Setright  | Operator   |      12 |
| Mehta     | Fieldrep   |      16 |
| Lee       | Fieldrep   |      14 |
| Gounot    | Fieldrep   |      16 |
+-----------+------------+---------+
32 rows in set (0.00 sec)

mysql> SELECT lastname, job, edlevel
    -> FROM Emp
    -> GROUP BY lastname, job, edlevel
    -> HAVING edlevel >= 18
    -> ORDER BY edlevel DESC;
+----------+----------+---------+
| lastname | job      | edlevel |
+----------+----------+---------+
| Kwan     | Manager  |      20 |
| Lucchesi | Salesrep |      19 |
| Haas     | Pres     |      18 |
| Thompson | Manager  |      18 |
| Nicholls | Analyst  |      18 |
| Lutz     | Designer |      18 |
+----------+----------+---------+
6 rows in set (0.00 sec)

mysql> DESC Emp;
+-----------+--------------+------+-----+---------+-------+
| Field     | Type         | Null | Key | Default | Extra |
+-----------+--------------+------+-----+---------+-------+
| empno     | char(6)      | NO   | PRI | NULL    |       |
| firstname | varchar(12)  | YES  |     | NULL    |       |
| midinit   | char(1)      | YES  |     | NULL    |       |
| lastname  | varchar(15)  | YES  |     | NULL    |       |
| workdept  | char(3)      | YES  | MUL | NULL    |       |
| phoneno   | char(4)      | YES  |     | NULL    |       |
| hiredate  | date         | YES  |     | NULL    |       |
| job       | char(10)     | YES  |     | NULL    |       |
| edlevel   | int          | YES  |     | NULL    |       |
| gender    | char(1)      | YES  |     | NULL    |       |
| birthdate | date         | YES  |     | NULL    |       |
| salary    | decimal(8,2) | YES  |     | NULL    |       |
| bonus     | decimal(8,2) | YES  |     | NULL    |       |
| comm      | decimal(8,2) | YES  |     | NULL    |       |
+-----------+--------------+------+-----+---------+-------+
14 rows in set (0.01 sec)

mysql> show tables;
+-------------------+
| Tables_in_company |
+-------------------+
| Dept              |
| Emp               |
| Proj              |
| Pworks            |
+-------------------+
4 rows in set (0.00 sec)

mysql> desc Dept;
+----------+-------------+------+-----+---------+-------+
| Field    | Type        | Null | Key | Default | Extra |
+----------+-------------+------+-----+---------+-------+
| deptno   | char(3)     | NO   | PRI | NULL    |       |
| deptname | varchar(36) | NO   |     | NULL    |       |
| mgrno    | char(6)     | YES  |     | NULL    |       |
| admrdept | char(3)     | NO   |     | NULL    |       |
+----------+-------------+------+-----+---------+-------+
4 rows in set (0.00 sec)

mysql> desc *;
ERROR 1064 (42000): You have an error in your SQL syntax; check the manual that corresponds to your MySQL server version for the right syntax to use near '*' at line 1
mysql> desc Proj;
+----------+-------------+------+-----+---------+-------+
| Field    | Type        | Null | Key | Default | Extra |
+----------+-------------+------+-----+---------+-------+
| projno   | char(6)     | NO   | PRI | NULL    |       |
| projname | varchar(24) | NO   |     | NULL    |       |
| deptno   | char(3)     | NO   | MUL | NULL    |       |
| respemp  | char(6)     | NO   | MUL | NULL    |       |
| prstdate | date        | YES  |     | NULL    |       |
| prendate | date        | YES  |     | NULL    |       |
| majproj  | char(6)     | YES  |     | NULL    |       |
+----------+-------------+------+-----+---------+-------+
7 rows in set (0.00 sec)

mysql> SELECT MIN(salary) AS "minSal", MAX(salary) AS "maxSal", count(*)
    -> FROM Emp, 
    -> GROUP BY minSal, maxSal;
ERROR 1064 (42000): You have an error in your SQL syntax; check the manual that corresponds to your MySQL server version for the right syntax to use near 'GROUP BY minSal, maxSal' at line 3
mysql> SELECT MIN(salary) AS "minSal", MAX(salary) AS "maxSal", count(*)
    -> FROM Emp 
    -> GROUP BY minSal, maxSal;
ERROR 1056 (42000): Can't group on 'minSal'
mysql> SELECT MIN(salary) AS "minSal", MAX(salary) AS "maxSal", count(*)
    -> FROM Emp 
    -> GROUP BY MIN(salary), MAX(salary);
ERROR 1056 (42000): Can't group on 'minSal'
mysql> SELECT MIN(salary), MAX(salary), count(*)
    -> FROM Emp 
    -> GROUP BY MIN(salary), MAX(salary);
ERROR 1056 (42000): Can't group on 'MIN(salary)'
mysql> SELECT MIN(salary) AS "minSal", MAX(salary) AS "maxSal", count(*)
    -> FROM Emp 
    -> GROUP BY job;
+-----------+-----------+----------+
| minSal    | maxSal    | count(*) |
+-----------+-----------+----------+
| 312750.00 | 312750.00 |        1 |
| 146150.00 | 161250.00 |        7 |
| 156500.00 | 156500.00 |        1 |
|  57250.00 |  99250.00 |        6 |
|  88420.00 |  93800.00 |        2 |
|  70450.00 |  95280.00 |        8 |
|  75340.00 |  86250.00 |        4 |
|  95370.00 | 123840.00 |        3 |
+-----------+-----------+----------+
8 rows in set (0.00 sec)

mysql> SELECT MIN(salary) AS "minSal", MAX(salary) AS "maxSal", count(*)
    -> FROM Emp 
    -> GROUP BY job;
+-----------+-----------+----------+
| minSal    | maxSal    | count(*) |
+-----------+-----------+----------+
| 312750.00 | 312750.00 |        1 |
| 146150.00 | 161250.00 |        7 |
| 156500.00 | 156500.00 |        1 |
|  57250.00 |  99250.00 |        6 |
|  88420.00 |  93800.00 |        2 |
|  70450.00 |  95280.00 |        8 |
|  75340.00 |  86250.00 |        4 |
|  95370.00 | 123840.00 |        3 |
+-----------+-----------+----------+
8 rows in set (0.00 sec)

mysql> SELECT job, MIN(salary) AS "minSal", MAX(salary) AS "maxSal", count(*)
    -> FROM Emp 
    -> GROUP BY job;
+------------+-----------+-----------+----------+
| job        | minSal    | maxSal    | count(*) |
+------------+-----------+-----------+----------+
| Pres       | 312750.00 | 312750.00 |        1 |
| Manager    | 146150.00 | 161250.00 |        7 |
| Salesrep   | 156500.00 | 156500.00 |        1 |
| Programmer |  57250.00 |  99250.00 |        6 |
| Analyst    |  88420.00 |  93800.00 |        2 |
| Designer   |  70450.00 |  95280.00 |        8 |
| Operator   |  75340.00 |  86250.00 |        4 |
| Fieldrep   |  95370.00 | 123840.00 |        3 |
+------------+-----------+-----------+----------+
8 rows in set (0.01 sec)

mysql> desc Emp;
+-----------+--------------+------+-----+---------+-------+
| Field     | Type         | Null | Key | Default | Extra |
+-----------+--------------+------+-----+---------+-------+
| empno     | char(6)      | NO   | PRI | NULL    |       |
| firstname | varchar(12)  | YES  |     | NULL    |       |
| midinit   | char(1)      | YES  |     | NULL    |       |
| lastname  | varchar(15)  | YES  |     | NULL    |       |
| workdept  | char(3)      | YES  | MUL | NULL    |       |
| phoneno   | char(4)      | YES  |     | NULL    |       |
| hiredate  | date         | YES  |     | NULL    |       |
| job       | char(10)     | YES  |     | NULL    |       |
| edlevel   | int          | YES  |     | NULL    |       |
| gender    | char(1)      | YES  |     | NULL    |       |
| birthdate | date         | YES  |     | NULL    |       |
| salary    | decimal(8,2) | YES  |     | NULL    |       |
| bonus     | decimal(8,2) | YES  |     | NULL    |       |
| comm      | decimal(8,2) | YES  |     | NULL    |       |
+-----------+--------------+------+-----+---------+-------+
14 rows in set (0.01 sec)

mysql> desc Dept;
+----------+-------------+------+-----+---------+-------+
| Field    | Type        | Null | Key | Default | Extra |
+----------+-------------+------+-----+---------+-------+
| deptno   | char(3)     | NO   | PRI | NULL    |       |
| deptname | varchar(36) | NO   |     | NULL    |       |
| mgrno    | char(6)     | YES  |     | NULL    |       |
| admrdept | char(3)     | NO   |     | NULL    |       |
+----------+-------------+------+-----+---------+-------+
4 rows in set (0.00 sec)

mysql> SELECT workdept, AVG(salary) AS "avgSal", count(*)
    -> FROM Emp
    -> HAVING count(*) > 5
    -> GROUP BY job;
ERROR 1064 (42000): You have an error in your SQL syntax; check the manual that corresponds to your MySQL server version for the right syntax to use near 'GROUP BY job' at line 4
mysql> SELECT workdept, AVG(salary) AS "avgSal", count(*)
    -> FROM Emp
    -> HAVING count(*) > 5
    -> GROUP BY workdept;
ERROR 1064 (42000): You have an error in your SQL syntax; check the manual that corresponds to your MySQL server version for the right syntax to use near 'GROUP BY workdept' at line 4
mysql> SELECT workdept, AVG(salary) AS "avgSal", count(*)
    -> FROM Emp
    -> GROUP BY workdept;
+----------+---------------+----------+
| workdept | avgSal        | count(*) |
+----------+---------------+----------+
| A00      | 189500.000000 |        3 |
| B01      | 161250.000000 |        1 |
| C01      | 113490.000000 |        3 |
| D11      |  92822.777778 |        9 |
| D21      |  76820.000000 |        6 |
| E01      | 160175.000000 |        1 |
| E11      |  92998.000000 |        5 |
| E21      | 116327.500000 |        4 |
+----------+---------------+----------+
8 rows in set (0.01 sec)

mysql> SELECT workdept, AVG(salary) AS "avgSal", count(*) AS "EmpCount"
    -> FROM Emp
    -> HAVING EmpCount > 5
    -> GROUP BY workdept;
ERROR 1064 (42000): You have an error in your SQL syntax; check the manual that corresponds to your MySQL server version for the right syntax to use near 'GROUP BY workdept' at line 4
mysql> SELECT workdept, AVG(salary) AS "avgSal", count(*) AS "EmpCount"
    -> FROM Emp
    -> WHERE EmpCount > 5
    -> GROUP BY workdept;
ERROR 1054 (42S22): Unknown column 'EmpCount' in 'where clause'
mysql> SELECT workdept, AVG(salary) AS "avgSal", count(*) AS "EmpCount"
    -> FROM Emp
    -> WHERE count(*) > 5
    -> GROUP BY workdept;
ERROR 1111 (HY000): Invalid use of group function
mysql> SELECT workdept, AVG(salary) AS "avgSal", count(*) AS "EmpCount"
    -> FROM Emp
    -> HAVING count(*) > 5
    -> GROUP BY workdept;
ERROR 1064 (42000): You have an error in your SQL syntax; check the manual that corresponds to your MySQL server version for the right syntax to use near 'GROUP BY workdept' at line 4
mysql> SELECT workdept, AVG(salary) AS "avgSal", count(*) AS "EmpCount"
    -> FROM Emp
    -> HAVING count(*) > 5
    -> GROUP BY workdept;
ERROR 1064 (42000): You have an error in your SQL syntax; check the manual that corresponds to your MySQL server version for the right syntax to use near 'GROUP BY workdept' at line 4
mysql> clear
mysql> ;
ERROR: 
No query specified

mysql> SELECT workdept, AVG(salary) AS "avgSal", count(*)
    -> FROM Emp
    -> GROUP BY workdept
    -> HAVING COUNT(*) > 5;
+----------+--------------+----------+
| workdept | avgSal       | count(*) |
+----------+--------------+----------+
| D11      | 92822.777778 |        9 |
| D21      | 76820.000000 |        6 |
+----------+--------------+----------+
2 rows in set (0.00 sec)

mysql> SELECT workdept, AVG(salary) AS "avgSal", count(*)
    -> FROM Emp
    -> GROUP BY workdept;
+----------+---------------+----------+
| workdept | avgSal        | count(*) |
+----------+---------------+----------+
| A00      | 189500.000000 |        3 |
| B01      | 161250.000000 |        1 |
| C01      | 113490.000000 |        3 |
| D11      |  92822.777778 |        9 |
| D21      |  76820.000000 |        6 |
| E01      | 160175.000000 |        1 |
| E11      |  92998.000000 |        5 |
| E21      | 116327.500000 |        4 |
+----------+---------------+----------+
8 rows in set (0.00 sec)

mysql> SELECT workdept, AVG(salary) AS "avgSal", count(*) AS "NumOfEmps"
    -> FROM Emp
    -> GROUP BY workdept
    -> HAVING COUNT(*) > 5;
+----------+--------------+-----------+
| workdept | avgSal       | NumOfEmps |
+----------+--------------+-----------+
| D11      | 92822.777778 |         9 |
| D21      | 76820.000000 |         6 |
+----------+--------------+-----------+
2 rows in set (0.00 sec)

mysql> 
mysql> desc Proj;
+----------+-------------+------+-----+---------+-------+
| Field    | Type        | Null | Key | Default | Extra |
+----------+-------------+------+-----+---------+-------+
| projno   | char(6)     | NO   | PRI | NULL    |       |
| projname | varchar(24) | NO   |     | NULL    |       |
| deptno   | char(3)     | NO   | MUL | NULL    |       |
| respemp  | char(6)     | NO   | MUL | NULL    |       |
| prstdate | date        | YES  |     | NULL    |       |
| prendate | date        | YES  |     | NULL    |       |
| majproj  | char(6)     | YES  |     | NULL    |       |
+----------+-------------+------+-----+---------+-------+
7 rows in set (0.00 sec)

mysql> desc Emp;
+-----------+--------------+------+-----+---------+-------+
| Field     | Type         | Null | Key | Default | Extra |
+-----------+--------------+------+-----+---------+-------+
| empno     | char(6)      | NO   | PRI | NULL    |       |
| firstname | varchar(12)  | YES  |     | NULL    |       |
| midinit   | char(1)      | YES  |     | NULL    |       |
| lastname  | varchar(15)  | YES  |     | NULL    |       |
| workdept  | char(3)      | YES  | MUL | NULL    |       |
| phoneno   | char(4)      | YES  |     | NULL    |       |
| hiredate  | date         | YES  |     | NULL    |       |
| job       | char(10)     | YES  |     | NULL    |       |
| edlevel   | int          | YES  |     | NULL    |       |
| gender    | char(1)      | YES  |     | NULL    |       |
| birthdate | date         | YES  |     | NULL    |       |
| salary    | decimal(8,2) | YES  |     | NULL    |       |
| bonus     | decimal(8,2) | YES  |     | NULL    |       |
| comm      | decimal(8,2) | YES  |     | NULL    |       |
+-----------+--------------+------+-----+---------+-------+
14 rows in set (0.00 sec)

mysql> select * from Proj;
+--------+----------------------+--------+---------+------------+------------+---------+
| projno | projname             | deptno | respemp | prstdate   | prendate   | majproj |
+--------+----------------------+--------+---------+------------+------------+---------+
| AD3100 | Admin Services       | D01    | 000010  | 2014-01-01 | 2015-02-01 | NULL    |
| AD3110 | General AD Systems   | D21    | 000070  | 2014-01-01 | 2015-02-01 | AD3100  |
| AD3111 | Payroll Programming  | D21    | 000230  | 2014-01-01 | 2015-02-01 | AD3110  |
| AD3112 | Personnel Programmg  | D21    | 000250  | 2014-01-01 | 2015-02-01 | AD3110  |
| AD3113 | Account.Programming  | D21    | 000270  | 2014-01-01 | 2015-02-01 | AD3110  |
| IF1000 | Query Services       | C01    | 000030  | 2014-01-01 | 2015-02-01 | NULL    |
| IF2000 | User Education       | C01    | 000030  | 2014-01-01 | 2015-02-01 | NULL    |
| MA2100 | Weld Line Automation | D01    | 000010  | 2014-01-01 | 2015-02-01 | NULL    |
| MA2110 | W L Programming      | D11    | 000060  | 2014-01-01 | 2015-02-01 | MA2100  |
| MA2111 | W L Program Design   | D11    | 000220  | 2014-01-01 | 2014-12-01 | MA2110  |
| MA2112 | W L Robot Design     | D11    | 000150  | 2014-01-01 | 2014-12-01 | MA2110  |
| MA2113 | W L Prod Cont Progs  | D11    | 000160  | 2014-02-15 | 2014-12-01 | MA2110  |
| OP1000 | Operation Support    | E01    | 000050  | 2014-01-01 | 2015-02-01 | NULL    |
| OP1010 | Operation            | E11    | 000090  | 2014-01-01 | 2015-02-01 | OP1000  |
| OP2000 | GEN Systems Services | E01    | 000050  | 2014-01-01 | 2015-02-01 | OP1000  |
| OP2010 | Systems Support      | E21    | 000100  | 2014-01-01 | 2015-02-01 | OP2000  |
| OP2011 | SCP Systems Support  | E21    | 000320  | 2014-01-01 | 2015-02-01 | OP2010  |
| OP2012 | Applications Support | E21    | 000330  | 2014-01-01 | 2015-02-01 | OP2010  |
| OP2013 | DB/DC Support        | E21    | 000340  | 2014-01-01 | 2015-02-01 | OP2010  |
| PL2100 | Weld Line Planning   | B01    | 000020  | 2014-01-01 | 2014-09-15 | MA2100  |
+--------+----------------------+--------+---------+------------+------------+---------+
20 rows in set (0.00 sec)

mysql> SELECT e.empno, e.lastname, e.salary, 
    -> ROUND(DATEDIFF(day, p.prendate, p.prstdate)* 8) AS "TotalHrs"
    -> FROM Emp AS e
    -> INNER JOIN Proj AS p
    -> ON e.empno = p.respemp;
ERROR 1582 (42000): Incorrect parameter count in the call to native function 'DATEDIFF'
mysql> SELECT e.empno, e.lastname, e.salary, 
    -> ROUND(DATEDIFF(year, p.prendate, p.prstdate)* 8) AS "TotalHrs"
    -> FROM Emp AS e
    -> INNER JOIN Proj AS p
    -> ON e.empno = p.respemp;
ERROR 1582 (42000): Incorrect parameter count in the call to native function 'DATEDIFF'
mysql> SELECT e.empno, e.lastname, e.salary, 
    -> ROUND(DATEDIFF(p.prendate, p.prstdate)* 8) AS "TotalHrs"
    -> FROM Emp AS e
    -> INNER JOIN Proj AS p
    -> ON e.empno = p.respemp;
+--------+-----------+-----------+----------+
| empno  | lastname  | salary    | TotalHrs |
+--------+-----------+-----------+----------+
| 000010 | Haas      | 312750.00 |     3168 |
| 000070 | Pulaski   | 156170.00 |     3168 |
| 000230 | Jefferson |  62180.00 |     3168 |
| 000250 | Smith     |  59180.00 |     3168 |
| 000270 | Perez     |  57380.00 |     3168 |
| 000030 | Kwan      | 158250.00 |     3168 |
| 000030 | Kwan      | 158250.00 |     3168 |
| 000010 | Haas      | 312750.00 |     3168 |
| 000060 | Stern     | 155555.00 |     3168 |
| 000220 | Lutz      |  89840.00 |     2672 |
| 000150 | Adamson   |  95280.00 |     2672 |
| 000160 | Pianka    |  92250.00 |     2312 |
| 000050 | Geyer     | 160175.00 |     3168 |
| 000090 | Henderson | 149750.00 |     3168 |
| 000050 | Geyer     | 160175.00 |     3168 |
| 000100 | Spenser   | 146150.00 |     3168 |
| 000320 | Mehta     |  99950.00 |     3168 |
| 000330 | Lee       |  95370.00 |     3168 |
| 000340 | Gounot    | 123840.00 |     3168 |
| 000020 | Thompson  | 161250.00 |     2056 |
+--------+-----------+-----------+----------+
20 rows in set (0.00 sec)

mysql> SELECT e.empno, e.lastname, e.salary, 
    -> ROUND(DATEDIFF(p.prendate, p.prstdate)/365.25) AS "TotalHrs"
    -> FROM Emp AS e
    -> INNER JOIN Proj AS p
    -> ON e.empno = p.respemp;
+--------+-----------+-----------+----------+
| empno  | lastname  | salary    | TotalHrs |
+--------+-----------+-----------+----------+
| 000010 | Haas      | 312750.00 |        1 |
| 000070 | Pulaski   | 156170.00 |        1 |
| 000230 | Jefferson |  62180.00 |        1 |
| 000250 | Smith     |  59180.00 |        1 |
| 000270 | Perez     |  57380.00 |        1 |
| 000030 | Kwan      | 158250.00 |        1 |
| 000030 | Kwan      | 158250.00 |        1 |
| 000010 | Haas      | 312750.00 |        1 |
| 000060 | Stern     | 155555.00 |        1 |
| 000220 | Lutz      |  89840.00 |        1 |
| 000150 | Adamson   |  95280.00 |        1 |
| 000160 | Pianka    |  92250.00 |        1 |
| 000050 | Geyer     | 160175.00 |        1 |
| 000090 | Henderson | 149750.00 |        1 |
| 000050 | Geyer     | 160175.00 |        1 |
| 000100 | Spenser   | 146150.00 |        1 |
| 000320 | Mehta     |  99950.00 |        1 |
| 000330 | Lee       |  95370.00 |        1 |
| 000340 | Gounot    | 123840.00 |        1 |
| 000020 | Thompson  | 161250.00 |        1 |
+--------+-----------+-----------+----------+
20 rows in set (0.00 sec)

mysql> SELECT e.empno, e.lastname, e.salary, 
    -> ROUND(DATEDIFF(p.prendate, p.prstdate)* 8) AS "TotalHrs"
    -> FROM Emp AS e
    -> INNER JOIN Proj AS p
    -> ON e.empno = p.respemp;
+--------+-----------+-----------+----------+
| empno  | lastname  | salary    | TotalHrs |
+--------+-----------+-----------+----------+
| 000010 | Haas      | 312750.00 |     3168 |
| 000070 | Pulaski   | 156170.00 |     3168 |
| 000230 | Jefferson |  62180.00 |     3168 |
| 000250 | Smith     |  59180.00 |     3168 |
| 000270 | Perez     |  57380.00 |     3168 |
| 000030 | Kwan      | 158250.00 |     3168 |
| 000030 | Kwan      | 158250.00 |     3168 |
| 000010 | Haas      | 312750.00 |     3168 |
| 000060 | Stern     | 155555.00 |     3168 |
| 000220 | Lutz      |  89840.00 |     2672 |
| 000150 | Adamson   |  95280.00 |     2672 |
| 000160 | Pianka    |  92250.00 |     2312 |
| 000050 | Geyer     | 160175.00 |     3168 |
| 000090 | Henderson | 149750.00 |     3168 |
| 000050 | Geyer     | 160175.00 |     3168 |
| 000100 | Spenser   | 146150.00 |     3168 |
| 000320 | Mehta     |  99950.00 |     3168 |
| 000330 | Lee       |  95370.00 |     3168 |
| 000340 | Gounot    | 123840.00 |     3168 |
| 000020 | Thompson  | 161250.00 |     2056 |
+--------+-----------+-----------+----------+
20 rows in set (0.00 sec)

mysql> SELECT e.empno, e.lastname, e.salary, 
    -> ROUND(DATEDIFF(p.prendate, p.prstdate)) AS "TotalHrs"
    -> FROM Emp AS e
    -> INNER JOIN Proj AS p
    -> ON e.empno = p.respemp;
+--------+-----------+-----------+----------+
| empno  | lastname  | salary    | TotalHrs |
+--------+-----------+-----------+----------+
| 000010 | Haas      | 312750.00 |      396 |
| 000070 | Pulaski   | 156170.00 |      396 |
| 000230 | Jefferson |  62180.00 |      396 |
| 000250 | Smith     |  59180.00 |      396 |
| 000270 | Perez     |  57380.00 |      396 |
| 000030 | Kwan      | 158250.00 |      396 |
| 000030 | Kwan      | 158250.00 |      396 |
| 000010 | Haas      | 312750.00 |      396 |
| 000060 | Stern     | 155555.00 |      396 |
| 000220 | Lutz      |  89840.00 |      334 |
| 000150 | Adamson   |  95280.00 |      334 |
| 000160 | Pianka    |  92250.00 |      289 |
| 000050 | Geyer     | 160175.00 |      396 |
| 000090 | Henderson | 149750.00 |      396 |
| 000050 | Geyer     | 160175.00 |      396 |
| 000100 | Spenser   | 146150.00 |      396 |
| 000320 | Mehta     |  99950.00 |      396 |
| 000330 | Lee       |  95370.00 |      396 |
| 000340 | Gounot    | 123840.00 |      396 |
| 000020 | Thompson  | 161250.00 |      257 |
+--------+-----------+-----------+----------+
20 rows in set (0.00 sec)

mysql> SELECT e.empno, e.lastname, e.salary, 
    -> ROUND(DATEDIFF(p.prendate, p.prstdate)) AS "TotalHrs", count(*)
    -> FROM Emp AS e
    -> INNER JOIN Proj AS p
    -> ON e.empno = p.respemp
    -> GROUP BY p.projno;
+--------+-----------+-----------+----------+----------+
| empno  | lastname  | salary    | TotalHrs | count(*) |
+--------+-----------+-----------+----------+----------+
| 000010 | Haas      | 312750.00 |      396 |        1 |
| 000070 | Pulaski   | 156170.00 |      396 |        1 |
| 000230 | Jefferson |  62180.00 |      396 |        1 |
| 000250 | Smith     |  59180.00 |      396 |        1 |
| 000270 | Perez     |  57380.00 |      396 |        1 |
| 000030 | Kwan      | 158250.00 |      396 |        1 |
| 000030 | Kwan      | 158250.00 |      396 |        1 |
| 000010 | Haas      | 312750.00 |      396 |        1 |
| 000060 | Stern     | 155555.00 |      396 |        1 |
| 000220 | Lutz      |  89840.00 |      334 |        1 |
| 000150 | Adamson   |  95280.00 |      334 |        1 |
| 000160 | Pianka    |  92250.00 |      289 |        1 |
| 000050 | Geyer     | 160175.00 |      396 |        1 |
| 000090 | Henderson | 149750.00 |      396 |        1 |
| 000050 | Geyer     | 160175.00 |      396 |        1 |
| 000100 | Spenser   | 146150.00 |      396 |        1 |
| 000320 | Mehta     |  99950.00 |      396 |        1 |
| 000330 | Lee       |  95370.00 |      396 |        1 |
| 000340 | Gounot    | 123840.00 |      396 |        1 |
| 000020 | Thompson  | 161250.00 |      257 |        1 |
+--------+-----------+-----------+----------+----------+
20 rows in set (0.00 sec)

mysql> 